
lpa-xrd version: 0.9.5

STEP 01
number of random points for the Monte Carlo method: 200000
number of values taken by the Fourier variable: 50
input data file: /export/home/becht/xrd-test/input/10_rho5e13m-2_square_3200nm_RDD_d5e-5nm-2_screw_S0_PBC1/02.dat
lpa-input version: 1.2.4
density: 5.00e+13 m^-2
direction of 'l' (line vector): 1 1 0 [uvw]
direction of 'L' (Fourier variable): -1 1 0 [uvw]
Burgers vector direction: 1 1 0 [uvw]
normalized line vector: 0.707107 0.707107 0.000000
diffraction vector direction: 2 0 0 (hkl)
normalized diffraction vector: 1.000000 0.000000 0.000000
contrast coefficient: 0.250000
cell parameter: 0.404940 nm
Burgers vector: 0.202470 0.202470 0.000000 nm
Burgers vector screw part norm: 0.286336 nm
Burgers vector screw part: 0.202470 0.202470 0.000000 nm
Burgers vector edge part: 0.000000 0.000000 0.000000 nm
Burgers vector edge part norm: 0.000000 nm
screw dislocations detected
normalized Fourier variable direction: -0.707107 0.707107 0.000000
cross product of l_uni and L_uni: 0.000000 -0.000000 1.000000
|-0.707107  0.707107  0.000000|
| 0.000000 -0.000000  1.000000|
| 0.707107  0.707107  0.000000|
diffraction vector in slip frame: -3.492403 0.000000 3.492403 nm^-1
characteristic size of the region of interest: 3200.000000 nm
square region of interest detected
number of replications: 1
Fourier variable step size: 11.800000 nm
Fourier variable step vector: -8.343860 0.000000 8.343860 nm
Fourier variable step vector projection: -8.343860 0.000000 nm
Poisson's number: 0.345000
number of dislocations in the input file: 512
memory space for positions: 16384 Bytes
memory space for Burgers vectors: 2048 Bytes
total number of dislocations: 4608
memory space for positions and Burgers vectors: 18432 Bytes

STEP 02

STEP 03
memory space for random points positions: 1600000 Bytes

STEP 04
platforms IDs = 1
kernel code size = 7236 Bytes
hardware: 1
 
 Device is  Tesla P100-PCIE-16GB  GPU from  NVIDIA Corporation  with a max of 56 compute units 
work group, work item information
 max loc dim  1024  1024  64 
 Max work group size = 1024
 
 DEVICE_MAX_CONSTANT_ARGS is :  9
 CL_DEVICE_LOCAL_MEM_SIZE: 49152
OpenCL code successfully compiled

STEP 05
allocation host h_r1: 3200000 Bytes
allocation host h_u1: 6400000 Bytes
create input and output device buffers for Kernel 1
kernel 1 globalSize: 200000
kernel 1 localSize: 200
shared_size_kernel1: 6400 Bytes
kernel 1 arguments definition done
recommended workgroup size: 1024

STEP 06

STEP 07
kernel 1 execution time: 116.948 ms

STEP 08
output file: /export/home/becht/xrd-test/10_rho5e13m-2_square_3200nm_RDD_d5e-5nm-2_screw_S0_PBC1_output/02.dat
loop over Fourier coefficients
time-reduction: 1.906000e-03 s
1/Np = 0.000005
c1AL= 0.966106 err_C1= 0.000233
s1AL= 0.024707 err_S1= 0.000525
c2AL= 0.888370 err_C2= 0.000463
s2AL= 0.046151 err_S2= 0.000910
c3AL= 0.783222 err_C3= 0.000713
s3AL= 0.064315 err_S3= 0.001185
c4AL= 0.664258 err_C4= 0.000949
s4AL= 0.078706 err_S4= 0.001365
c5AL= 0.544117 err_C5= 0.001147
s5AL= 0.089225 err_S5= 0.001471
time-reduction: 1.909000e-03 s
1/Np = 0.000005
c1AL= 0.884525 err_C1= 0.000491
s1AL= 0.046455 err_S1= 0.000914
c2AL= 0.661374 err_C2= 0.000957
s2AL= 0.078417 err_S2= 0.001366
c3AL= 0.427990 err_C3= 0.001308
s3AL= 0.094349 err_S3= 0.001526
c4AL= 0.241326 err_C4= 0.001493
s4AL= 0.094316 err_S4= 0.001560
c5AL= 0.118082 err_C5= 0.001562
s5AL= 0.083274 err_S5= 0.001567
time-reduction: 1.906000e-03 s
1/Np = 0.000005
c1AL= 0.774202 err_C1= 0.000750
s1AL= 0.064292 err_S1= 0.001191
c2AL= 0.424078 err_C2= 0.001314
s2AL= 0.093664 err_S2= 0.001527
c3AL= 0.169760 err_C3= 0.001540
s3AL= 0.089314 err_S3= 0.001564
c4AL= 0.050106 err_C4= 0.001576
s4AL= 0.062768 err_S4= 0.001576
c5AL= 0.012047 err_C5= 0.001576
s5AL= 0.028027 err_S5= 0.001585
time-reduction: 1.906000e-03 s
1/Np = 0.000005
c1AL= 0.649963 err_C1= 0.000988
s1AL= 0.078009 err_S1= 0.001372
c2AL= 0.235385 err_C2= 0.001498
s2AL= 0.092840 err_S2= 0.001561
c3AL= 0.049890 err_C3= 0.001576
s3AL= 0.062069 err_S3= 0.001576
c4AL= 0.008187 err_C4= 0.001577
s4AL= 0.015661 err_S4= 0.001584
c5AL= 0.004927 err_C5= 0.001587
s5AL=-0.018296 err_S5= 0.001575
time-reduction: 1.920000e-03 s
1/Np = 0.000005
c1AL= 0.524863 err_C1= 0.001187
s1AL= 0.087340 err_S1= 0.001475
c2AL= 0.114330 err_C2= 0.001563
s2AL= 0.080000 err_S2= 0.001568
c3AL= 0.011700 err_C3= 0.001575
s3AL= 0.026829 err_S3= 0.001586
c4AL= 0.003784 err_C4= 0.001588
s4AL=-0.019246 err_S4= 0.001574
c5AL=-0.004309 err_C5= 0.001583
s5AL=-0.016756 err_S5= 0.001579
time-reduction: 1.916000e-03 s
1/Np = 0.000005
c1AL= 0.408139 err_C1= 0.001336
s1AL= 0.092293 err_S1= 0.001529
c2AL= 0.047249 err_C2= 0.001576
s2AL= 0.061018 err_S2= 0.001577
c3AL= 0.003969 err_C3= 0.001585
s3AL=-0.004758 err_S3= 0.001577
c4AL=-0.001973 err_C4= 0.001586
s4AL=-0.020350 err_S4= 0.001575
c5AL=-0.009126 err_C5= 0.001581
s5AL=-0.004460 err_S5= 0.001581
time-reduction: 1.893000e-03 s
1/Np = 0.000005
c1AL= 0.306160 err_C1= 0.001440
s1AL= 0.093306 err_S1= 0.001554
c2AL= 0.016599 err_C2= 0.001573
s2AL= 0.038470 err_S2= 0.001586
c3AL= 0.002990 err_C3= 0.001589
s3AL=-0.023160 err_S3= 0.001572
c4AL=-0.009113 err_C4= 0.001578
s4AL=-0.006487 err_S4= 0.001584
c5AL= 0.002020 err_C5= 0.001585
s5AL=-0.009314 err_S5= 0.001577
time-reduction: 1.906000e-03 s
1/Np = 0.000005
c1AL= 0.221044 err_C1= 0.001506
s1AL= 0.090556 err_S1= 0.001564
c2AL= 0.004753 err_C2= 0.001577
s2AL= 0.014405 err_S2= 0.001585
c3AL=-0.002517 err_C3= 0.001586
s3AL=-0.020608 err_S3= 0.001575
c4AL=-0.004703 err_C4= 0.001584
s4AL=-0.004491 err_S4= 0.001578
c5AL= 0.009711 err_C5= 0.001585
s5AL=-0.005491 err_S5= 0.001577
time-reduction: 1.916000e-03 s
1/Np = 0.000005
c1AL= 0.153672 err_C1= 0.001545
s1AL= 0.085438 err_S1= 0.001568
c2AL= 0.002016 err_C2= 0.001587
s2AL=-0.007546 err_S2= 0.001575
c3AL=-0.009570 err_C3= 0.001579
s3AL=-0.005895 err_S3= 0.001584
c4AL= 0.007284 err_C4= 0.001587
s4AL=-0.007840 err_S4= 0.001575
c5AL= 0.011032 err_C5= 0.001583
s5AL=-0.002230 err_S5= 0.001579
time-reduction: 1.904000e-03 s
1/Np = 0.000005
c1AL= 0.103133 err_C1= 0.001565
s1AL= 0.077093 err_S1= 0.001570
c2AL= 0.001574 err_C2= 0.001588
s2AL=-0.021735 err_S2= 0.001573
c3AL=-0.009131 err_C3= 0.001580
s3AL=-0.000476 err_S3= 0.001582
c4AL= 0.009086 err_C4= 0.001587
s4AL=-0.004201 err_S4= 0.001575
c5AL= 0.006306 err_C5= 0.001583
s5AL=-0.005715 err_S5= 0.001580
time-reduction: 1.898000e-03 s
1/Np = 0.000005
c1AL= 0.066470 err_C1= 0.001574
s1AL= 0.066864 err_S1= 0.001575
c2AL=-0.000761 err_C2= 0.001587
s2AL=-0.025848 err_S2= 0.001574
c3AL=-0.001305 err_C3= 0.001587
s3AL=-0.005413 err_S3= 0.001575
c4AL= 0.007182 err_C4= 0.001587
s4AL=-0.001147 err_S4= 0.001575
c5AL=-0.002219 err_C5= 0.001582
s5AL=-0.009946 err_S5= 0.001580
time-reduction: 1.921000e-03 s
1/Np = 0.000005
c1AL= 0.040577 err_C1= 0.001574
s1AL= 0.055207 err_S1= 0.001581
c2AL=-0.005536 err_C2= 0.001588
s2AL=-0.022539 err_S2= 0.001574
c3AL= 0.004077 err_C3= 0.001588
s3AL=-0.008204 err_S3= 0.001574
c4AL= 0.008212 err_C4= 0.001587
s4AL=-0.003117 err_S4= 0.001575
c5AL= 0.000179 err_C5= 0.001579
s5AL=-0.004739 err_S5= 0.001583
time-reduction: 1.929000e-03 s
1/Np = 0.000005
c1AL= 0.022309 err_C1= 0.001571
s1AL= 0.042613 err_S1= 0.001587
c2AL=-0.011259 err_C2= 0.001584
s2AL=-0.014074 err_S2= 0.001578
c3AL= 0.003548 err_C3= 0.001584
s3AL=-0.005989 err_S3= 0.001579
c4AL= 0.003428 err_C4= 0.001584
s4AL=-0.011685 err_S4= 0.001579
c5AL= 0.007627 err_C5= 0.001579
s5AL= 0.001012 err_S5= 0.001583
time-reduction: 1.902000e-03 s
1/Np = 0.000005
c1AL= 0.009379 err_C1= 0.001569
s1AL= 0.029664 err_S1= 0.001591
c2AL=-0.014806 err_C2= 0.001582
s2AL=-0.005748 err_S2= 0.001580
c3AL= 0.004895 err_C3= 0.001584
s3AL=-0.005312 err_S3= 0.001578
c4AL= 0.001274 err_C4= 0.001581
s4AL=-0.015501 err_S4= 0.001581
c5AL= 0.010165 err_C5= 0.001581
s5AL=-0.000152 err_S5= 0.001581
time-reduction: 1.912000e-03 s
1/Np = 0.000005
c1AL= 0.000911 err_C1= 0.001569
s1AL= 0.016699 err_S1= 0.001593
c2AL=-0.015110 err_C2= 0.001587
s2AL=-0.002436 err_S2= 0.001575
c3AL= 0.008480 err_C3= 0.001582
s3AL=-0.005319 err_S3= 0.001580
c4AL= 0.007685 err_C4= 0.001578
s4AL=-0.005836 err_S4= 0.001584
c5AL= 0.004606 err_C5= 0.001581
s5AL=-0.003128 err_S5= 0.001581
time-reduction: 1.893000e-03 s
1/Np = 0.000005
c1AL=-0.004255 err_C1= 0.001571
s1AL= 0.003834 err_S1= 0.001591
c2AL=-0.012812 err_C2= 0.001590
s2AL=-0.004040 err_S2= 0.001572
c3AL= 0.009147 err_C3= 0.001579
s3AL=-0.005434 err_S3= 0.001583
c4AL= 0.011612 err_C4= 0.001575
s4AL= 0.005574 err_S4= 0.001587
c5AL=-0.000104 err_C5= 0.001580
s5AL= 0.002139 err_S5= 0.001583
time-reduction: 1.902000e-03 s
1/Np = 0.000005
c1AL=-0.007668 err_C1= 0.001574
s1AL=-0.008128 err_S1= 0.001588
c2AL=-0.008705 err_C2= 0.001587
s2AL=-0.008045 err_S2= 0.001575
c3AL= 0.006211 err_C3= 0.001579
s3AL=-0.009287 err_S3= 0.001583
c4AL= 0.007443 err_C4= 0.001576
s4AL= 0.007180 err_S4= 0.001587
c5AL= 0.002164 err_C5= 0.001581
s5AL= 0.006129 err_S5= 0.001582
time-reduction: 1.901000e-03 s
1/Np = 0.000005
c1AL=-0.009307 err_C1= 0.001579
s1AL=-0.018757 err_S1= 0.001583
c2AL=-0.003102 err_C2= 0.001582
s2AL=-0.013054 err_S2= 0.001580
c3AL= 0.000057 err_C3= 0.001585
s3AL=-0.012484 err_S3= 0.001577
c4AL= 0.000741 err_C4= 0.001576
s4AL= 0.004895 err_S4= 0.001586
c5AL= 0.003531 err_C5= 0.001581
s5AL= 0.002293 err_S5= 0.001581
time-reduction: 1.905000e-03 s
1/Np = 0.000005
c1AL=-0.009909 err_C1= 0.001585
s1AL=-0.027325 err_S1= 0.001576
c2AL= 0.005161 err_C2= 0.001580
s2AL=-0.016582 err_S2= 0.001582
c3AL= 0.000258 err_C3= 0.001582
s3AL=-0.011062 err_S3= 0.001580
c4AL=-0.001447 err_C4= 0.001583
s4AL= 0.004507 err_S4= 0.001579
c5AL= 0.001604 err_C5= 0.001578
s5AL=-0.000984 err_S5= 0.001585
time-reduction: 1.901000e-03 s
1/Np = 0.000005
c1AL=-0.009505 err_C1= 0.001592
s1AL=-0.032815 err_S1= 0.001568
c2AL= 0.014207 err_C2= 0.001578
s2AL=-0.018572 err_S2= 0.001584
c3AL= 0.008288 err_C3= 0.001578
s3AL=-0.007509 err_S3= 0.001584
c4AL=-0.003724 err_C4= 0.001586
s4AL= 0.002784 err_S4= 0.001577
c5AL=-0.001116 err_C5= 0.001578
s5AL=-0.003647 err_S5= 0.001584
time-reduction: 1.930000e-03 s
1/Np = 0.000005
c1AL=-0.008720 err_C1= 0.001597
s1AL=-0.035387 err_S1= 0.001563
c2AL= 0.020778 err_C2= 0.001577
s2AL=-0.018463 err_S2= 0.001584
c3AL= 0.015252 err_C3= 0.001579
s3AL=-0.005840 err_S3= 0.001583
c4AL=-0.004697 err_C4= 0.001579
s4AL= 0.001086 err_S4= 0.001583
c5AL= 0.003482 err_C5= 0.001579
s5AL= 0.000027 err_S5= 0.001583
time-reduction: 1.900000e-03 s
1/Np = 0.000005
c1AL=-0.007958 err_C1= 0.001600
s1AL=-0.034225 err_S1= 0.001560
c2AL= 0.024119 err_C2= 0.001578
s2AL=-0.016285 err_S2= 0.001583
c3AL= 0.015557 err_C3= 0.001577
s3AL=-0.005945 err_S3= 0.001585
c4AL=-0.003066 err_C4= 0.001583
s4AL=-0.002639 err_S4= 0.001579
c5AL= 0.007137 err_C5= 0.001579
s5AL= 0.000095 err_S5= 0.001583
time-reduction: 1.901000e-03 s
1/Np = 0.000005
c1AL=-0.007726 err_C1= 0.001600
s1AL=-0.030410 err_S1= 0.001560
c2AL= 0.024358 err_C2= 0.001582
s2AL=-0.012669 err_S2= 0.001579
c3AL= 0.012901 err_C3= 0.001578
s3AL=-0.004341 err_S3= 0.001584
c4AL= 0.002111 err_C4= 0.001585
s4AL=-0.005862 err_S4= 0.001578
c5AL= 0.004376 err_C5= 0.001580
s5AL=-0.003663 err_S5= 0.001583
time-reduction: 1.914000e-03 s
1/Np = 0.000005
c1AL=-0.007357 err_C1= 0.001597
s1AL=-0.025128 err_S1= 0.001564
c2AL= 0.020564 err_C2= 0.001587
s2AL=-0.006965 err_S2= 0.001575
c3AL= 0.008849 err_C3= 0.001580
s3AL= 0.000563 err_S3= 0.001583
c4AL= 0.007746 err_C4= 0.001582
s4AL=-0.007230 err_S4= 0.001580
c5AL= 0.005838 err_C5= 0.001584
s5AL= 0.000600 err_S5= 0.001578
time-reduction: 1.909000e-03 s
1/Np = 0.000005
c1AL=-0.006796 err_C1= 0.001594
s1AL=-0.018374 err_S1= 0.001567
c2AL= 0.016503 err_C2= 0.001587
s2AL=-0.000093 err_S2= 0.001574
c3AL= 0.002911 err_C3= 0.001583
s3AL= 0.005142 err_S3= 0.001580
c4AL= 0.008518 err_C4= 0.001586
s4AL=-0.005720 err_S4= 0.001576
c5AL= 0.001671 err_C5= 0.001585
s5AL= 0.010443 err_S5= 0.001578
time-reduction: 1.925000e-03 s
1/Np = 0.000005
c1AL=-0.006876 err_C1= 0.001591
s1AL=-0.012370 err_S1= 0.001571
c2AL= 0.012907 err_C2= 0.001589
s2AL= 0.004403 err_S2= 0.001573
c3AL= 0.000827 err_C3= 0.001582
s3AL= 0.004905 err_S3= 0.001580
c4AL= 0.009807 err_C4= 0.001580
s4AL=-0.000704 err_S4= 0.001582
c5AL= 0.001894 err_C5= 0.001583
s5AL= 0.009969 err_S5= 0.001579
time-reduction: 1.912000e-03 s
1/Np = 0.000005
c1AL=-0.007317 err_C1= 0.001588
s1AL=-0.007512 err_S1= 0.001574
c2AL= 0.009383 err_C2= 0.001587
s2AL= 0.007182 err_S2= 0.001575
c3AL= 0.001264 err_C3= 0.001579
s3AL= 0.002504 err_S3= 0.001583
c4AL= 0.007367 err_C4= 0.001578
s4AL= 0.004655 err_S4= 0.001584
c5AL=-0.002170 err_C5= 0.001585
s5AL=-0.002330 err_S5= 0.001577
time-reduction: 1.917000e-03 s
1/Np = 0.000005
c1AL=-0.008090 err_C1= 0.001586
s1AL=-0.003997 err_S1= 0.001576
c2AL= 0.006604 err_C2= 0.001580
s2AL= 0.008929 err_S2= 0.001582
c3AL= 0.001193 err_C3= 0.001579
s3AL= 0.000636 err_S3= 0.001583
c4AL=-0.000855 err_C4= 0.001582
s4AL= 0.003308 err_S4= 0.001580
c5AL=-0.001017 err_C5= 0.001579
s5AL=-0.005736 err_S5= 0.001583
time-reduction: 1.926000e-03 s
1/Np = 0.000005
c1AL=-0.008844 err_C1= 0.001586
s1AL=-0.001670 err_S1= 0.001577
c2AL= 0.005818 err_C2= 0.001574
s2AL= 0.009797 err_S2= 0.001588
c3AL=-0.000643 err_C3= 0.001582
s3AL=-0.003279 err_S3= 0.001580
c4AL=-0.008695 err_C4= 0.001577
s4AL=-0.000100 err_S4= 0.001585
c5AL= 0.004153 err_C5= 0.001582
s5AL=-0.001167 err_S5= 0.001580
time-reduction: 1.900000e-03 s
1/Np = 0.000005
c1AL=-0.009799 err_C1= 0.001587
s1AL=-0.001189 err_S1= 0.001575
c2AL= 0.008209 err_C2= 0.001572
s2AL= 0.007782 err_S2= 0.001590
c3AL=-0.004515 err_C3= 0.001578
s3AL=-0.008250 err_S3= 0.001584
c4AL=-0.011222 err_C4= 0.001582
s4AL=-0.001268 err_S4= 0.001580
c5AL= 0.006967 err_C5= 0.001580
s5AL= 0.001473 err_S5= 0.001582
time-reduction: 1.922000e-03 s
1/Np = 0.000005
c1AL=-0.011073 err_C1= 0.001591
s1AL=-0.002425 err_S1= 0.001571
c2AL= 0.012362 err_C2= 0.001575
s2AL= 0.005147 err_S2= 0.001587
c3AL=-0.008933 err_C3= 0.001575
s3AL=-0.011921 err_S3= 0.001587
c4AL=-0.006881 err_C4= 0.001581
s4AL=-0.002986 err_S4= 0.001581
c5AL= 0.005700 err_C5= 0.001582
s5AL= 0.003666 err_S5= 0.001580
time-reduction: 1.901000e-03 s
1/Np = 0.000005
c1AL=-0.012512 err_C1= 0.001596
s1AL=-0.004705 err_S1= 0.001565
c2AL= 0.019777 err_C2= 0.001578
s2AL= 0.001299 err_S2= 0.001583
c3AL=-0.007315 err_C3= 0.001577
s3AL=-0.013734 err_S3= 0.001585
c4AL=-0.002747 err_C4= 0.001578
s4AL=-0.004560 err_S4= 0.001584
c5AL= 0.000069 err_C5= 0.001581
s5AL= 0.002928 err_S5= 0.001582
time-reduction: 1.912000e-03 s
1/Np = 0.000005
c1AL=-0.014926 err_C1= 0.001604
s1AL=-0.008137 err_S1= 0.001558
c2AL= 0.029004 err_C2= 0.001580
s2AL=-0.002878 err_S2= 0.001581
c3AL=-0.000986 err_C3= 0.001581
s3AL=-0.014297 err_S3= 0.001581
c4AL=-0.000253 err_C4= 0.001582
s4AL=-0.003279 err_S4= 0.001580
c5AL=-0.005148 err_C5= 0.001580
s5AL= 0.002397 err_S5= 0.001582
time-reduction: 1.904000e-03 s
1/Np = 0.000005
c1AL=-0.018031 err_C1= 0.001608
s1AL=-0.012043 err_S1= 0.001553
c2AL= 0.034472 err_C2= 0.001580
s2AL=-0.005774 err_S2= 0.001581
c3AL= 0.004976 err_C3= 0.001582
s3AL=-0.011646 err_S3= 0.001580
c4AL= 0.000325 err_C4= 0.001584
s4AL=-0.004545 err_S4= 0.001578
c5AL=-0.007412 err_C5= 0.001581
s5AL=-0.001574 err_S5= 0.001581
time-reduction: 1.899000e-03 s
1/Np = 0.000005
c1AL=-0.021767 err_C1= 0.001608
s1AL=-0.016822 err_S1= 0.001553
c2AL= 0.034988 err_C2= 0.001581
s2AL=-0.006098 err_S2= 0.001580
c3AL= 0.008135 err_C3= 0.001585
s3AL=-0.007549 err_S3= 0.001577
c4AL= 0.001776 err_C4= 0.001585
s4AL=-0.002737 err_S4= 0.001577
c5AL=-0.005310 err_C5= 0.001580
s5AL=-0.003659 err_S5= 0.001583
time-reduction: 1.903000e-03 s
1/Np = 0.000005
c1AL=-0.025752 err_C1= 0.001604
s1AL=-0.022039 err_S1= 0.001556
c2AL= 0.030170 err_C2= 0.001580
s2AL=-0.003978 err_S2= 0.001580
c3AL= 0.007975 err_C3= 0.001583
s3AL=-0.004178 err_S3= 0.001580
c4AL= 0.000854 err_C4= 0.001583
s4AL=-0.002203 err_S4= 0.001580
c5AL=-0.001317 err_C5= 0.001580
s5AL=-0.002625 err_S5= 0.001582
time-reduction: 1.929000e-03 s
1/Np = 0.000005
c1AL=-0.030131 err_C1= 0.001597
s1AL=-0.027498 err_S1= 0.001562
c2AL= 0.022169 err_C2= 0.001581
s2AL=-0.001487 err_S2= 0.001581
c3AL= 0.003922 err_C3= 0.001579
s3AL=-0.002028 err_S3= 0.001584
c4AL= 0.000366 err_C4= 0.001579
s4AL=-0.005487 err_S4= 0.001583
c5AL= 0.000526 err_C5= 0.001581
s5AL= 0.002954 err_S5= 0.001581
time-reduction: 1.917000e-03 s
1/Np = 0.000005
c1AL=-0.034352 err_C1= 0.001589
s1AL=-0.032350 err_S1= 0.001569
c2AL= 0.012841 err_C2= 0.001582
s2AL= 0.000034 err_S2= 0.001580
c3AL=-0.001723 err_C3= 0.001578
s3AL=-0.000396 err_S3= 0.001584
c4AL= 0.001859 err_C4= 0.001580
s4AL=-0.008986 err_S4= 0.001582
c5AL=-0.000401 err_C5= 0.001583
s5AL= 0.003122 err_S5= 0.001579
time-reduction: 1.904000e-03 s
1/Np = 0.000005
c1AL=-0.038063 err_C1= 0.001582
s1AL=-0.037535 err_S1= 0.001576
c2AL= 0.004127 err_C2= 0.001586
s2AL= 0.000673 err_S2= 0.001576
c3AL=-0.006091 err_C3= 0.001580
s3AL=-0.000087 err_S3= 0.001582
c4AL= 0.006487 err_C4= 0.001580
s4AL=-0.012561 err_S4= 0.001581
c5AL=-0.003724 err_C5= 0.001584
s5AL=-0.002187 err_S5= 0.001579
time-reduction: 1.901000e-03 s
1/Np = 0.000005
c1AL=-0.040359 err_C1= 0.001576
s1AL=-0.042099 err_S1= 0.001580
c2AL=-0.002723 err_C2= 0.001587
s2AL= 0.000943 err_S2= 0.001575
c3AL=-0.006854 err_C3= 0.001579
s3AL= 0.001235 err_S3= 0.001583
c4AL= 0.007873 err_C4= 0.001583
s4AL=-0.011370 err_S4= 0.001579
c5AL=-0.004563 err_C5= 0.001582
s5AL=-0.002963 err_S5= 0.001580
time-reduction: 1.901000e-03 s
1/Np = 0.000005
c1AL=-0.041469 err_C1= 0.001573
s1AL=-0.045283 err_S1= 0.001584
c2AL=-0.007410 err_C2= 0.001584
s2AL= 0.000915 err_S2= 0.001578
c3AL=-0.004584 err_C3= 0.001581
s3AL= 0.003876 err_S3= 0.001582
c4AL= 0.003515 err_C4= 0.001586
s4AL=-0.008012 err_S4= 0.001576
c5AL=-0.005144 err_C5= 0.001578
s5AL=-0.003999 err_S5= 0.001584
time-reduction: 1.894000e-03 s
1/Np = 0.000005
c1AL=-0.041250 err_C1= 0.001572
s1AL=-0.046715 err_S1= 0.001584
c2AL=-0.008505 err_C2= 0.001582
s2AL= 0.000421 err_S2= 0.001580
c3AL=-0.003948 err_C3= 0.001582
s3AL= 0.004797 err_S3= 0.001581
c4AL= 0.001766 err_C4= 0.001585
s4AL=-0.005041 err_S4= 0.001577
c5AL=-0.006775 err_C5= 0.001582
s5AL=-0.005796 err_S5= 0.001580
time-reduction: 1.898000e-03 s
1/Np = 0.000005
c1AL=-0.039285 err_C1= 0.001572
s1AL=-0.046345 err_S1= 0.001584
c2AL=-0.008359 err_C2= 0.001585
s2AL= 0.000162 err_S2= 0.001577
c3AL=-0.003475 err_C3= 0.001584
s3AL= 0.003997 err_S3= 0.001578
c4AL= 0.005481 err_C4= 0.001584
s4AL=-0.004452 err_S4= 0.001578
c5AL=-0.003271 err_C5= 0.001577
s5AL=-0.005489 err_S5= 0.001585
time-reduction: 1.925000e-03 s
1/Np = 0.000005
c1AL=-0.036242 err_C1= 0.001572
s1AL=-0.044324 err_S1= 0.001585
c2AL=-0.009082 err_C2= 0.001589
s2AL=-0.000258 err_S2= 0.001573
c3AL=-0.002197 err_C3= 0.001584
s3AL= 0.001839 err_S3= 0.001578
c4AL= 0.010747 err_C4= 0.001583
s4AL=-0.002006 err_S4= 0.001579
c5AL= 0.007330 err_C5= 0.001580
s5AL=-0.002265 err_S5= 0.001582
time-reduction: 1.909000e-03 s
1/Np = 0.000005
c1AL=-0.031734 err_C1= 0.001573
s1AL=-0.040659 err_S1= 0.001585
c2AL=-0.008667 err_C2= 0.001589
s2AL=-0.000378 err_S2= 0.001573
c3AL=-0.003073 err_C3= 0.001581
s3AL=-0.000920 err_S3= 0.001581
c4AL= 0.010013 err_C4= 0.001582
s4AL= 0.000147 err_S4= 0.001580
c5AL= 0.009962 err_C5= 0.001583
s5AL=-0.000955 err_S5= 0.001579
time-reduction: 1.912000e-03 s
1/Np = 0.000005
c1AL=-0.026031 err_C1= 0.001574
s1AL=-0.035277 err_S1= 0.001585
c2AL=-0.007334 err_C2= 0.001586
s2AL=-0.000963 err_S2= 0.001576
c3AL=-0.007587 err_C3= 0.001583
s3AL=-0.006424 err_S3= 0.001579
c4AL= 0.006773 err_C4= 0.001582
s4AL= 0.004662 err_S4= 0.001581
c5AL= 0.007139 err_C5= 0.001583
s5AL=-0.000645 err_S5= 0.001579
time-reduction: 1.903000e-03 s
1/Np = 0.000005
c1AL=-0.018720 err_C1= 0.001577
s1AL=-0.029384 err_S1= 0.001583
c2AL=-0.003990 err_C2= 0.001586
s2AL=-0.003082 err_S2= 0.001576
c3AL=-0.012657 err_C3= 0.001582
s3AL=-0.007687 err_S3= 0.001580
c4AL= 0.006555 err_C4= 0.001580
s4AL= 0.007431 err_S4= 0.001582
c5AL= 0.003113 err_C5= 0.001580
s5AL=-0.003596 err_S5= 0.001582
time-reduction: 1.919000e-03 s
1/Np = 0.000005
c1AL=-0.010803 err_C1= 0.001582
s1AL=-0.023467 err_S1= 0.001580
c2AL= 0.000861 err_C2= 0.001585
s2AL=-0.006003 err_S2= 0.001577
c3AL=-0.014282 err_C3= 0.001582
s3AL=-0.007367 err_S3= 0.001580
c4AL= 0.004730 err_C4= 0.001582
s4AL= 0.007635 err_S4= 0.001580
c5AL=-0.000535 err_C5= 0.001581
s5AL=-0.005404 err_S5= 0.001581
time-reduction: 1.904000e-03 s
1/Np = 0.000005
c1AL=-0.002412 err_C1= 0.001586
s1AL=-0.017887 err_S1= 0.001576
c2AL= 0.005646 err_C2= 0.001582
s2AL=-0.006601 err_S2= 0.001580
c3AL=-0.011098 err_C3= 0.001583
s3AL=-0.005224 err_S3= 0.001579
c4AL= 0.001738 err_C4= 0.001582
s4AL= 0.005300 err_S4= 0.001580
c5AL=-0.001743 err_C5= 0.001582
s5AL=-0.002372 err_S5= 0.001580
time-reduction: 1.925000e-03 s
1/Np = 0.000005
c1AL= 0.005240 err_C1= 0.001588
s1AL=-0.013484 err_S1= 0.001573
c2AL= 0.009282 err_C2= 0.001580
s2AL=-0.005213 err_S2= 0.001582
c3AL=-0.006989 err_C3= 0.001580
s3AL=-0.002389 err_S3= 0.001582
c4AL=-0.001312 err_C4= 0.001582
s4AL= 0.004716 err_S4= 0.001580
c5AL=-0.000434 err_C5= 0.001582
s5AL= 0.000602 err_S5= 0.001581

STEP 09

STEP 10
free memory references from device
free memory references from host

STEP 11
operations done by kernel 1: 1.843240e+10
floating point operations per second: 157.611542 GFLOPS
duration: 1.169483e-01 s
operations done by kernel 2: 2.488800e+10
floating point operations per second: 214.133794 GFLOPS
duration: 5.816541 s (cumulated for all Fourier coefficients)
program ended successfully
