
lpa-xrd version: 0.9.5

STEP 01
number of random points for the Monte Carlo method: 200000
number of values taken by the Fourier variable: 50
input data file: /export/home/becht/xrd-test/input/10_rho5e13m-2_square_3200nm_RDD_d5e-5nm-2_screw_S0_PBC1/03.dat
lpa-input version: 1.2.4
density: 5.00e+13 m^-2
direction of 'l' (line vector): 1 1 0 [uvw]
direction of 'L' (Fourier variable): -1 1 0 [uvw]
Burgers vector direction: 1 1 0 [uvw]
normalized line vector: 0.707107 0.707107 0.000000
diffraction vector direction: 2 0 0 (hkl)
normalized diffraction vector: 1.000000 0.000000 0.000000
contrast coefficient: 0.250000
cell parameter: 0.404940 nm
Burgers vector: 0.202470 0.202470 0.000000 nm
Burgers vector screw part norm: 0.286336 nm
Burgers vector screw part: 0.202470 0.202470 0.000000 nm
Burgers vector edge part: 0.000000 0.000000 0.000000 nm
Burgers vector edge part norm: 0.000000 nm
screw dislocations detected
normalized Fourier variable direction: -0.707107 0.707107 0.000000
cross product of l_uni and L_uni: 0.000000 -0.000000 1.000000
|-0.707107  0.707107  0.000000|
| 0.000000 -0.000000  1.000000|
| 0.707107  0.707107  0.000000|
diffraction vector in slip frame: -3.492403 0.000000 3.492403 nm^-1
characteristic size of the region of interest: 3200.000000 nm
square region of interest detected
number of replications: 1
Fourier variable step size: 11.800000 nm
Fourier variable step vector: -8.343860 0.000000 8.343860 nm
Fourier variable step vector projection: -8.343860 0.000000 nm
Poisson's number: 0.345000
number of dislocations in the input file: 512
memory space for positions: 16384 Bytes
memory space for Burgers vectors: 2048 Bytes
total number of dislocations: 4608
memory space for positions and Burgers vectors: 18432 Bytes

STEP 02

STEP 03
memory space for random points positions: 1600000 Bytes

STEP 04
platforms IDs = 1
kernel code size = 7236 Bytes
hardware: 1
 
 Device is  Tesla P100-PCIE-16GB  GPU from  NVIDIA Corporation  with a max of 56 compute units 
work group, work item information
 max loc dim  1024  1024  64 
 Max work group size = 1024
 
 DEVICE_MAX_CONSTANT_ARGS is :  9
 CL_DEVICE_LOCAL_MEM_SIZE: 49152
OpenCL code successfully compiled

STEP 05
allocation host h_r1: 3200000 Bytes
allocation host h_u1: 6400000 Bytes
create input and output device buffers for Kernel 1
kernel 1 globalSize: 200000
kernel 1 localSize: 200
shared_size_kernel1: 6400 Bytes
kernel 1 arguments definition done
recommended workgroup size: 1024

STEP 06

STEP 07
kernel 1 execution time: 117.079 ms

STEP 08
output file: /export/home/becht/xrd-test/10_rho5e13m-2_square_3200nm_RDD_d5e-5nm-2_screw_S0_PBC1_output/03.dat
loop over Fourier coefficients
time-reduction: 1.950000e-03 s
1/Np = 0.000005
c1AL= 0.972498 err_C1= 0.000221
s1AL= 0.023513 err_S1= 0.000469
c2AL= 0.911066 err_C2= 0.000422
s2AL= 0.044809 err_S2= 0.000814
c3AL= 0.827665 err_C3= 0.000632
s3AL= 0.063770 err_S3= 0.001074
c4AL= 0.731247 err_C4= 0.000833
s4AL= 0.078815 err_S4= 0.001265
c5AL= 0.630077 err_C5= 0.001010
s5AL= 0.089408 err_S5= 0.001398
time-reduction: 1.978000e-03 s
1/Np = 0.000005
c1AL= 0.906964 err_C1= 0.000455
s1AL= 0.044774 err_S1= 0.000818
c2AL= 0.728017 err_C2= 0.000845
s2AL= 0.077775 err_S2= 0.001267
c3AL= 0.527171 err_C3= 0.001164
s3AL= 0.095570 err_S3= 0.001487
c4AL= 0.345412 err_C4= 0.001382
s4AL= 0.097376 err_S4= 0.001564
c5AL= 0.200734 err_C5= 0.001514
s5AL= 0.088285 err_S5= 0.001570
time-reduction: 1.951000e-03 s
1/Np = 0.000005
c1AL= 0.817699 err_C1= 0.000682
s1AL= 0.062812 err_S1= 0.001082
c2AL= 0.523578 err_C2= 0.001171
s2AL= 0.094301 err_S2= 0.001488
c3AL= 0.264967 err_C3= 0.001459
s3AL= 0.093137 err_S3= 0.001573
c4AL= 0.096991 err_C4= 0.001583
s4AL= 0.068413 err_S4= 0.001556
c5AL= 0.015323 err_C5= 0.001606
s5AL= 0.032399 err_S5= 0.001553
time-reduction: 1.964000e-03 s
1/Np = 0.000005
c1AL= 0.715240 err_C1= 0.000889
s1AL= 0.076869 err_S1= 0.001274
c2AL= 0.339133 err_C2= 0.001389
s2AL= 0.095338 err_S2= 0.001565
c3AL= 0.094344 err_C3= 0.001584
s3AL= 0.067998 err_S3= 0.001556
c4AL= 0.002268 err_C4= 0.001601
s4AL= 0.021059 err_S4= 0.001560
c5AL=-0.002274 err_C5= 0.001577
s5AL=-0.014612 err_S5= 0.001585
time-reduction: 1.956000e-03 s
1/Np = 0.000005
c1AL= 0.608542 err_C1= 0.001063
s1AL= 0.086940 err_S1= 0.001407
c2AL= 0.192968 err_C2= 0.001520
s2AL= 0.085617 err_S2= 0.001571
c3AL= 0.012788 err_C3= 0.001605
s3AL= 0.032093 err_S3= 0.001555
c4AL=-0.001434 err_C4= 0.001577
s4AL=-0.015360 err_S4= 0.001585
c5AL= 0.026315 err_C5= 0.001584
s5AL=-0.020418 err_S5= 0.001576
time-reduction: 1.947000e-03 s
1/Np = 0.000005
c1AL= 0.503493 err_C1= 0.001208
s1AL= 0.093092 err_S1= 0.001494
c2AL= 0.090439 err_C2= 0.001585
s2AL= 0.066427 err_S2= 0.001557
c3AL=-0.006495 err_C3= 0.001588
s3AL=-0.000886 err_S3= 0.001574
c4AL= 0.021287 err_C4= 0.001581
s4AL=-0.022934 err_S4= 0.001580
c5AL= 0.029985 err_C5= 0.001588
s5AL= 0.001992 err_S5= 0.001573
time-reduction: 1.947000e-03 s
1/Np = 0.000005
c1AL= 0.405482 err_C1= 0.001323
s1AL= 0.095524 err_S1= 0.001543
c2AL= 0.029045 err_C2= 0.001605
s2AL= 0.043044 err_S2= 0.001553
c3AL= 0.004588 err_C3= 0.001578
s3AL=-0.019240 err_S3= 0.001584
c4AL= 0.031965 err_C4= 0.001591
s4AL=-0.007466 err_S4= 0.001569
c5AL= 0.012887 err_C5= 0.001574
s5AL= 0.014853 err_S5= 0.001587
time-reduction: 1.963000e-03 s
1/Np = 0.000005
c1AL= 0.317292 err_C1= 0.001414
s1AL= 0.094868 err_S1= 0.001566
c2AL= 0.000811 err_C2= 0.001600
s2AL= 0.018709 err_S2= 0.001562
c3AL= 0.019553 err_C3= 0.001583
s3AL=-0.020870 err_S3= 0.001578
c4AL= 0.023833 err_C4= 0.001581
s4AL= 0.008058 err_S4= 0.001580
c5AL=-0.000849 err_C5= 0.001582
s5AL= 0.009564 err_S5= 0.001581
time-reduction: 1.950000e-03 s
1/Np = 0.000005
c1AL= 0.240848 err_C1= 0.001483
s1AL= 0.091234 err_S1= 0.001572
c2AL=-0.004577 err_C2= 0.001588
s2AL=-0.001018 err_S2= 0.001575
c3AL= 0.028121 err_C3= 0.001589
s3AL=-0.013020 err_S3= 0.001572
c4AL= 0.008207 err_C4= 0.001577
s4AL= 0.014001 err_S4= 0.001585
c5AL=-0.001581 err_C5= 0.001582
s5AL=-0.004752 err_S5= 0.001580
time-reduction: 1.948000e-03 s
1/Np = 0.000005
c1AL= 0.176777 err_C1= 0.001533
s1AL= 0.085186 err_S1= 0.001568
c2AL= 0.002028 err_C2= 0.001578
s2AL=-0.012902 err_S2= 0.001584
c3AL= 0.026046 err_C3= 0.001586
s3AL=-0.001315 err_S3= 0.001575
c4AL=-0.003984 err_C4= 0.001581
s4AL= 0.008883 err_S4= 0.001581
c5AL= 0.006568 err_C5= 0.001583
s5AL=-0.008353 err_S5= 0.001580
time-reduction: 1.946000e-03 s
1/Np = 0.000005
c1AL= 0.124356 err_C1= 0.001567
s1AL= 0.077073 err_S1= 0.001561
c2AL= 0.012962 err_C2= 0.001577
s2AL=-0.017418 err_S2= 0.001585
c3AL= 0.015274 err_C3= 0.001581
s3AL= 0.008591 err_S3= 0.001581
c4AL=-0.004963 err_C4= 0.001583
s4AL=-0.003231 err_S4= 0.001580
c5AL= 0.009833 err_C5= 0.001580
s5AL= 0.000529 err_S5= 0.001582
time-reduction: 1.959000e-03 s
1/Np = 0.000005
c1AL= 0.082475 err_C1= 0.001588
s1AL= 0.066784 err_S1= 0.001556
c2AL= 0.022168 err_C2= 0.001582
s2AL=-0.017105 err_S2= 0.001579
c3AL= 0.002411 err_C3= 0.001582
s3AL= 0.012855 err_S3= 0.001580
c4AL= 0.002321 err_C4= 0.001583
s4AL=-0.008456 err_S4= 0.001579
c5AL= 0.007184 err_C5= 0.001580
s5AL= 0.006926 err_S5= 0.001582
time-reduction: 1.963000e-03 s
1/Np = 0.000005
c1AL= 0.049829 err_C1= 0.001598
s1AL= 0.054942 err_S1= 0.001555
c2AL= 0.026733 err_C2= 0.001586
s2AL=-0.012496 err_S2= 0.001574
c3AL=-0.004946 err_C3= 0.001584
s3AL= 0.010024 err_S3= 0.001578
c4AL= 0.008076 err_C4= 0.001583
s4AL=-0.005152 err_S4= 0.001579
c5AL=-0.000134 err_C5= 0.001580
s5AL=-0.000268 err_S5= 0.001582
time-reduction: 1.947000e-03 s
1/Np = 0.000005
c1AL= 0.025171 err_C1= 0.001601
s1AL= 0.043041 err_S1= 0.001557
c2AL= 0.025977 err_C2= 0.001587
s2AL=-0.004844 err_S2= 0.001574
c3AL=-0.005299 err_C3= 0.001584
s3AL= 0.003816 err_S3= 0.001578
c4AL= 0.009197 err_C4= 0.001584
s4AL= 0.002796 err_S4= 0.001578
c5AL=-0.000347 err_C5= 0.001583
s5AL=-0.009281 err_S5= 0.001579
time-reduction: 1.960000e-03 s
1/Np = 0.000005
c1AL= 0.007604 err_C1= 0.001598
s1AL= 0.030878 err_S1= 0.001562
c2AL= 0.021842 err_C2= 0.001586
s2AL= 0.003942 err_S2= 0.001575
c3AL=-0.000887 err_C3= 0.001578
s3AL=-0.002166 err_S3= 0.001584
c4AL= 0.007330 err_C4= 0.001582
s4AL= 0.007653 err_S4= 0.001580
c5AL= 0.005190 err_C5= 0.001583
s5AL=-0.013317 err_S5= 0.001579
time-reduction: 1.965000e-03 s
1/Np = 0.000005
c1AL=-0.002263 err_C1= 0.001593
s1AL= 0.019423 err_S1= 0.001568
c2AL= 0.015454 err_C2= 0.001583
s2AL= 0.009961 err_S2= 0.001579
c3AL= 0.005930 err_C3= 0.001579
s3AL=-0.005269 err_S3= 0.001583
c4AL= 0.002803 err_C4= 0.001581
s4AL= 0.002580 err_S4= 0.001581
c5AL= 0.009108 err_C5= 0.001580
s5AL=-0.005944 err_S5= 0.001582
time-reduction: 1.967000e-03 s
1/Np = 0.000005
c1AL=-0.006378 err_C1= 0.001588
s1AL= 0.009233 err_S1= 0.001574
c2AL= 0.008741 err_C2= 0.001583
s2AL= 0.012387 err_S2= 0.001579
c3AL= 0.012020 err_C3= 0.001582
s3AL=-0.003351 err_S3= 0.001580
c4AL= 0.002187 err_C4= 0.001582
s4AL=-0.006498 err_S4= 0.001580
c5AL= 0.000948 err_C5= 0.001584
s5AL= 0.000702 err_S5= 0.001578
time-reduction: 1.948000e-03 s
1/Np = 0.000005
c1AL=-0.005779 err_C1= 0.001583
s1AL= 0.000682 err_S1= 0.001579
c2AL= 0.002252 err_C2= 0.001587
s2AL= 0.010613 err_S2= 0.001575
c3AL= 0.015642 err_C3= 0.001583
s3AL= 0.004314 err_S3= 0.001579
c4AL= 0.007434 err_C4= 0.001580
s4AL=-0.011539 err_S4= 0.001582
c5AL=-0.007107 err_C5= 0.001584
s5AL=-0.003366 err_S5= 0.001578
time-reduction: 1.965000e-03 s
1/Np = 0.000005
c1AL=-0.001953 err_C1= 0.001579
s1AL=-0.005828 err_S1= 0.001583
c2AL=-0.002958 err_C2= 0.001589
s2AL= 0.004590 err_S2= 0.001573
c3AL= 0.018692 err_C3= 0.001583
s3AL= 0.010889 err_S3= 0.001579
c4AL= 0.009932 err_C4= 0.001582
s4AL=-0.010137 err_S4= 0.001580
c5AL=-0.008618 err_C5= 0.001584
s5AL=-0.006919 err_S5= 0.001578
time-reduction: 1.955000e-03 s
1/Np = 0.000005
c1AL= 0.004099 err_C1= 0.001576
s1AL=-0.010185 err_S1= 0.001586
c2AL=-0.006188 err_C2= 0.001589
s2AL=-0.003542 err_S2= 0.001573
c3AL= 0.016434 err_C3= 0.001582
s3AL= 0.011910 err_S3= 0.001580
c4AL= 0.010122 err_C4= 0.001582
s4AL=-0.002451 err_S4= 0.001580
c5AL=-0.007248 err_C5= 0.001580
s5AL=-0.004258 err_S5= 0.001582
time-reduction: 1.977000e-03 s
1/Np = 0.000005
c1AL= 0.010701 err_C1= 0.001575
s1AL=-0.012517 err_S1= 0.001587
c2AL=-0.007671 err_C2= 0.001587
s2AL=-0.011052 err_S2= 0.001575
c3AL= 0.014171 err_C3= 0.001578
s3AL= 0.007598 err_S3= 0.001584
c4AL= 0.007404 err_C4= 0.001580
s4AL= 0.003661 err_S4= 0.001582
c5AL=-0.002510 err_C5= 0.001582
s5AL=-0.001015 err_S5= 0.001580
time-reduction: 1.952000e-03 s
1/Np = 0.000005
c1AL= 0.016684 err_C1= 0.001576
s1AL=-0.013357 err_S1= 0.001585
c2AL=-0.005825 err_C2= 0.001581
s2AL=-0.015274 err_S2= 0.001581
c3AL= 0.014336 err_C3= 0.001578
s3AL=-0.000576 err_S3= 0.001584
c4AL= 0.000178 err_C4= 0.001585
s4AL= 0.003769 err_S4= 0.001577
c5AL= 0.002064 err_C5= 0.001584
s5AL= 0.004344 err_S5= 0.001578
time-reduction: 1.964000e-03 s
1/Np = 0.000005
c1AL= 0.021236 err_C1= 0.001578
s1AL=-0.013513 err_S1= 0.001583
c2AL=-0.002654 err_C2= 0.001576
s2AL=-0.017307 err_S2= 0.001585
c3AL= 0.013788 err_C3= 0.001580
s3AL=-0.007312 err_S3= 0.001582
c4AL=-0.006037 err_C4= 0.001583
s4AL= 0.001528 err_S4= 0.001580
c5AL=-0.001367 err_C5= 0.001583
s5AL= 0.011134 err_S5= 0.001579
time-reduction: 1.948000e-03 s
1/Np = 0.000005
c1AL= 0.025252 err_C1= 0.001582
s1AL=-0.013068 err_S1= 0.001579
c2AL= 0.002039 err_C2= 0.001576
s2AL=-0.018290 err_S2= 0.001586
c3AL= 0.012203 err_C3= 0.001580
s3AL=-0.011562 err_S3= 0.001581
c4AL=-0.006255 err_C4= 0.001584
s4AL= 0.001467 err_S4= 0.001578
c5AL=-0.009124 err_C5= 0.001581
s5AL= 0.010025 err_S5= 0.001581
time-reduction: 1.962000e-03 s
1/Np = 0.000005
c1AL= 0.028002 err_C1= 0.001585
s1AL=-0.012635 err_S1= 0.001576
c2AL= 0.005960 err_C2= 0.001579
s2AL=-0.016074 err_S2= 0.001583
c3AL= 0.011936 err_C3= 0.001577
s3AL=-0.010538 err_S3= 0.001585
c4AL=-0.002407 err_C4= 0.001582
s4AL= 0.000708 err_S4= 0.001580
c5AL=-0.007850 err_C5= 0.001578
s5AL= 0.007248 err_S5= 0.001584
time-reduction: 1.949000e-03 s
1/Np = 0.000005
c1AL= 0.029919 err_C1= 0.001587
s1AL=-0.011543 err_S1= 0.001574
c2AL= 0.008969 err_C2= 0.001583
s2AL=-0.013469 err_S2= 0.001579
c3AL= 0.010389 err_C3= 0.001578
s3AL=-0.006028 err_S3= 0.001584
c4AL= 0.001940 err_C4= 0.001579
s4AL=-0.001487 err_S4= 0.001584
c5AL=-0.001608 err_C5= 0.001580
s5AL= 0.005830 err_S5= 0.001583
time-reduction: 1.951000e-03 s
1/Np = 0.000005
c1AL= 0.029906 err_C1= 0.001589
s1AL=-0.009896 err_S1= 0.001572
c2AL= 0.011757 err_C2= 0.001584
s2AL=-0.010651 err_S2= 0.001578
c3AL= 0.008171 err_C3= 0.001581
s3AL=-0.003740 err_S3= 0.001581
c4AL= 0.004204 err_C4= 0.001577
s4AL=-0.000934 err_S4= 0.001586
c5AL= 0.001853 err_C5= 0.001583
s5AL= 0.003199 err_S5= 0.001580
time-reduction: 1.957000e-03 s
1/Np = 0.000005
c1AL= 0.029008 err_C1= 0.001591
s1AL=-0.008634 err_S1= 0.001569
c2AL= 0.014608 err_C2= 0.001585
s2AL=-0.007105 err_S2= 0.001577
c3AL= 0.002237 err_C3= 0.001581
s3AL=-0.002148 err_S3= 0.001581
c4AL= 0.005074 err_C4= 0.001580
s4AL= 0.000586 err_S4= 0.001582
c5AL= 0.002991 err_C5= 0.001580
s5AL= 0.003053 err_S5= 0.001582
time-reduction: 1.953000e-03 s
1/Np = 0.000005
c1AL= 0.027193 err_C1= 0.001593
s1AL=-0.006845 err_S1= 0.001568
c2AL= 0.015977 err_C2= 0.001583
s2AL=-0.003934 err_S2= 0.001579
c3AL=-0.004167 err_C3= 0.001583
s3AL=-0.003088 err_S3= 0.001579
c4AL= 0.003089 err_C4= 0.001582
s4AL= 0.003019 err_S4= 0.001580
c5AL= 0.003440 err_C5= 0.001580
s5AL= 0.000654 err_S5= 0.001583
time-reduction: 1.954000e-03 s
1/Np = 0.000005
c1AL= 0.025048 err_C1= 0.001594
s1AL=-0.004955 err_S1= 0.001568
c2AL= 0.017120 err_C2= 0.001583
s2AL=-0.001410 err_S2= 0.001579
c3AL=-0.008304 err_C3= 0.001582
s3AL=-0.006638 err_S3= 0.001580
c4AL= 0.002519 err_C4= 0.001583
s4AL= 0.002524 err_S4= 0.001579
c5AL= 0.005383 err_C5= 0.001584
s5AL=-0.001120 err_S5= 0.001578
time-reduction: 1.953000e-03 s
1/Np = 0.000005
c1AL= 0.022329 err_C1= 0.001593
s1AL=-0.003499 err_S1= 0.001569
c2AL= 0.015679 err_C2= 0.001584
s2AL= 0.000337 err_S2= 0.001577
c3AL=-0.007310 err_C3= 0.001578
s3AL=-0.012675 err_S3= 0.001584
c4AL= 0.004610 err_C4= 0.001584
s4AL= 0.003231 err_S4= 0.001578
c5AL= 0.004218 err_C5= 0.001583
s5AL= 0.000322 err_S5= 0.001580
time-reduction: 1.962000e-03 s
1/Np = 0.000005
c1AL= 0.019367 err_C1= 0.001592
s1AL=-0.001673 err_S1= 0.001570
c2AL= 0.013976 err_C2= 0.001589
s2AL= 0.001647 err_S2= 0.001573
c3AL=-0.000937 err_C3= 0.001581
s3AL=-0.017498 err_S3= 0.001581
c4AL= 0.009749 err_C4= 0.001582
s4AL= 0.003051 err_S4= 0.001581
c5AL= 0.004218 err_C5= 0.001580
s5AL=-0.000601 err_S5= 0.001582
time-reduction: 1.966000e-03 s
1/Np = 0.000005
c1AL= 0.016864 err_C1= 0.001590
s1AL=-0.000077 err_S1= 0.001572
c2AL= 0.011482 err_C2= 0.001591
s2AL= 0.000439 err_S2= 0.001571
c3AL= 0.006863 err_C3= 0.001581
s3AL=-0.017210 err_S3= 0.001581
c4AL= 0.012463 err_C4= 0.001581
s4AL= 0.002814 err_S4= 0.001581
c5AL= 0.003112 err_C5= 0.001583
s5AL=-0.000694 err_S5= 0.001579
time-reduction: 1.956000e-03 s
1/Np = 0.000005
c1AL= 0.014232 err_C1= 0.001589
s1AL= 0.000948 err_S1= 0.001573
c2AL= 0.010282 err_C2= 0.001590
s2AL=-0.001064 err_S2= 0.001572
c3AL= 0.013239 err_C3= 0.001584
s3AL=-0.013932 err_S3= 0.001578
c4AL= 0.011182 err_C4= 0.001585
s4AL= 0.001589 err_S4= 0.001577
c5AL= 0.001056 err_C5= 0.001584
s5AL= 0.001345 err_S5= 0.001578
time-reduction: 1.951000e-03 s
1/Np = 0.000005
c1AL= 0.011419 err_C1= 0.001588
s1AL= 0.001874 err_S1= 0.001574
c2AL= 0.008829 err_C2= 0.001584
s2AL=-0.002847 err_S2= 0.001578
c3AL= 0.015125 err_C3= 0.001587
s3AL=-0.008276 err_S3= 0.001575
c4AL= 0.003755 err_C4= 0.001583
s4AL= 0.000769 err_S4= 0.001579
c5AL= 0.001205 err_C5= 0.001581
s5AL= 0.000419 err_S5= 0.001582
time-reduction: 1.948000e-03 s
1/Np = 0.000005
c1AL= 0.008249 err_C1= 0.001587
s1AL= 0.001583 err_S1= 0.001575
c2AL= 0.007623 err_C2= 0.001578
s2AL=-0.004285 err_S2= 0.001584
c3AL= 0.014905 err_C3= 0.001584
s3AL=-0.004600 err_S3= 0.001578
c4AL=-0.004099 err_C4= 0.001581
s4AL=-0.001611 err_S4= 0.001581
c5AL=-0.000238 err_C5= 0.001579
s5AL= 0.001780 err_S5= 0.001583
time-reduction: 1.961000e-03 s
1/Np = 0.000005
c1AL= 0.005559 err_C1= 0.001586
s1AL= 0.000304 err_S1= 0.001576
c2AL= 0.006423 err_C2= 0.001574
s2AL=-0.005429 err_S2= 0.001588
c3AL= 0.011509 err_C3= 0.001581
s3AL=-0.003345 err_S3= 0.001581
c4AL=-0.008626 err_C4= 0.001580
s4AL=-0.003388 err_S4= 0.001582
c5AL=-0.000158 err_C5= 0.001579
s5AL= 0.005261 err_S5= 0.001583
time-reduction: 1.951000e-03 s
1/Np = 0.000005
c1AL= 0.003518 err_C1= 0.001586
s1AL=-0.001496 err_S1= 0.001576
c2AL= 0.006052 err_C2= 0.001575
s2AL=-0.004282 err_S2= 0.001587
c3AL= 0.005233 err_C3= 0.001581
s3AL=-0.002607 err_S3= 0.001581
c4AL=-0.007579 err_C4= 0.001580
s4AL=-0.003677 err_S4= 0.001582
c5AL=-0.001142 err_C5= 0.001578
s5AL= 0.007850 err_S5= 0.001584
time-reduction: 1.950000e-03 s
1/Np = 0.000005
c1AL= 0.001809 err_C1= 0.001586
s1AL=-0.003916 err_S1= 0.001577
c2AL= 0.005788 err_C2= 0.001579
s2AL=-0.001615 err_S2= 0.001583
c3AL=-0.001841 err_C3= 0.001584
s3AL=-0.002215 err_S3= 0.001578
c4AL=-0.002895 err_C4= 0.001580
s4AL=-0.001259 err_S4= 0.001582
c5AL=-0.004840 err_C5= 0.001580
s5AL= 0.004097 err_S5= 0.001582
time-reduction: 1.968000e-03 s
1/Np = 0.000005
c1AL= 0.000737 err_C1= 0.001584
s1AL=-0.007153 err_S1= 0.001578
c2AL= 0.003691 err_C2= 0.001582
s2AL= 0.003117 err_S2= 0.001580
c3AL=-0.007683 err_C3= 0.001586
s3AL=-0.001457 err_S3= 0.001576
c4AL= 0.000904 err_C4= 0.001582
s4AL= 0.002009 err_S4= 0.001580
c5AL=-0.005475 err_C5= 0.001583
s5AL= 0.000578 err_S5= 0.001580
time-reduction: 1.956000e-03 s
1/Np = 0.000005
c1AL=-0.000120 err_C1= 0.001583
s1AL=-0.009871 err_S1= 0.001579
c2AL= 0.002360 err_C2= 0.001584
s2AL= 0.007349 err_S2= 0.001579
c3AL=-0.009348 err_C3= 0.001583
s3AL=-0.001079 err_S3= 0.001579
c4AL= 0.003030 err_C4= 0.001584
s4AL= 0.005375 err_S4= 0.001578
c5AL=-0.000039 err_C5= 0.001581
s5AL=-0.002134 err_S5= 0.001582
time-reduction: 1.954000e-03 s
1/Np = 0.000005
c1AL=-0.001164 err_C1= 0.001581
s1AL=-0.012366 err_S1= 0.001581
c2AL= 0.000155 err_C2= 0.001581
s2AL= 0.009991 err_S2= 0.001581
c3AL=-0.006898 err_C3= 0.001581
s3AL= 0.000377 err_S3= 0.001582
c4AL= 0.000418 err_C4= 0.001583
s4AL= 0.006257 err_S4= 0.001580
c5AL= 0.005607 err_C5= 0.001580
s5AL=-0.003187 err_S5= 0.001582
time-reduction: 1.948000e-03 s
1/Np = 0.000005
c1AL=-0.002437 err_C1= 0.001579
s1AL=-0.014821 err_S1= 0.001583
c2AL=-0.002456 err_C2= 0.001580
s2AL= 0.012328 err_S2= 0.001582
c3AL=-0.002102 err_C3= 0.001581
s3AL= 0.003576 err_S3= 0.001581
c4AL=-0.001089 err_C4= 0.001581
s4AL= 0.003613 err_S4= 0.001581
c5AL= 0.006707 err_C5= 0.001581
s5AL=-0.002550 err_S5= 0.001581
time-reduction: 1.947000e-03 s
1/Np = 0.000005
c1AL=-0.003209 err_C1= 0.001577
s1AL=-0.016795 err_S1= 0.001585
c2AL=-0.005409 err_C2= 0.001580
s2AL= 0.013655 err_S2= 0.001582
c3AL= 0.001654 err_C3= 0.001585
s3AL= 0.007200 err_S3= 0.001577
c4AL=-0.001624 err_C4= 0.001581
s4AL=-0.000648 err_S4= 0.001581
c5AL= 0.002527 err_C5= 0.001580
s5AL=-0.003929 err_S5= 0.001582
time-reduction: 1.979000e-03 s
1/Np = 0.000005
c1AL=-0.004461 err_C1= 0.001574
s1AL=-0.018760 err_S1= 0.001587
c2AL=-0.008539 err_C2= 0.001581
s2AL= 0.013157 err_S2= 0.001581
c3AL= 0.003027 err_C3= 0.001580
s3AL= 0.011643 err_S3= 0.001582
c4AL= 0.000408 err_C4= 0.001582
s4AL=-0.004636 err_S4= 0.001581
c5AL= 0.000621 err_C5= 0.001583
s5AL=-0.003127 err_S5= 0.001579
time-reduction: 1.962000e-03 s
1/Np = 0.000005
c1AL=-0.005651 err_C1= 0.001572
s1AL=-0.021025 err_S1= 0.001589
c2AL=-0.011009 err_C2= 0.001584
s2AL= 0.012645 err_S2= 0.001578
c3AL= 0.002673 err_C3= 0.001577
s3AL= 0.016738 err_S3= 0.001585
c4AL= 0.003410 err_C4= 0.001584
s4AL=-0.004442 err_S4= 0.001579
c5AL=-0.001185 err_C5= 0.001583
s5AL=-0.001345 err_S5= 0.001579
time-reduction: 1.955000e-03 s
1/Np = 0.000005
c1AL=-0.006976 err_C1= 0.001571
s1AL=-0.023311 err_S1= 0.001591
c2AL=-0.013054 err_C2= 0.001586
s2AL= 0.011899 err_S2= 0.001575
c3AL= 0.001434 err_C3= 0.001578
s3AL= 0.016377 err_S3= 0.001584
c4AL= 0.007119 err_C4= 0.001581
s4AL=-0.002380 err_S4= 0.001581
c5AL=-0.004146 err_C5= 0.001579
s5AL= 0.001897 err_S5= 0.001583
time-reduction: 1.951000e-03 s
1/Np = 0.000005
c1AL=-0.008268 err_C1= 0.001569
s1AL=-0.025662 err_S1= 0.001592
c2AL=-0.015359 err_C2= 0.001590
s2AL= 0.010536 err_S2= 0.001572
c3AL=-0.000944 err_C3= 0.001581
s3AL= 0.014566 err_S3= 0.001581
c4AL= 0.011639 err_C4= 0.001581
s4AL=-0.000023 err_S4= 0.001581
c5AL=-0.005323 err_C5= 0.001580
s5AL= 0.005050 err_S5= 0.001582
time-reduction: 1.947000e-03 s
1/Np = 0.000005
c1AL=-0.009436 err_C1= 0.001567
s1AL=-0.027783 err_S1= 0.001594
c2AL=-0.017577 err_C2= 0.001587
s2AL= 0.008336 err_S2= 0.001574
c3AL=-0.003392 err_C3= 0.001578
s3AL= 0.013192 err_S3= 0.001583
c4AL= 0.008354 err_C4= 0.001578
s4AL= 0.001028 err_S4= 0.001584
c5AL=-0.001229 err_C5= 0.001578
s5AL= 0.003205 err_S5= 0.001584
time-reduction: 1.955000e-03 s
1/Np = 0.000005
c1AL=-0.010363 err_C1= 0.001567
s1AL=-0.029512 err_S1= 0.001593
c2AL=-0.017348 err_C2= 0.001583
s2AL= 0.004145 err_S2= 0.001579
c3AL=-0.005769 err_C3= 0.001576
s3AL= 0.012168 err_S3= 0.001586
c4AL= 0.002940 err_C4= 0.001577
s4AL= 0.003905 err_S4= 0.001585
c5AL= 0.003940 err_C5= 0.001580
s5AL= 0.003689 err_S5= 0.001582

STEP 09

STEP 10
free memory references from device
free memory references from host

STEP 11
operations done by kernel 1: 1.843240e+10
floating point operations per second: 157.436083 GFLOPS
duration: 1.170786e-01 s
operations done by kernel 2: 2.488800e+10
floating point operations per second: 214.110155 GFLOPS
duration: 5.812698 s (cumulated for all Fourier coefficients)
program ended successfully
