lpa-xrd version: 0.9.9
STEP 1: load input data file
number of random points for the Monte Carlo method: 200000
number of values taken by the Fourier variable: 50
input data file: /home/dunstan/Documents/lpa-xrd/tests/input/10_rho5e13m-2_square_3200nm_RDD_d5e-5nm-2_screw_S0_PBC1/04.dat
lpa-input version: 1.2.4
density: 5.00e+13 m^-2
direction of 'l' (line vector): 1 1 0 [uvw]
direction of 'L' (Fourier variable): -1 1 0 [uvw]
Burgers vector direction: 1 1 0 [uvw]
normalized line vector: 0.707107 0.707107 0.000000
diffraction vector direction: 2 0 0 (hkl)
normalized diffraction vector: 1.000000 0.000000 0.000000
contrast coefficient: 0.250000
cell parameter: 0.404940 nm
Burgers vector: 0.202470 0.202470 0.000000 nm
Burgers vector screw part norm: 0.286336 nm
Burgers vector screw part: 0.202470 0.202470 0.000000 nm
Burgers vector edge part: 0.000000 0.000000 0.000000 nm
Burgers vector edge part norm: 0.000000 nm
screw dislocations detected
normalized Fourier variable direction: -0.707107 0.707107 0.000000
cross product of l_uni and L_uni: 0.000000 -0.000000 1.000000
|-0.707107  0.707107  0.000000|
| 0.000000 -0.000000  1.000000|
| 0.707107  0.707107  0.000000|
diffraction vector in slip frame: -3.492403 0.000000 3.492403 nm^-1
characteristic size of the region of interest: 3200.000000 nm
square region of interest detected
number of replications: 1
Fourier variable step size: 11.800000 nm
Fourier variable step vector: -8.343860 0.000000 8.343860 nm
Fourier variable step vector projection: -8.343860 0.000000 nm
Poisson's number: 0.345000
number of dislocations in the input file: 512
total number of dislocations: 4608
memory space for positions and Burgers vectors: 147456 bytes
STEP 2: generate random points
memory space for random points positions: 1600000 bytes
STEP 3: define opencl accelerator
number of OpenCL platforms available: 1
memory space for OpenCL code: 9526 bytes
hardware choosen: 1
device: NVIDIA GeForce GTX 1060 3GB
GPU from: NVIDIA Corporation
max compute units: 9
max local dim: 1024 1024 64
max work group size: 1024
DEVICE_MAX_CONSTANT_ARGS: 9
CL_DEVICE_LOCAL_MEM_SIZE: 49152
OpenCL code successfully compiled
STEP 4: create kernel 1
kernel 1 global size: 200000
kernel 1 local size: 64
memory space h_r1: 8 bytes
memory space h_u1: 8 bytes
create input and output device buffers for Kernel 1
shared_size_kernel1: 2048 bytes
kernel 1 arguments definition done
recommended workgroup size: 256
STEP 5: create kernel 2
kernel 2 local size: 64
kernel 2 global size: 200000
STEP 6: get kernel 1 results
STEP 7: get kernel 2 results
loop over Fourier coefficients
STEP 8: export output data file
output file: /home/dunstan/Documents/lpa-xrd/tests/10_rho5e13m-2_square_3200nm_RDD_d5e-5nm-2_screw_S0_PBC1_output/04.dat
free memory references from device
free memory references from host
STEP 9: compute GPU performance
operations done by kernel 1: 1.843240e+10
floating point operations per second: 13.021691 GFLOPS
duration: 1.415515e+00 s
operations done by kernel 2: 2.488800e+10
floating point operations per second: 17.661961 GFLOPS
duration: 70.410126 s (cumulated for all Fourier coefficients)
program ended successfully
