
lpa-xrd version: 0.9.5

STEP 01
number of random points for the Monte Carlo method: 200000
number of values taken by the Fourier variable: 50
input data file: /export/home/becht/xrd-test/input/10_rho5e13m-2_square_3200nm_RDD_d5e-5nm-2_screw_S0_PBC1/06.dat
lpa-input version: 1.2.4
density: 5.00e+13 m^-2
direction of 'l' (line vector): 1 1 0 [uvw]
direction of 'L' (Fourier variable): -1 1 0 [uvw]
Burgers vector direction: 1 1 0 [uvw]
normalized line vector: 0.707107 0.707107 0.000000
diffraction vector direction: 2 0 0 (hkl)
normalized diffraction vector: 1.000000 0.000000 0.000000
contrast coefficient: 0.250000
cell parameter: 0.404940 nm
Burgers vector: 0.202470 0.202470 0.000000 nm
Burgers vector screw part norm: 0.286336 nm
Burgers vector screw part: 0.202470 0.202470 0.000000 nm
Burgers vector edge part: 0.000000 0.000000 0.000000 nm
Burgers vector edge part norm: 0.000000 nm
screw dislocations detected
normalized Fourier variable direction: -0.707107 0.707107 0.000000
cross product of l_uni and L_uni: 0.000000 -0.000000 1.000000
|-0.707107  0.707107  0.000000|
| 0.000000 -0.000000  1.000000|
| 0.707107  0.707107  0.000000|
diffraction vector in slip frame: -3.492403 0.000000 3.492403 nm^-1
characteristic size of the region of interest: 3200.000000 nm
square region of interest detected
number of replications: 1
Fourier variable step size: 11.800000 nm
Fourier variable step vector: -8.343860 0.000000 8.343860 nm
Fourier variable step vector projection: -8.343860 0.000000 nm
Poisson's number: 0.345000
number of dislocations in the input file: 512
memory space for positions: 16384 Bytes
memory space for Burgers vectors: 2048 Bytes
total number of dislocations: 4608
memory space for positions and Burgers vectors: 18432 Bytes

STEP 02

STEP 03
memory space for random points positions: 1600000 Bytes

STEP 04
platforms IDs = 1
kernel code size = 7236 Bytes
hardware: 1
 
 Device is  Tesla P100-PCIE-16GB  GPU from  NVIDIA Corporation  with a max of 56 compute units 
work group, work item information
 max loc dim  1024  1024  64 
 Max work group size = 1024
 
 DEVICE_MAX_CONSTANT_ARGS is :  9
 CL_DEVICE_LOCAL_MEM_SIZE: 49152
OpenCL code successfully compiled

STEP 05
allocation host h_r1: 3200000 Bytes
allocation host h_u1: 6400000 Bytes
create input and output device buffers for Kernel 1
kernel 1 globalSize: 200000
kernel 1 localSize: 200
shared_size_kernel1: 6400 Bytes
kernel 1 arguments definition done
recommended workgroup size: 1024

STEP 06

STEP 07
kernel 1 execution time: 117.050 ms

STEP 08
output file: /export/home/becht/xrd-test/10_rho5e13m-2_square_3200nm_RDD_d5e-5nm-2_screw_S0_PBC1_output/06.dat
loop over Fourier coefficients
time-reduction: 1.935000e-03 s
1/Np = 0.000005
c1AL= 0.963744 err_C1= 0.000233
s1AL= 0.086656 err_S1= 0.000514
c2AL= 0.879336 err_C2= 0.000484
s2AL= 0.157946 err_S2= 0.000880
c3AL= 0.765695 err_C3= 0.000757
s3AL= 0.206424 err_S3= 0.001132
c4AL= 0.640079 err_C4= 0.000997
s4AL= 0.230830 err_S4= 0.001300
c5AL= 0.516060 err_C5= 0.001183
s5AL= 0.235210 err_S5= 0.001411
time-reduction: 1.925000e-03 s
1/Np = 0.000005
c1AL= 0.875515 err_C1= 0.000510
s1AL= 0.157218 err_S1= 0.000885
c2AL= 0.636982 err_C2= 0.001006
s2AL= 0.229313 err_S2= 0.001303
c3AL= 0.399502 err_C3= 0.001320
s3AL= 0.223761 err_S3= 0.001486
c4AL= 0.216190 err_C4= 0.001475
s4AL= 0.182244 err_S4= 0.001558
c5AL= 0.092769 err_C5= 0.001551
s5AL= 0.136830 err_S5= 0.001568
time-reduction: 1.949000e-03 s
1/Np = 0.000005
c1AL= 0.757001 err_C1= 0.000791
s1AL= 0.203308 err_S1= 0.001141
c2AL= 0.396396 err_C2= 0.001325
s2AL= 0.221529 err_S2= 0.001488
c3AL= 0.145998 err_C3= 0.001520
s3AL= 0.158213 err_S3= 0.001568
c4AL= 0.016006 err_C4= 0.001581
s4AL= 0.097978 err_S4= 0.001566
c5AL=-0.033173 err_C5= 0.001582
s5AL= 0.053728 err_S5= 0.001574
time-reduction: 1.939000e-03 s
1/Np = 0.000005
c1AL= 0.626639 err_C1= 0.001031
s1AL= 0.224673 err_S1= 0.001312
c2AL= 0.210942 err_C2= 0.001478
s2AL= 0.179276 err_S2= 0.001560
c3AL= 0.015195 err_C3= 0.001581
s3AL= 0.097118 err_S3= 0.001566
c4AL=-0.037480 err_C4= 0.001579
s4AL= 0.041488 err_S4= 0.001578
c5AL=-0.021051 err_C5= 0.001567
s5AL= 0.011940 err_S5= 0.001594
time-reduction: 1.962000e-03 s
1/Np = 0.000005
c1AL= 0.498212 err_C1= 0.001215
s1AL= 0.225818 err_S1= 0.001424
c2AL= 0.087134 err_C2= 0.001552
s2AL= 0.133125 err_S2= 0.001570
c3AL=-0.033594 err_C3= 0.001583
s3AL= 0.054180 err_S3= 0.001573
c4AL=-0.020828 err_C4= 0.001568
s4AL= 0.011758 err_S4= 0.001594
c5AL= 0.003330 err_C5= 0.001577
s5AL=-0.008018 err_S5= 0.001585
time-reduction: 1.933000e-03 s
1/Np = 0.000005
c1AL= 0.381197 err_C1= 0.001343
s1AL= 0.212581 err_S1= 0.001498
c2AL= 0.012561 err_C2= 0.001583
s2AL= 0.094036 err_S2= 0.001565
c3AL=-0.033879 err_C3= 0.001572
s3AL= 0.025615 err_S3= 0.001587
c4AL= 0.002318 err_C4= 0.001577
s4AL=-0.004552 err_S4= 0.001585
c5AL= 0.004376 err_C5= 0.001578
s5AL=-0.015801 err_S5= 0.001583
time-reduction: 1.950000e-03 s
1/Np = 0.000005
c1AL= 0.280537 err_C1= 0.001429
s1AL= 0.191192 err_S1= 0.001543
c2AL=-0.025658 err_C2= 0.001585
s2AL= 0.063754 err_S2= 0.001570
c3AL=-0.013563 err_C3= 0.001569
s3AL= 0.007638 err_S3= 0.001593
c4AL= 0.005842 err_C4= 0.001579
s4AL=-0.014902 err_S4= 0.001583
c5AL=-0.005996 err_C5= 0.001578
s5AL=-0.003001 err_S5= 0.001584
time-reduction: 1.935000e-03 s
1/Np = 0.000005
c1AL= 0.196479 err_C1= 0.001487
s1AL= 0.166671 err_S1= 0.001568
c2AL=-0.038585 err_C2= 0.001579
s2AL= 0.040427 err_S2= 0.001578
c3AL= 0.004144 err_C3= 0.001575
s3AL=-0.002313 err_S3= 0.001587
c4AL= 0.000353 err_C4= 0.001579
s4AL=-0.011041 err_S4= 0.001583
c5AL=-0.012115 err_C5= 0.001578
s5AL= 0.004967 err_S5= 0.001584
time-reduction: 1.955000e-03 s
1/Np = 0.000005
c1AL= 0.128229 err_C1= 0.001529
s1AL= 0.142968 err_S1= 0.001574
c2AL=-0.031552 err_C2= 0.001575
s2AL= 0.022614 err_S2= 0.001585
c3AL= 0.005262 err_C3= 0.001577
s3AL=-0.010274 err_S3= 0.001585
c4AL=-0.006158 err_C4= 0.001579
s4AL=-0.001692 err_S4= 0.001584
c5AL=-0.010921 err_C5= 0.001589
s5AL= 0.000106 err_S5= 0.001573
time-reduction: 1.951000e-03 s
1/Np = 0.000005
c1AL= 0.074682 err_C1= 0.001561
s1AL= 0.120661 err_S1= 0.001570
c2AL=-0.014643 err_C2= 0.001572
s2AL= 0.010681 err_S2= 0.001589
c3AL= 0.000468 err_C3= 0.001578
s3AL=-0.014498 err_S3= 0.001583
c4AL=-0.010736 err_C4= 0.001580
s4AL= 0.005339 err_S4= 0.001582
c5AL=-0.002897 err_C5= 0.001581
s5AL=-0.002328 err_S5= 0.001581
time-reduction: 1.955000e-03 s
1/Np = 0.000005
c1AL= 0.034167 err_C1= 0.001580
s1AL= 0.100987 err_S1= 0.001564
c2AL= 0.001090 err_C2= 0.001570
s2AL= 0.003603 err_S2= 0.001592
c3AL=-0.004600 err_C3= 0.001580
s3AL=-0.011059 err_S3= 0.001582
c4AL=-0.013655 err_C4= 0.001589
s4AL= 0.001787 err_S4= 0.001573
c5AL=-0.003796 err_C5= 0.001588
s5AL=-0.001306 err_S5= 0.001574
time-reduction: 1.942000e-03 s
1/Np = 0.000005
c1AL= 0.004489 err_C1= 0.001588
s1AL= 0.083966 err_S1= 0.001563
c2AL= 0.009064 err_C2= 0.001575
s2AL=-0.003538 err_S2= 0.001587
c3AL=-0.007960 err_C3= 0.001579
s3AL=-0.005000 err_S3= 0.001583
c4AL=-0.007623 err_C4= 0.001586
s4AL=-0.003042 err_S4= 0.001576
c5AL=-0.006129 err_C5= 0.001585
s5AL=-0.001390 err_S5= 0.001577
time-reduction: 1.936000e-03 s
1/Np = 0.000005
c1AL=-0.015670 err_C1= 0.001588
s1AL= 0.069461 err_S1= 0.001566
c2AL= 0.009813 err_C2= 0.001577
s2AL=-0.013717 err_S2= 0.001584
c3AL=-0.011155 err_C3= 0.001579
s3AL=-0.002569 err_S3= 0.001584
c4AL=-0.004510 err_C4= 0.001580
s4AL=-0.004791 err_S4= 0.001582
c5AL=-0.002531 err_C5= 0.001584
s5AL=-0.007557 err_S5= 0.001579
time-reduction: 1.947000e-03 s
1/Np = 0.000005
c1AL=-0.027690 err_C1= 0.001585
s1AL= 0.056796 err_S1= 0.001570
c2AL= 0.006978 err_C2= 0.001576
s2AL=-0.023615 err_S2= 0.001586
c3AL=-0.012597 err_C3= 0.001585
s3AL=-0.003645 err_S3= 0.001577
c4AL=-0.006911 err_C4= 0.001589
s4AL=-0.005190 err_S4= 0.001573
c5AL=-0.001145 err_C5= 0.001583
s5AL=-0.008854 err_S5= 0.001579
time-reduction: 1.943000e-03 s
1/Np = 0.000005
c1AL=-0.032681 err_C1= 0.001582
s1AL= 0.046247 err_S1= 0.001575
c2AL= 0.003592 err_C2= 0.001577
s2AL=-0.028128 err_S2= 0.001584
c3AL=-0.009320 err_C3= 0.001591
s3AL=-0.006679 err_S3= 0.001571
c4AL=-0.005226 err_C4= 0.001587
s4AL=-0.005663 err_S4= 0.001575
c5AL=-0.004175 err_C5= 0.001585
s5AL=-0.015939 err_S5= 0.001577
time-reduction: 1.933000e-03 s
1/Np = 0.000005
c1AL=-0.031629 err_C1= 0.001580
s1AL= 0.036860 err_S1= 0.001578
c2AL= 0.000667 err_C2= 0.001581
s2AL=-0.027167 err_S2= 0.001580
c3AL=-0.006417 err_C3= 0.001585
s3AL=-0.011587 err_S3= 0.001577
c4AL=-0.000304 err_C4= 0.001584
s4AL=-0.007624 err_S4= 0.001578
c5AL=-0.000197 err_C5= 0.001581
s5AL=-0.010356 err_S5= 0.001581
time-reduction: 1.948000e-03 s
1/Np = 0.000005
c1AL=-0.026363 err_C1= 0.001579
s1AL= 0.028819 err_S1= 0.001581
c2AL=-0.001027 err_C2= 0.001580
s2AL=-0.020752 err_S2= 0.001582
c3AL=-0.004110 err_C3= 0.001581
s3AL=-0.014808 err_S3= 0.001581
c4AL=-0.001504 err_C4= 0.001582
s4AL=-0.011373 err_S4= 0.001580
c5AL= 0.001732 err_C5= 0.001582
s5AL=-0.002486 err_S5= 0.001581
time-reduction: 1.955000e-03 s
1/Np = 0.000005
c1AL=-0.017674 err_C1= 0.001578
s1AL= 0.022131 err_S1= 0.001583
c2AL=-0.003016 err_C2= 0.001581
s2AL=-0.012669 err_S2= 0.001581
c3AL=-0.004032 err_C3= 0.001580
s3AL=-0.011398 err_S3= 0.001582
c4AL=-0.000199 err_C4= 0.001581
s4AL=-0.017988 err_S4= 0.001581
c5AL= 0.006892 err_C5= 0.001585
s5AL=-0.000700 err_S5= 0.001578
time-reduction: 1.946000e-03 s
1/Np = 0.000005
c1AL=-0.007837 err_C1= 0.001577
s1AL= 0.016864 err_S1= 0.001584
c2AL=-0.004500 err_C2= 0.001584
s2AL=-0.006540 err_S2= 0.001578
c3AL=-0.006729 err_C3= 0.001587
s3AL=-0.007672 err_S3= 0.001575
c4AL= 0.003322 err_C4= 0.001584
s4AL=-0.015883 err_S4= 0.001578
c5AL= 0.004082 err_C5= 0.001579
s5AL= 0.000383 err_S5= 0.001584
time-reduction: 1.940000e-03 s
1/Np = 0.000005
c1AL= 0.001487 err_C1= 0.001577
s1AL= 0.012276 err_S1= 0.001585
c2AL=-0.005269 err_C2= 0.001585
s2AL=-0.002188 err_S2= 0.001577
c3AL=-0.005294 err_C3= 0.001592
s3AL=-0.005710 err_S3= 0.001570
c4AL= 0.005314 err_C4= 0.001578
s4AL=-0.002928 err_S4= 0.001584
c5AL= 0.003740 err_C5= 0.001582
s5AL= 0.002593 err_S5= 0.001580
time-reduction: 1.948000e-03 s
1/Np = 0.000005
c1AL= 0.008457 err_C1= 0.001578
s1AL= 0.007813 err_S1= 0.001584
c2AL=-0.004071 err_C2= 0.001583
s2AL=-0.000547 err_S2= 0.001579
c3AL=-0.003779 err_C3= 0.001589
s3AL=-0.004059 err_S3= 0.001573
c4AL= 0.002793 err_C4= 0.001578
s4AL= 0.007727 err_S4= 0.001584
c5AL=-0.000296 err_C5= 0.001576
s5AL= 0.001870 err_S5= 0.001586
time-reduction: 1.933000e-03 s
1/Np = 0.000005
c1AL= 0.012908 err_C1= 0.001580
s1AL= 0.001983 err_S1= 0.001582
c2AL=-0.000706 err_C2= 0.001584
s2AL= 0.000474 err_S2= 0.001579
c3AL=-0.006924 err_C3= 0.001583
s3AL=-0.002844 err_S3= 0.001579
c4AL= 0.002994 err_C4= 0.001579
s4AL= 0.009247 err_S4= 0.001583
c5AL= 0.002880 err_C5= 0.001581
s5AL= 0.000427 err_S5= 0.001581
time-reduction: 1.934000e-03 s
1/Np = 0.000005
c1AL= 0.015721 err_C1= 0.001582
s1AL=-0.004586 err_S1= 0.001580
c2AL= 0.001355 err_C2= 0.001582
s2AL= 0.000728 err_S2= 0.001580
c3AL=-0.012743 err_C3= 0.001578
s3AL=-0.007415 err_S3= 0.001584
c4AL= 0.001156 err_C4= 0.001581
s4AL= 0.005643 err_S4= 0.001581
c5AL= 0.004090 err_C5= 0.001584
s5AL= 0.001225 err_S5= 0.001578
time-reduction: 1.938000e-03 s
1/Np = 0.000005
c1AL= 0.016570 err_C1= 0.001583
s1AL=-0.013125 err_S1= 0.001579
c2AL= 0.002338 err_C2= 0.001580
s2AL=-0.001924 err_S2= 0.001582
c3AL=-0.011615 err_C3= 0.001579
s3AL=-0.012062 err_S3= 0.001582
c4AL=-0.001125 err_C4= 0.001584
s4AL= 0.002715 err_S4= 0.001578
c5AL= 0.006704 err_C5= 0.001578
s5AL=-0.000065 err_S5= 0.001584
time-reduction: 1.940000e-03 s
1/Np = 0.000005
c1AL= 0.016090 err_C1= 0.001583
s1AL=-0.022210 err_S1= 0.001578
c2AL= 0.003368 err_C2= 0.001581
s2AL=-0.004785 err_S2= 0.001582
c3AL=-0.007095 err_C3= 0.001577
s3AL=-0.010869 err_S3= 0.001585
c4AL=-0.000682 err_C4= 0.001580
s4AL= 0.003996 err_S4= 0.001582
c5AL= 0.012229 err_C5= 0.001579
s5AL= 0.004260 err_S5= 0.001583
time-reduction: 1.934000e-03 s
1/Np = 0.000005
c1AL= 0.014961 err_C1= 0.001581
s1AL=-0.031665 err_S1= 0.001579
c2AL= 0.000901 err_C2= 0.001582
s2AL=-0.006724 err_S2= 0.001580
c3AL=-0.004633 err_C3= 0.001574
s3AL=-0.009263 err_S3= 0.001589
c4AL= 0.000769 err_C4= 0.001579
s4AL= 0.006717 err_S4= 0.001583
c5AL= 0.009289 err_C5= 0.001581
s5AL= 0.006762 err_S5= 0.001581
time-reduction: 1.940000e-03 s
1/Np = 0.000005
c1AL= 0.012684 err_C1= 0.001575
s1AL=-0.040137 err_S1= 0.001584
c2AL=-0.007101 err_C2= 0.001578
s2AL=-0.009353 err_S2= 0.001584
c3AL= 0.000540 err_C3= 0.001578
s3AL=-0.010040 err_S3= 0.001584
c4AL=-0.003656 err_C4= 0.001582
s4AL= 0.009072 err_S4= 0.001580
c5AL= 0.002470 err_C5= 0.001584
s5AL= 0.003109 err_S5= 0.001578
time-reduction: 1.958000e-03 s
1/Np = 0.000005
c1AL= 0.009707 err_C1= 0.001568
s1AL=-0.047372 err_S1= 0.001590
c2AL=-0.016045 err_C2= 0.001575
s2AL=-0.014253 err_S2= 0.001587
c3AL= 0.007659 err_C3= 0.001587
s3AL=-0.007874 err_S3= 0.001575
c4AL=-0.007254 err_C4= 0.001584
s4AL= 0.005318 err_S4= 0.001578
c5AL=-0.001443 err_C5= 0.001581
s5AL= 0.006154 err_S5= 0.001581
time-reduction: 1.930000e-03 s
1/Np = 0.000005
c1AL= 0.006393 err_C1= 0.001566
s1AL=-0.053069 err_S1= 0.001592
c2AL=-0.019453 err_C2= 0.001577
s2AL=-0.018295 err_S2= 0.001585
c3AL= 0.010956 err_C3= 0.001587
s3AL=-0.000693 err_S3= 0.001575
c4AL=-0.005007 err_C4= 0.001578
s4AL=-0.000337 err_S4= 0.001584
c5AL=-0.004430 err_C5= 0.001581
s5AL= 0.006084 err_S5= 0.001581
time-reduction: 1.952000e-03 s
1/Np = 0.000005
c1AL= 0.003845 err_C1= 0.001567
s1AL=-0.056252 err_S1= 0.001590
c2AL=-0.017714 err_C2= 0.001582
s2AL=-0.018002 err_S2= 0.001579
c3AL= 0.008644 err_C3= 0.001583
s3AL= 0.004484 err_S3= 0.001579
c4AL= 0.001434 err_C4= 0.001578
s4AL=-0.002066 err_S4= 0.001584
c5AL=-0.003496 err_C5= 0.001580
s5AL= 0.001624 err_S5= 0.001582
time-reduction: 1.938000e-03 s
1/Np = 0.000005
c1AL= 0.002276 err_C1= 0.001569
s1AL=-0.056596 err_S1= 0.001588
c2AL=-0.015464 err_C2= 0.001585
s2AL=-0.013583 err_S2= 0.001577
c3AL= 0.009292 err_C3= 0.001579
s3AL= 0.008956 err_S3= 0.001583
c4AL= 0.004987 err_C4= 0.001576
s4AL=-0.004159 err_S4= 0.001587
c5AL=-0.006636 err_C5= 0.001577
s5AL=-0.002689 err_S5= 0.001585
time-reduction: 1.960000e-03 s
1/Np = 0.000005
c1AL= 0.001267 err_C1= 0.001568
s1AL=-0.054134 err_S1= 0.001590
c2AL=-0.016924 err_C2= 0.001585
s2AL=-0.008422 err_S2= 0.001577
c3AL= 0.007917 err_C3= 0.001577
s3AL= 0.013292 err_S3= 0.001585
c4AL= 0.005017 err_C4= 0.001580
s4AL=-0.003890 err_S4= 0.001582
c5AL=-0.006873 err_C5= 0.001576
s5AL=-0.002212 err_S5= 0.001586
time-reduction: 1.927000e-03 s
1/Np = 0.000005
c1AL= 0.001038 err_C1= 0.001566
s1AL=-0.050419 err_S1= 0.001592
c2AL=-0.019001 err_C2= 0.001583
s2AL=-0.005160 err_S2= 0.001579
c3AL= 0.002695 err_C3= 0.001580
s3AL= 0.011615 err_S3= 0.001582
c4AL= 0.002889 err_C4= 0.001584
s4AL=-0.001139 err_S4= 0.001579
c5AL=-0.004472 err_C5= 0.001578
s5AL= 0.002700 err_S5= 0.001584
time-reduction: 1.960000e-03 s
1/Np = 0.000005
c1AL= 0.001583 err_C1= 0.001567
s1AL=-0.046234 err_S1= 0.001592
c2AL=-0.017853 err_C2= 0.001582
s2AL=-0.004470 err_S2= 0.001580
c3AL= 0.001344 err_C3= 0.001585
s3AL= 0.006017 err_S3= 0.001577
c4AL= 0.001470 err_C4= 0.001584
s4AL= 0.000855 err_S4= 0.001578
c5AL=-0.002494 err_C5= 0.001580
s5AL= 0.002775 err_S5= 0.001583
time-reduction: 1.939000e-03 s
1/Np = 0.000005
c1AL= 0.003033 err_C1= 0.001571
s1AL=-0.042362 err_S1= 0.001588
c2AL=-0.012206 err_C2= 0.001581
s2AL=-0.004668 err_S2= 0.001581
c3AL= 0.003818 err_C3= 0.001585
s3AL= 0.002849 err_S3= 0.001577
c4AL= 0.000403 err_C4= 0.001587
s4AL= 0.002707 err_S4= 0.001575
c5AL=-0.000279 err_C5= 0.001582
s5AL=-0.000991 err_S5= 0.001580
time-reduction: 1.947000e-03 s
1/Np = 0.000005
c1AL= 0.005465 err_C1= 0.001578
s1AL=-0.038579 err_S1= 0.001582
c2AL=-0.004339 err_C2= 0.001580
s2AL=-0.002394 err_S2= 0.001582
c3AL= 0.000657 err_C3= 0.001582
s3AL= 0.002054 err_S3= 0.001580
c4AL=-0.000789 err_C4= 0.001587
s4AL= 0.003652 err_S4= 0.001575
c5AL= 0.004532 err_C5= 0.001581
s5AL= 0.000860 err_S5= 0.001581
time-reduction: 1.949000e-03 s
1/Np = 0.000005
c1AL= 0.009928 err_C1= 0.001582
s1AL=-0.034353 err_S1= 0.001578
c2AL= 0.001663 err_C2= 0.001580
s2AL= 0.001290 err_S2= 0.001582
c3AL=-0.005194 err_C3= 0.001585
s3AL=-0.002333 err_S3= 0.001578
c4AL=-0.000872 err_C4= 0.001582
s4AL= 0.005616 err_S4= 0.001581
c5AL= 0.002833 err_C5= 0.001583
s5AL= 0.006577 err_S5= 0.001579
time-reduction: 1.923000e-03 s
1/Np = 0.000005
c1AL= 0.015267 err_C1= 0.001583
s1AL=-0.029525 err_S1= 0.001577
c2AL= 0.003181 err_C2= 0.001582
s2AL= 0.003161 err_S2= 0.001580
c3AL=-0.007106 err_C3= 0.001585
s3AL=-0.006638 err_S3= 0.001577
c4AL= 0.001341 err_C4= 0.001579
s4AL= 0.005663 err_S4= 0.001583
c5AL=-0.002434 err_C5= 0.001578
s5AL= 0.005735 err_S5= 0.001585
time-reduction: 1.936000e-03 s
1/Np = 0.000005
c1AL= 0.021306 err_C1= 0.001583
s1AL=-0.023913 err_S1= 0.001578
c2AL= 0.003180 err_C2= 0.001584
s2AL= 0.000776 err_S2= 0.001579
c3AL=-0.007048 err_C3= 0.001582
s3AL=-0.005685 err_S3= 0.001581
c4AL= 0.003131 err_C4= 0.001583
s4AL= 0.002114 err_S4= 0.001579
c5AL=-0.003692 err_C5= 0.001580
s5AL= 0.004152 err_S5= 0.001582
time-reduction: 1.938000e-03 s
1/Np = 0.000005
c1AL= 0.027820 err_C1= 0.001584
s1AL=-0.017419 err_S1= 0.001577
c2AL= 0.004995 err_C2= 0.001587
s2AL=-0.002854 err_S2= 0.001575
c3AL=-0.006048 err_C3= 0.001582
s3AL=-0.002510 err_S3= 0.001581
c4AL= 0.007699 err_C4= 0.001583
s4AL=-0.003876 err_S4= 0.001579
c5AL=-0.002938 err_C5= 0.001583
s5AL= 0.004568 err_S5= 0.001580
time-reduction: 1.939000e-03 s
1/Np = 0.000005
c1AL= 0.032798 err_C1= 0.001586
s1AL=-0.009908 err_S1= 0.001574
c2AL= 0.008491 err_C2= 0.001587
s2AL=-0.003141 err_S2= 0.001575
c3AL=-0.001671 err_C3= 0.001582
s3AL= 0.002013 err_S3= 0.001580
c4AL= 0.007168 err_C4= 0.001581
s4AL=-0.005557 err_S4= 0.001581
c5AL=-0.002781 err_C5= 0.001583
s5AL= 0.002302 err_S5= 0.001580
time-reduction: 1.938000e-03 s
1/Np = 0.000005
c1AL= 0.036565 err_C1= 0.001586
s1AL=-0.002365 err_S1= 0.001574
c2AL= 0.009232 err_C2= 0.001582
s2AL=-0.000589 err_S2= 0.001581
c3AL= 0.002671 err_C3= 0.001581
s3AL= 0.007541 err_S3= 0.001582
c4AL= 0.000720 err_C4= 0.001580
s4AL=-0.004963 err_S4= 0.001582
c5AL=-0.003248 err_C5= 0.001579
s5AL= 0.002038 err_S5= 0.001583
time-reduction: 1.953000e-03 s
1/Np = 0.000005
c1AL= 0.038034 err_C1= 0.001583
s1AL= 0.005046 err_S1= 0.001577
c2AL= 0.005673 err_C2= 0.001576
s2AL= 0.001154 err_S2= 0.001586
c3AL= 0.001888 err_C3= 0.001576
s3AL= 0.011672 err_S3= 0.001586
c4AL=-0.006519 err_C4= 0.001579
s4AL=-0.003027 err_S4= 0.001583
c5AL=-0.007643 err_C5= 0.001583
s5AL= 0.003364 err_S5= 0.001579
time-reduction: 1.941000e-03 s
1/Np = 0.000005
c1AL= 0.037637 err_C1= 0.001580
s1AL= 0.011338 err_S1= 0.001580
c2AL= 0.001662 err_C2= 0.001572
s2AL= 0.000524 err_S2= 0.001590
c3AL=-0.003873 err_C3= 0.001581
s3AL= 0.008858 err_S3= 0.001581
c4AL=-0.010954 err_C4= 0.001579
s4AL=-0.007444 err_S4= 0.001583
c5AL=-0.005957 err_C5= 0.001581
s5AL=-0.002028 err_S5= 0.001581
time-reduction: 1.947000e-03 s
1/Np = 0.000005
c1AL= 0.035536 err_C1= 0.001578
s1AL= 0.016830 err_S1= 0.001582
c2AL=-0.001511 err_C2= 0.001582
s2AL=-0.002074 err_S2= 0.001580
c3AL=-0.008250 err_C3= 0.001590
s3AL=-0.000215 err_S3= 0.001572
c4AL= 0.001441 err_C4= 0.001581
s4AL=-0.012181 err_S4= 0.001581
c5AL= 0.002767 err_C5= 0.001581
s5AL=-0.006696 err_S5= 0.001581
time-reduction: 1.926000e-03 s
1/Np = 0.000005
c1AL= 0.031746 err_C1= 0.001577
s1AL= 0.021483 err_S1= 0.001583
c2AL=-0.003444 err_C2= 0.001590
s2AL=-0.003771 err_S2= 0.001572
c3AL=-0.007416 err_C3= 0.001585
s3AL=-0.008751 err_S3= 0.001577
c4AL= 0.011252 err_C4= 0.001584
s4AL=-0.005242 err_S4= 0.001578
c5AL= 0.006714 err_C5= 0.001585
s5AL=-0.004492 err_S5= 0.001577
time-reduction: 1.947000e-03 s
1/Np = 0.000005
c1AL= 0.025114 err_C1= 0.001576
s1AL= 0.025315 err_S1= 0.001584
c2AL=-0.004719 err_C2= 0.001589
s2AL=-0.003938 err_S2= 0.001573
c3AL=-0.002861 err_C3= 0.001580
s3AL=-0.011104 err_S3= 0.001582
c4AL= 0.009799 err_C4= 0.001580
s4AL= 0.000735 err_S4= 0.001582
c5AL= 0.002148 err_C5= 0.001582
s5AL= 0.001161 err_S5= 0.001580
time-reduction: 1.947000e-03 s
1/Np = 0.000005
c1AL= 0.017058 err_C1= 0.001576
s1AL= 0.028388 err_S1= 0.001585
c2AL=-0.006461 err_C2= 0.001585
s2AL=-0.002856 err_S2= 0.001578
c3AL= 0.002350 err_C3= 0.001580
s3AL=-0.008530 err_S3= 0.001582
c4AL= 0.004383 err_C4= 0.001578
s4AL= 0.001090 err_S4= 0.001585
c5AL= 0.004588 err_C5= 0.001584
s5AL= 0.006144 err_S5= 0.001578
time-reduction: 1.932000e-03 s
1/Np = 0.000005
c1AL= 0.007830 err_C1= 0.001574
s1AL= 0.029720 err_S1= 0.001587
c2AL=-0.008758 err_C2= 0.001580
s2AL=-0.000502 err_S2= 0.001583
c3AL= 0.006740 err_C3= 0.001584
s3AL=-0.001751 err_S3= 0.001579
c4AL=-0.001886 err_C4= 0.001579
s4AL= 0.000861 err_S4= 0.001583
c5AL= 0.004453 err_C5= 0.001580
s5AL= 0.011750 err_S5= 0.001582
time-reduction: 1.951000e-03 s
1/Np = 0.000005
c1AL=-0.001040 err_C1= 0.001573
s1AL= 0.029209 err_S1= 0.001588
c2AL=-0.009822 err_C2= 0.001579
s2AL= 0.000627 err_S2= 0.001583
c3AL= 0.004931 err_C3= 0.001584
s3AL= 0.006834 err_S3= 0.001578
c4AL=-0.002412 err_C4= 0.001578
s4AL=-0.001599 err_S4= 0.001584
c5AL=-0.001911 err_C5= 0.001580
s5AL= 0.008103 err_S5= 0.001582

STEP 09

STEP 10
free memory references from device
free memory references from host

STEP 11
operations done by kernel 1: 1.843240e+10
floating point operations per second: 157.475122 GFLOPS
duration: 1.170496e-01 s
operations done by kernel 2: 2.488800e+10
floating point operations per second: 214.092886 GFLOPS
duration: 5.811334 s (cumulated for all Fourier coefficients)
program ended successfully
