
lpa-xrd version: 0.9.5

STEP 01
number of random points for the Monte Carlo method: 200000
number of values taken by the Fourier variable: 50
input data file: /export/home/becht/xrd-test/input/10_rho5e13m-2_square_3200nm_RDD_d5e-5nm-2_screw_S0_PBC1/07.dat
lpa-input version: 1.2.4
density: 5.00e+13 m^-2
direction of 'l' (line vector): 1 1 0 [uvw]
direction of 'L' (Fourier variable): -1 1 0 [uvw]
Burgers vector direction: 1 1 0 [uvw]
normalized line vector: 0.707107 0.707107 0.000000
diffraction vector direction: 2 0 0 (hkl)
normalized diffraction vector: 1.000000 0.000000 0.000000
contrast coefficient: 0.250000
cell parameter: 0.404940 nm
Burgers vector: 0.202470 0.202470 0.000000 nm
Burgers vector screw part norm: 0.286336 nm
Burgers vector screw part: 0.202470 0.202470 0.000000 nm
Burgers vector edge part: 0.000000 0.000000 0.000000 nm
Burgers vector edge part norm: 0.000000 nm
screw dislocations detected
normalized Fourier variable direction: -0.707107 0.707107 0.000000
cross product of l_uni and L_uni: 0.000000 -0.000000 1.000000
|-0.707107  0.707107  0.000000|
| 0.000000 -0.000000  1.000000|
| 0.707107  0.707107  0.000000|
diffraction vector in slip frame: -3.492403 0.000000 3.492403 nm^-1
characteristic size of the region of interest: 3200.000000 nm
square region of interest detected
number of replications: 1
Fourier variable step size: 11.800000 nm
Fourier variable step vector: -8.343860 0.000000 8.343860 nm
Fourier variable step vector projection: -8.343860 0.000000 nm
Poisson's number: 0.345000
number of dislocations in the input file: 512
memory space for positions: 16384 Bytes
memory space for Burgers vectors: 2048 Bytes
total number of dislocations: 4608
memory space for positions and Burgers vectors: 18432 Bytes

STEP 02

STEP 03
memory space for random points positions: 1600000 Bytes

STEP 04
platforms IDs = 1
kernel code size = 7236 Bytes
hardware: 1
 
 Device is  Tesla P100-PCIE-16GB  GPU from  NVIDIA Corporation  with a max of 56 compute units 
work group, work item information
 max loc dim  1024  1024  64 
 Max work group size = 1024
 
 DEVICE_MAX_CONSTANT_ARGS is :  9
 CL_DEVICE_LOCAL_MEM_SIZE: 49152
OpenCL code successfully compiled

STEP 05
allocation host h_r1: 3200000 Bytes
allocation host h_u1: 6400000 Bytes
create input and output device buffers for Kernel 1
kernel 1 globalSize: 200000
kernel 1 localSize: 200
shared_size_kernel1: 6400 Bytes
kernel 1 arguments definition done
recommended workgroup size: 1024

STEP 06

STEP 07
kernel 1 execution time: 121.925 ms

STEP 08
output file: /export/home/becht/xrd-test/10_rho5e13m-2_square_3200nm_RDD_d5e-5nm-2_screw_S0_PBC1_output/07.dat
loop over Fourier coefficients
time-reduction: 2.715000e-03 s
1/Np = 0.000005
c1AL= 0.967301 err_C1= 0.000231
s1AL=-0.072049 err_S1= 0.000492
c2AL= 0.892635 err_C2= 0.000455
s2AL=-0.133770 err_S2= 0.000848
c3AL= 0.791334 err_C3= 0.000696
s3AL=-0.180233 err_S3= 0.001106
c4AL= 0.676525 err_C4= 0.000927
s4AL=-0.208392 err_S4= 0.001279
c5AL= 0.558671 err_C5= 0.001133
s5AL=-0.218405 err_S5= 0.001385
time-reduction: 2.727000e-03 s
1/Np = 0.000005
c1AL= 0.888721 err_C1= 0.000484
s1AL=-0.133316 err_S1= 0.000853
c2AL= 0.673373 err_C2= 0.000938
s2AL=-0.206533 err_S2= 0.001281
c3AL= 0.444328 err_C3= 0.001303
s3AL=-0.211691 err_S3= 0.001446
c4AL= 0.258529 err_C4= 0.001510
s4AL=-0.169239 err_S4= 0.001497
c5AL= 0.136729 err_C5= 0.001583
s5AL=-0.110148 err_S5= 0.001530
time-reduction: 2.739000e-03 s
1/Np = 0.000005
c1AL= 0.782870 err_C1= 0.000734
s1AL=-0.177961 err_S1= 0.001113
c2AL= 0.440980 err_C2= 0.001308
s2AL=-0.209652 err_S2= 0.001448
c3AL= 0.187679 err_C3= 0.001561
s3AL=-0.139105 err_S3= 0.001513
c4AL= 0.073680 err_C4= 0.001585
s4AL=-0.057870 err_S4= 0.001563
c5AL= 0.047353 err_C5= 0.001582
s5AL=-0.014358 err_S5= 0.001576
time-reduction: 2.702000e-03 s
1/Np = 0.000005
c1AL= 0.662656 err_C1= 0.000968
s1AL=-0.203913 err_S1= 0.001288
c2AL= 0.253330 err_C2= 0.001516
s2AL=-0.166107 err_S2= 0.001498
c3AL= 0.073141 err_C3= 0.001586
s3AL=-0.056917 err_S3= 0.001563
c4AL= 0.047055 err_C4= 0.001586
s4AL=-0.010311 err_S4= 0.001572
c5AL= 0.039725 err_C5= 0.001593
s5AL=-0.014814 err_S5= 0.001566
time-reduction: 2.720000e-03 s
1/Np = 0.000005
c1AL= 0.540016 err_C1= 0.001172
s1AL=-0.211799 err_S1= 0.001394
c2AL= 0.132877 err_C2= 0.001584
s2AL=-0.107074 err_S2= 0.001531
c3AL= 0.048860 err_C3= 0.001583
s3AL=-0.015124 err_S3= 0.001576
c4AL= 0.039549 err_C4= 0.001593
s4AL=-0.017573 err_S4= 0.001566
c5AL= 0.011505 err_C5= 0.001573
s5AL=-0.019828 err_S5= 0.001588
time-reduction: 1.806000e-03 s
1/Np = 0.000005
c1AL= 0.424637 err_C1= 0.001334
s1AL=-0.204232 err_S1= 0.001452
c2AL= 0.072871 err_C2= 0.001586
s2AL=-0.055783 err_S2= 0.001563
c3AL= 0.047325 err_C3= 0.001595
s3AL=-0.011183 err_S3= 0.001564
c4AL= 0.016194 err_C4= 0.001579
s4AL=-0.022072 err_S4= 0.001582
c5AL= 0.005559 err_C5= 0.001575
s5AL=-0.005510 err_S5= 0.001587
time-reduction: 1.775000e-03 s
1/Np = 0.000005
c1AL= 0.322421 err_C1= 0.001452
s1AL=-0.185155 err_S1= 0.001483
c2AL= 0.051624 err_C2= 0.001580
s2AL=-0.024023 err_S2= 0.001578
c3AL= 0.036152 err_C3= 0.001595
s3AL=-0.017869 err_S3= 0.001565
c4AL= 0.003322 err_C4= 0.001568
s4AL=-0.011602 err_S4= 0.001594
c5AL= 0.021754 err_C5= 0.001586
s5AL=-0.006265 err_S5= 0.001576
time-reduction: 1.789000e-03 s
1/Np = 0.000005
c1AL= 0.237159 err_C1= 0.001530
s1AL=-0.158746 err_S1= 0.001501
c2AL= 0.048462 err_C2= 0.001586
s2AL=-0.010286 err_S2= 0.001573
c3AL= 0.018553 err_C3= 0.001580
s3AL=-0.020968 err_S3= 0.001581
c4AL= 0.010549 err_C4= 0.001580
s4AL=-0.004291 err_S4= 0.001582
c5AL= 0.026023 err_C5= 0.001585
s5AL=-0.013178 err_S5= 0.001576
time-reduction: 1.780000e-03 s
1/Np = 0.000005
c1AL= 0.170594 err_C1= 0.001572
s1AL=-0.128685 err_S1= 0.001516
c2AL= 0.047046 err_C2= 0.001596
s2AL=-0.009331 err_S2= 0.001563
c3AL= 0.004764 err_C3= 0.001565
s3AL=-0.016624 err_S3= 0.001597
c4AL= 0.023253 err_C4= 0.001585
s4AL=-0.009246 err_S4= 0.001576
c5AL= 0.013416 err_C5= 0.001578
s5AL=-0.013048 err_S5= 0.001583
time-reduction: 1.777000e-03 s
1/Np = 0.000005
c1AL= 0.121716 err_C1= 0.001589
s1AL=-0.099061 err_S1= 0.001533
c2AL= 0.039753 err_C2= 0.001599
s2AL=-0.014435 err_S2= 0.001560
c3AL= 0.003956 err_C3= 0.001572
s3AL=-0.009553 err_S3= 0.001590
c4AL= 0.025628 err_C4= 0.001580
s4AL=-0.015045 err_S4= 0.001581
c5AL=-0.008591 err_C5= 0.001576
s5AL=-0.010163 err_S5= 0.001586
time-reduction: 1.803000e-03 s
1/Np = 0.000005
c1AL= 0.088024 err_C1= 0.001591
s1AL=-0.072323 err_S1= 0.001550
c2AL= 0.028239 err_C2= 0.001593
s2AL=-0.019926 err_S2= 0.001567
c3AL= 0.012353 err_C3= 0.001587
s3AL=-0.007369 err_S3= 0.001575
c4AL= 0.016384 err_C4= 0.001579
s4AL=-0.019769 err_S4= 0.001583
c5AL=-0.018468 err_C5= 0.001582
s5AL= 0.002590 err_S5= 0.001580
time-reduction: 1.814000e-03 s
1/Np = 0.000005
c1AL= 0.067517 err_C1= 0.001586
s1AL=-0.049632 err_S1= 0.001565
c2AL= 0.015639 err_C2= 0.001580
s2AL=-0.022158 err_S2= 0.001581
c3AL= 0.021404 err_C3= 0.001587
s3AL=-0.008696 err_S3= 0.001574
c4AL=-0.000835 err_C4= 0.001580
s4AL=-0.018103 err_S4= 0.001582
c5AL=-0.008258 err_C5= 0.001575
s5AL= 0.014193 err_S5= 0.001586
time-reduction: 1.797000e-03 s
1/Np = 0.000005
c1AL= 0.056650 err_C1= 0.001580
s1AL=-0.032236 err_S1= 0.001576
c2AL= 0.004960 err_C2= 0.001569
s2AL=-0.022800 err_S2= 0.001592
c3AL= 0.022791 err_C3= 0.001581
s3AL=-0.012044 err_S3= 0.001580
c4AL=-0.015325 err_C4= 0.001572
s4AL=-0.006870 err_S4= 0.001589
c5AL= 0.008129 err_C5= 0.001582
s5AL= 0.006544 err_S5= 0.001580
time-reduction: 1.810000e-03 s
1/Np = 0.000005
c1AL= 0.052529 err_C1= 0.001576
s1AL=-0.019714 err_S1= 0.001581
c2AL=-0.000385 err_C2= 0.001569
s2AL=-0.022581 err_S2= 0.001593
c3AL= 0.017713 err_C3= 0.001584
s3AL=-0.014380 err_S3= 0.001577
c4AL=-0.015478 err_C4= 0.001584
s4AL= 0.008297 err_S4= 0.001578
c5AL= 0.009263 err_C5= 0.001578
s5AL=-0.003662 err_S5= 0.001584
time-reduction: 1.798000e-03 s
1/Np = 0.000005
c1AL= 0.053751 err_C1= 0.001575
s1AL=-0.011810 err_S1= 0.001582
c2AL=-0.001564 err_C2= 0.001577
s2AL=-0.020095 err_S2= 0.001585
c3AL= 0.006882 err_C3= 0.001587
s3AL=-0.016525 err_S3= 0.001575
c4AL=-0.005778 err_C4= 0.001578
s4AL= 0.013081 err_S4= 0.001584
c5AL= 0.005358 err_C5= 0.001572
s5AL=-0.004290 err_S5= 0.001590
time-reduction: 1.804000e-03 s
1/Np = 0.000005
c1AL= 0.056660 err_C1= 0.001578
s1AL=-0.008180 err_S1= 0.001579
c2AL= 0.002215 err_C2= 0.001584
s2AL=-0.015988 err_S2= 0.001578
c3AL=-0.006188 err_C3= 0.001580
s3AL=-0.017335 err_S3= 0.001581
c4AL= 0.003692 err_C4= 0.001580
s4AL= 0.005525 err_S4= 0.001582
c5AL=-0.000149 err_C5= 0.001583
s5AL=-0.004350 err_S5= 0.001580
time-reduction: 1.816000e-03 s
1/Np = 0.000005
c1AL= 0.058980 err_C1= 0.001583
s1AL=-0.007027 err_S1= 0.001574
c2AL= 0.009188 err_C2= 0.001585
s2AL=-0.011794 err_S2= 0.001577
c3AL=-0.013968 err_C3= 0.001574
s3AL=-0.013268 err_S3= 0.001588
c4AL= 0.005384 err_C4= 0.001581
s4AL=-0.004386 err_S4= 0.001582
c5AL=-0.004934 err_C5= 0.001581
s5AL=-0.002543 err_S5= 0.001581
time-reduction: 1.799000e-03 s
1/Np = 0.000005
c1AL= 0.059927 err_C1= 0.001587
s1AL=-0.008914 err_S1= 0.001570
c2AL= 0.014390 err_C2= 0.001580
s2AL=-0.009139 err_S2= 0.001582
c3AL=-0.014783 err_C3= 0.001579
s3AL=-0.003126 err_S3= 0.001583
c4AL=-0.000658 err_C4= 0.001579
s4AL=-0.003783 err_S4= 0.001583
c5AL= 0.002623 err_C5= 0.001583
s5AL= 0.001888 err_S5= 0.001579
time-reduction: 1.825000e-03 s
1/Np = 0.000005
c1AL= 0.058953 err_C1= 0.001589
s1AL=-0.011981 err_S1= 0.001568
c2AL= 0.016322 err_C2= 0.001581
s2AL=-0.007452 err_S2= 0.001581
c3AL=-0.007944 err_C3= 0.001582
s3AL= 0.007754 err_S3= 0.001580
c4AL= 0.000009 err_C4= 0.001574
s4AL=-0.000106 err_S4= 0.001588
c5AL= 0.005778 err_C5= 0.001582
s5AL=-0.001935 err_S5= 0.001581
time-reduction: 1.802000e-03 s
1/Np = 0.000005
c1AL= 0.056438 err_C1= 0.001588
s1AL=-0.015793 err_S1= 0.001568
c2AL= 0.015599 err_C2= 0.001581
s2AL=-0.007924 err_S2= 0.001581
c3AL= 0.001404 err_C3= 0.001576
s3AL= 0.011425 err_S3= 0.001586
c4AL= 0.000635 err_C4= 0.001574
s4AL=-0.003594 err_S4= 0.001588
c5AL=-0.003960 err_C5= 0.001575
s5AL=-0.003447 err_S5= 0.001587
time-reduction: 1.813000e-03 s
1/Np = 0.000005
c1AL= 0.052372 err_C1= 0.001586
s1AL=-0.019712 err_S1= 0.001571
c2AL= 0.011902 err_C2= 0.001581
s2AL=-0.009926 err_S2= 0.001581
c3AL= 0.008414 err_C3= 0.001579
s3AL= 0.007778 err_S3= 0.001583
c4AL= 0.000539 err_C4= 0.001579
s4AL=-0.005468 err_S4= 0.001583
c5AL=-0.001241 err_C5= 0.001583
s5AL= 0.000807 err_S5= 0.001580
time-reduction: 1.827000e-03 s
1/Np = 0.000005
c1AL= 0.046492 err_C1= 0.001582
s1AL=-0.023106 err_S1= 0.001576
c2AL= 0.005049 err_C2= 0.001583
s2AL=-0.011878 err_S2= 0.001579
c3AL= 0.009808 err_C3= 0.001579
s3AL= 0.004006 err_S3= 0.001583
c4AL= 0.002802 err_C4= 0.001579
s4AL=-0.005715 err_S4= 0.001583
c5AL= 0.002246 err_C5= 0.001580
s5AL= 0.001599 err_S5= 0.001583
time-reduction: 1.813000e-03 s
1/Np = 0.000005
c1AL= 0.039517 err_C1= 0.001578
s1AL=-0.026045 err_S1= 0.001581
c2AL=-0.000596 err_C2= 0.001582
s2AL=-0.013089 err_S2= 0.001580
c3AL= 0.006245 err_C3= 0.001577
s3AL= 0.003641 err_S3= 0.001585
c4AL= 0.001162 err_C4= 0.001581
s4AL=-0.006052 err_S4= 0.001581
c5AL=-0.001507 err_C5= 0.001577
s5AL=-0.000597 err_S5= 0.001585
time-reduction: 1.841000e-03 s
1/Np = 0.000005
c1AL= 0.032519 err_C1= 0.001576
s1AL=-0.027483 err_S1= 0.001583
c2AL=-0.003959 err_C2= 0.001581
s2AL=-0.012776 err_S2= 0.001581
c3AL= 0.003366 err_C3= 0.001580
s3AL= 0.006531 err_S3= 0.001582
c4AL= 0.000338 err_C4= 0.001580
s4AL=-0.003704 err_S4= 0.001582
c5AL=-0.002806 err_C5= 0.001581
s5AL=-0.001732 err_S5= 0.001581
time-reduction: 1.811000e-03 s
1/Np = 0.000005
c1AL= 0.026658 err_C1= 0.001576
s1AL=-0.027374 err_S1= 0.001584
c2AL=-0.005551 err_C2= 0.001581
s2AL=-0.010625 err_S2= 0.001581
c3AL= 0.001857 err_C3= 0.001579
s3AL= 0.011490 err_S3= 0.001583
c4AL=-0.000398 err_C4= 0.001578
s4AL=-0.002461 err_S4= 0.001585
c5AL= 0.001167 err_C5= 0.001581
s5AL= 0.002412 err_S5= 0.001582
time-reduction: 1.819000e-03 s
1/Np = 0.000005
c1AL= 0.022714 err_C1= 0.001577
s1AL=-0.025805 err_S1= 0.001583
c2AL=-0.003834 err_C2= 0.001581
s2AL=-0.007320 err_S2= 0.001581
c3AL= 0.001746 err_C3= 0.001577
s3AL= 0.014063 err_S3= 0.001585
c4AL=-0.000484 err_C4= 0.001580
s4AL=-0.003517 err_S4= 0.001582
c5AL= 0.006617 err_C5= 0.001583
s5AL= 0.003053 err_S5= 0.001579
time-reduction: 1.826000e-03 s
1/Np = 0.000005
c1AL= 0.021027 err_C1= 0.001580
s1AL=-0.023835 err_S1= 0.001580
c2AL=-0.000043 err_C2= 0.001580
s2AL=-0.004133 err_S2= 0.001583
c3AL= 0.001482 err_C3= 0.001581
s3AL= 0.011726 err_S3= 0.001581
c4AL=-0.001765 err_C4= 0.001583
s4AL=-0.005752 err_S4= 0.001580
c5AL= 0.004100 err_C5= 0.001578
s5AL= 0.001326 err_S5= 0.001584
time-reduction: 1.810000e-03 s
1/Np = 0.000005
c1AL= 0.021709 err_C1= 0.001583
s1AL=-0.021689 err_S1= 0.001578
c2AL= 0.003155 err_C2= 0.001578
s2AL=-0.002403 err_S2= 0.001584
c3AL= 0.001978 err_C3= 0.001578
s3AL= 0.006612 err_S3= 0.001584
c4AL=-0.003538 err_C4= 0.001583
s4AL=-0.002270 err_S4= 0.001579
c5AL=-0.000856 err_C5= 0.001582
s5AL=-0.001432 err_S5= 0.001580
time-reduction: 1.834000e-03 s
1/Np = 0.000005
c1AL= 0.024614 err_C1= 0.001585
s1AL=-0.019434 err_S1= 0.001576
c2AL= 0.005564 err_C2= 0.001578
s2AL=-0.002426 err_S2= 0.001584
c3AL= 0.003712 err_C3= 0.001578
s3AL= 0.000293 err_S3= 0.001584
c4AL=-0.003833 err_C4= 0.001579
s4AL= 0.007922 err_S4= 0.001583
c5AL=-0.002238 err_C5= 0.001584
s5AL=-0.003146 err_S5= 0.001578
time-reduction: 1.799000e-03 s
1/Np = 0.000005
c1AL= 0.030542 err_C1= 0.001584
s1AL=-0.017471 err_S1= 0.001576
c2AL= 0.005404 err_C2= 0.001580
s2AL=-0.003537 err_S2= 0.001582
c3AL= 0.004449 err_C3= 0.001578
s3AL=-0.004009 err_S3= 0.001584
c4AL=-0.001605 err_C4= 0.001581
s4AL= 0.014946 err_S4= 0.001581
c5AL=-0.003106 err_C5= 0.001580
s5AL=-0.000343 err_S5= 0.001582
time-reduction: 1.830000e-03 s
1/Np = 0.000005
c1AL= 0.037285 err_C1= 0.001581
s1AL=-0.017021 err_S1= 0.001579
c2AL= 0.002688 err_C2= 0.001581
s2AL=-0.004653 err_S2= 0.001581
c3AL= 0.004130 err_C3= 0.001577
s3AL=-0.005209 err_S3= 0.001585
c4AL= 0.000460 err_C4= 0.001584
s4AL= 0.013134 err_S4= 0.001578
c5AL=-0.001880 err_C5= 0.001579
s5AL= 0.001616 err_S5= 0.001583
time-reduction: 1.810000e-03 s
1/Np = 0.000005
c1AL= 0.043066 err_C1= 0.001578
s1AL=-0.017170 err_S1= 0.001581
c2AL=-0.000112 err_C2= 0.001581
s2AL=-0.006676 err_S2= 0.001581
c3AL= 0.002927 err_C3= 0.001577
s3AL=-0.004810 err_S3= 0.001586
c4AL= 0.000423 err_C4= 0.001583
s4AL= 0.006865 err_S4= 0.001580
c5AL=-0.003261 err_C5= 0.001581
s5AL= 0.001178 err_S5= 0.001582
time-reduction: 1.807000e-03 s
1/Np = 0.000005
c1AL= 0.048082 err_C1= 0.001575
s1AL=-0.019046 err_S1= 0.001583
c2AL=-0.002545 err_C2= 0.001578
s2AL=-0.007272 err_S2= 0.001584
c3AL= 0.004199 err_C3= 0.001576
s3AL=-0.002878 err_S3= 0.001586
c4AL=-0.003521 err_C4= 0.001581
s4AL= 0.003723 err_S4= 0.001581
c5AL=-0.004869 err_C5= 0.001579
s5AL=-0.001023 err_S5= 0.001583
time-reduction: 1.803000e-03 s
1/Np = 0.000005
c1AL= 0.051285 err_C1= 0.001574
s1AL=-0.021124 err_S1= 0.001583
c2AL=-0.003315 err_C2= 0.001579
s2AL=-0.006679 err_S2= 0.001583
c3AL= 0.006685 err_C3= 0.001576
s3AL=-0.003279 err_S3= 0.001586
c4AL=-0.002051 err_C4= 0.001582
s4AL= 0.003392 err_S4= 0.001580
c5AL=-0.002664 err_C5= 0.001581
s5AL=-0.003104 err_S5= 0.001581
time-reduction: 1.806000e-03 s
1/Np = 0.000005
c1AL= 0.052978 err_C1= 0.001575
s1AL=-0.023256 err_S1= 0.001582
c2AL=-0.001973 err_C2= 0.001583
s2AL=-0.004354 err_S2= 0.001579
c3AL= 0.006226 err_C3= 0.001577
s3AL=-0.005321 err_S3= 0.001585
c4AL= 0.002118 err_C4= 0.001580
s4AL= 0.004160 err_S4= 0.001582
c5AL=-0.000645 err_C5= 0.001580
s5AL=-0.004447 err_S5= 0.001583
time-reduction: 1.831000e-03 s
1/Np = 0.000005
c1AL= 0.051814 err_C1= 0.001577
s1AL=-0.024851 err_S1= 0.001580
c2AL= 0.000310 err_C2= 0.001587
s2AL=-0.001281 err_S2= 0.001576
c3AL= 0.004432 err_C3= 0.001575
s3AL=-0.005231 err_S3= 0.001587
c4AL= 0.006959 err_C4= 0.001580
s4AL= 0.001149 err_S4= 0.001582
c5AL= 0.002286 err_C5= 0.001577
s5AL=-0.008218 err_S5= 0.001585
time-reduction: 1.814000e-03 s
1/Np = 0.000005
c1AL= 0.048539 err_C1= 0.001580
s1AL=-0.025864 err_S1= 0.001578
c2AL= 0.003252 err_C2= 0.001587
s2AL= 0.003435 err_S2= 0.001575
c3AL= 0.002339 err_C3= 0.001579
s3AL=-0.003502 err_S3= 0.001583
c4AL= 0.007658 err_C4= 0.001580
s4AL=-0.002120 err_S4= 0.001582
c5AL= 0.003529 err_C5= 0.001580
s5AL=-0.006820 err_S5= 0.001582
time-reduction: 1.829000e-03 s
1/Np = 0.000005
c1AL= 0.043928 err_C1= 0.001583
s1AL=-0.026716 err_S1= 0.001575
c2AL= 0.006298 err_C2= 0.001588
s2AL= 0.007805 err_S2= 0.001575
c3AL= 0.001695 err_C3= 0.001585
s3AL= 0.001737 err_S3= 0.001578
c4AL= 0.008223 err_C4= 0.001578
s4AL=-0.001589 err_S4= 0.001584
c5AL= 0.003604 err_C5= 0.001582
s5AL=-0.005678 err_S5= 0.001581
time-reduction: 1.809000e-03 s
1/Np = 0.000005
c1AL= 0.038965 err_C1= 0.001587
s1AL=-0.027703 err_S1= 0.001572
c2AL= 0.010140 err_C2= 0.001588
s2AL= 0.011333 err_S2= 0.001574
c3AL= 0.003066 err_C3= 0.001586
s3AL= 0.005656 err_S3= 0.001577
c4AL= 0.008578 err_C4= 0.001584
s4AL=-0.000803 err_S4= 0.001579
c5AL= 0.000789 err_C5= 0.001581
s5AL=-0.002318 err_S5= 0.001581
time-reduction: 1.805000e-03 s
1/Np = 0.000005
c1AL= 0.033223 err_C1= 0.001591
s1AL=-0.028813 err_S1= 0.001569
c2AL= 0.014226 err_C2= 0.001587
s2AL= 0.013502 err_S2= 0.001575
c3AL= 0.004480 err_C3= 0.001580
s3AL= 0.010003 err_S3= 0.001582
c4AL= 0.007285 err_C4= 0.001581
s4AL= 0.000423 err_S4= 0.001581
c5AL=-0.001219 err_C5= 0.001580
s5AL= 0.002890 err_S5= 0.001582
time-reduction: 1.807000e-03 s
1/Np = 0.000005
c1AL= 0.027511 err_C1= 0.001595
s1AL=-0.029402 err_S1= 0.001565
c2AL= 0.019062 err_C2= 0.001583
s2AL= 0.013913 err_S2= 0.001579
c3AL= 0.005094 err_C3= 0.001577
s3AL= 0.010406 err_S3= 0.001585
c4AL= 0.002837 err_C4= 0.001584
s4AL= 0.000881 err_S4= 0.001578
c5AL=-0.000689 err_C5= 0.001582
s5AL= 0.007980 err_S5= 0.001580
time-reduction: 1.818000e-03 s
1/Np = 0.000005
c1AL= 0.022736 err_C1= 0.001597
s1AL=-0.029322 err_S1= 0.001563
c2AL= 0.020675 err_C2= 0.001583
s2AL= 0.010589 err_S2= 0.001579
c3AL= 0.005186 err_C3= 0.001578
s3AL= 0.008656 err_S3= 0.001584
c4AL= 0.002862 err_C4= 0.001581
s4AL= 0.003600 err_S4= 0.001581
c5AL= 0.002785 err_C5= 0.001578
s5AL= 0.006410 err_S5= 0.001584
time-reduction: 1.830000e-03 s
1/Np = 0.000005
c1AL= 0.017953 err_C1= 0.001595
s1AL=-0.029509 err_S1= 0.001565
c2AL= 0.018417 err_C2= 0.001583
s2AL= 0.005075 err_S2= 0.001579
c3AL= 0.004760 err_C3= 0.001579
s3AL= 0.006623 err_S3= 0.001583
c4AL= 0.003243 err_C4= 0.001581
s4AL= 0.003887 err_S4= 0.001581
c5AL= 0.004107 err_C5= 0.001579
s5AL= 0.004939 err_S5= 0.001583
time-reduction: 1.805000e-03 s
1/Np = 0.000005
c1AL= 0.013152 err_C1= 0.001590
s1AL=-0.029469 err_S1= 0.001570
c2AL= 0.012069 err_C2= 0.001584
s2AL= 0.000665 err_S2= 0.001578
c3AL= 0.003428 err_C3= 0.001579
s3AL= 0.004849 err_S3= 0.001583
c4AL= 0.003718 err_C4= 0.001583
s4AL= 0.003593 err_S4= 0.001579
c5AL= 0.001767 err_C5= 0.001579
s5AL= 0.008614 err_S5= 0.001584
time-reduction: 1.833000e-03 s
1/Np = 0.000005
c1AL= 0.007734 err_C1= 0.001585
s1AL=-0.028996 err_S1= 0.001576
c2AL= 0.005355 err_C2= 0.001585
s2AL= 0.001016 err_S2= 0.001577
c3AL= 0.002607 err_C3= 0.001581
s3AL= 0.003858 err_S3= 0.001582
c4AL= 0.004778 err_C4= 0.001582
s4AL= 0.001487 err_S4= 0.001581
c5AL= 0.001909 err_C5= 0.001579
s5AL= 0.008991 err_S5= 0.001583
time-reduction: 1.834000e-03 s
1/Np = 0.000005
c1AL= 0.001922 err_C1= 0.001582
s1AL=-0.027839 err_S1= 0.001579
c2AL= 0.000594 err_C2= 0.001583
s2AL= 0.003328 err_S2= 0.001579
c3AL= 0.002834 err_C3= 0.001584
s3AL= 0.002754 err_S3= 0.001578
c4AL= 0.002422 err_C4= 0.001577
s4AL= 0.000354 err_S4= 0.001585
c5AL= 0.004049 err_C5= 0.001580
s5AL= 0.005495 err_S5= 0.001582
time-reduction: 1.807000e-03 s
1/Np = 0.000005
c1AL=-0.003861 err_C1= 0.001580
s1AL=-0.025362 err_S1= 0.001581
c2AL=-0.001466 err_C2= 0.001582
s2AL= 0.004947 err_S2= 0.001580
c3AL= 0.001665 err_C3= 0.001583
s3AL=-0.001053 err_S3= 0.001579
c4AL= 0.000854 err_C4= 0.001580
s4AL=-0.002026 err_S4= 0.001583
c5AL= 0.002810 err_C5= 0.001579
s5AL= 0.001137 err_S5= 0.001583
time-reduction: 1.827000e-03 s
1/Np = 0.000005
c1AL=-0.008792 err_C1= 0.001580
s1AL=-0.022116 err_S1= 0.001581
c2AL=-0.001033 err_C2= 0.001580
s2AL= 0.005296 err_S2= 0.001582
c3AL=-0.001257 err_C3= 0.001578
s3AL=-0.004203 err_S3= 0.001584
c4AL=-0.000959 err_C4= 0.001581
s4AL=-0.002329 err_S4= 0.001582
c5AL= 0.002000 err_C5= 0.001580
s5AL= 0.002055 err_S5= 0.001582
time-reduction: 1.819000e-03 s
1/Np = 0.000005
c1AL=-0.012209 err_C1= 0.001581
s1AL=-0.017400 err_S1= 0.001580
c2AL= 0.000467 err_C2= 0.001580
s2AL= 0.003722 err_S2= 0.001583
c3AL=-0.004992 err_C3= 0.001578
s3AL=-0.003701 err_S3= 0.001584
c4AL=-0.001900 err_C4= 0.001580
s4AL= 0.001410 err_S4= 0.001583
c5AL=-0.000370 err_C5= 0.001581
s5AL= 0.003211 err_S5= 0.001581
time-reduction: 1.818000e-03 s
1/Np = 0.000005
c1AL=-0.014095 err_C1= 0.001582
s1AL=-0.011601 err_S1= 0.001579
c2AL= 0.001989 err_C2= 0.001579
s2AL= 0.000187 err_S2= 0.001583
c3AL=-0.006201 err_C3= 0.001577
s3AL=-0.000313 err_S3= 0.001585
c4AL=-0.002781 err_C4= 0.001583
s4AL= 0.005717 err_S4= 0.001580
c5AL= 0.001628 err_C5= 0.001586
s5AL= 0.001710 err_S5= 0.001576

STEP 09

STEP 10
free memory references from device
free memory references from host

STEP 11
operations done by kernel 1: 1.843240e+10
floating point operations per second: 151.178511 GFLOPS
duration: 1.219247e-01 s
operations done by kernel 2: 2.488800e+10
floating point operations per second: 214.380693 GFLOPS
duration: 5.804085 s (cumulated for all Fourier coefficients)
program ended successfully
