
lpa-xrd version: 0.9.5

STEP 01
number of random points for the Monte Carlo method: 200000
number of values taken by the Fourier variable: 50
input data file: /export/home/becht/xrd-test/input/10_rho5e13m-2_square_3200nm_RDD_d5e-5nm-2_screw_S0_PBC1/08.dat
lpa-input version: 1.2.4
density: 5.00e+13 m^-2
direction of 'l' (line vector): 1 1 0 [uvw]
direction of 'L' (Fourier variable): -1 1 0 [uvw]
Burgers vector direction: 1 1 0 [uvw]
normalized line vector: 0.707107 0.707107 0.000000
diffraction vector direction: 2 0 0 (hkl)
normalized diffraction vector: 1.000000 0.000000 0.000000
contrast coefficient: 0.250000
cell parameter: 0.404940 nm
Burgers vector: 0.202470 0.202470 0.000000 nm
Burgers vector screw part norm: 0.286336 nm
Burgers vector screw part: 0.202470 0.202470 0.000000 nm
Burgers vector edge part: 0.000000 0.000000 0.000000 nm
Burgers vector edge part norm: 0.000000 nm
screw dislocations detected
normalized Fourier variable direction: -0.707107 0.707107 0.000000
cross product of l_uni and L_uni: 0.000000 -0.000000 1.000000
|-0.707107  0.707107  0.000000|
| 0.000000 -0.000000  1.000000|
| 0.707107  0.707107  0.000000|
diffraction vector in slip frame: -3.492403 0.000000 3.492403 nm^-1
characteristic size of the region of interest: 3200.000000 nm
square region of interest detected
number of replications: 1
Fourier variable step size: 11.800000 nm
Fourier variable step vector: -8.343860 0.000000 8.343860 nm
Fourier variable step vector projection: -8.343860 0.000000 nm
Poisson's number: 0.345000
number of dislocations in the input file: 512
memory space for positions: 16384 Bytes
memory space for Burgers vectors: 2048 Bytes
total number of dislocations: 4608
memory space for positions and Burgers vectors: 18432 Bytes

STEP 02

STEP 03
memory space for random points positions: 1600000 Bytes

STEP 04
platforms IDs = 1
kernel code size = 7236 Bytes
hardware: 1
 
 Device is  Tesla P100-PCIE-16GB  GPU from  NVIDIA Corporation  with a max of 56 compute units 
work group, work item information
 max loc dim  1024  1024  64 
 Max work group size = 1024
 
 DEVICE_MAX_CONSTANT_ARGS is :  9
 CL_DEVICE_LOCAL_MEM_SIZE: 49152
OpenCL code successfully compiled

STEP 05
allocation host h_r1: 3200000 Bytes
allocation host h_u1: 6400000 Bytes
create input and output device buffers for Kernel 1
kernel 1 globalSize: 200000
kernel 1 localSize: 200
shared_size_kernel1: 6400 Bytes
kernel 1 arguments definition done
recommended workgroup size: 1024

STEP 06

STEP 07
kernel 1 execution time: 116.817 ms

STEP 08
output file: /export/home/becht/xrd-test/10_rho5e13m-2_square_3200nm_RDD_d5e-5nm-2_screw_S0_PBC1_output/08.dat
loop over Fourier coefficients
time-reduction: 1.961000e-03 s
1/Np = 0.000005
c1AL= 0.967874 err_C1= 0.000233
s1AL=-0.034552 err_S1= 0.000506
c2AL= 0.895332 err_C2= 0.000449
s2AL=-0.063690 err_S2= 0.000878
c3AL= 0.796582 err_C3= 0.000684
s3AL=-0.083335 err_S3= 0.001151
c4AL= 0.683837 err_C4= 0.000906
s4AL=-0.092819 err_S4= 0.001341
c5AL= 0.567728 err_C5= 0.001095
s5AL=-0.092090 err_S5= 0.001465
time-reduction: 1.951000e-03 s
1/Np = 0.000005
c1AL= 0.891648 err_C1= 0.000477
s1AL=-0.063220 err_S1= 0.000882
c2AL= 0.681070 err_C2= 0.000914
s2AL=-0.092257 err_S2= 0.001343
c3AL= 0.453540 err_C3= 0.001249
s3AL=-0.083397 err_S3= 0.001542
c4AL= 0.261559 err_C4= 0.001440
s4AL=-0.054579 err_S4= 0.001603
c5AL= 0.123044 err_C5= 0.001535
s5AL=-0.025782 err_S5= 0.001601
time-reduction: 1.951000e-03 s
1/Np = 0.000005
c1AL= 0.787636 err_C1= 0.000723
s1AL=-0.082094 err_S1= 0.001159
c2AL= 0.449573 err_C2= 0.001255
s2AL=-0.083154 err_S2= 0.001543
c3AL= 0.183442 err_C3= 0.001498
s3AL=-0.038980 err_S3= 0.001606
c4AL= 0.034283 err_C4= 0.001569
s4AL=-0.005199 err_S4= 0.001591
c5AL=-0.025877 err_C5= 0.001576
s5AL= 0.004781 err_S5= 0.001585
time-reduction: 1.963000e-03 s
1/Np = 0.000005
c1AL= 0.669236 err_C1= 0.000949
s1AL=-0.090285 err_S1= 0.001349
c2AL= 0.255691 err_C2= 0.001446
s2AL=-0.053911 err_S2= 0.001603
c3AL= 0.032462 err_C3= 0.001569
s3AL=-0.005006 err_S3= 0.001591
c4AL=-0.033175 err_C4= 0.001581
s4AL= 0.005306 err_S4= 0.001579
c5AL=-0.025292 err_C5= 0.001591
s5AL=-0.006490 err_S5= 0.001570
time-reduction: 1.951000e-03 s
1/Np = 0.000005
c1AL= 0.547902 err_C1= 0.001135
s1AL=-0.088318 err_S1= 0.001474
c2AL= 0.115828 err_C2= 0.001540
s2AL=-0.025222 err_S2= 0.001600
c3AL=-0.027738 err_C3= 0.001577
s3AL= 0.006850 err_S3= 0.001584
c4AL=-0.025006 err_C4= 0.001592
s4AL=-0.005818 err_S4= 0.001570
c5AL=-0.010857 err_C5= 0.001577
s5AL=-0.019684 err_S5= 0.001585
time-reduction: 1.952000e-03 s
1/Np = 0.000005
c1AL= 0.431541 err_C1= 0.001280
s1AL=-0.078541 err_S1= 0.001549
c2AL= 0.027412 err_C2= 0.001571
s2AL=-0.005728 err_S2= 0.001590
c3AL=-0.033555 err_C3= 0.001591
s3AL= 0.003397 err_S3= 0.001569
c4AL=-0.011783 err_C4= 0.001580
s4AL=-0.018042 err_S4= 0.001582
c5AL=-0.003157 err_C5= 0.001587
s5AL=-0.008643 err_S5= 0.001575
time-reduction: 1.965000e-03 s
1/Np = 0.000005
c1AL= 0.326435 err_C1= 0.001385
s1AL=-0.064874 err_S1= 0.001590
c2AL=-0.019645 err_C2= 0.001574
s2AL= 0.004315 err_S2= 0.001587
c3AL=-0.019081 err_C3= 0.001591
s3AL=-0.009886 err_S3= 0.001571
c4AL=-0.007804 err_C4= 0.001585
s4AL=-0.013521 err_S4= 0.001577
c5AL= 0.013478 err_C5= 0.001579
s5AL=-0.001445 err_S5= 0.001583
time-reduction: 1.947000e-03 s
1/Np = 0.000005
c1AL= 0.234770 err_C1= 0.001460
s1AL=-0.049720 err_S1= 0.001606
c2AL=-0.036789 err_C2= 0.001582
s2AL= 0.006440 err_S2= 0.001578
c3AL=-0.009580 err_C3= 0.001582
s3AL=-0.018970 err_S3= 0.001580
c4AL= 0.003991 err_C4= 0.001587
s4AL=-0.004594 err_S4= 0.001576
c5AL= 0.017372 err_C5= 0.001579
s5AL=-0.005127 err_S5= 0.001583
time-reduction: 1.961000e-03 s
1/Np = 0.000005
c1AL= 0.158053 err_C1= 0.001513
s1AL=-0.034811 err_S1= 0.001606
c2AL=-0.034360 err_C2= 0.001591
s2AL= 0.001807 err_S2= 0.001569
c3AL=-0.007178 err_C3= 0.001584
s3AL=-0.016388 err_S3= 0.001578
c4AL= 0.015123 err_C4= 0.001579
s4AL=-0.002691 err_S4= 0.001583
c5AL= 0.004905 err_C5= 0.001586
s5AL=-0.003316 err_S5= 0.001577
time-reduction: 1.944000e-03 s
1/Np = 0.000005
c1AL= 0.096487 err_C1= 0.001548
s1AL=-0.022023 err_S1= 0.001598
c2AL=-0.023017 err_C2= 0.001594
s2AL=-0.008425 err_S2= 0.001567
c3AL=-0.001623 err_C3= 0.001588
s3AL=-0.008187 err_S3= 0.001574
c4AL= 0.017701 err_C4= 0.001582
s4AL=-0.003219 err_S4= 0.001579
c5AL=-0.000025 err_C5= 0.001585
s5AL= 0.000884 err_S5= 0.001577
time-reduction: 1.943000e-03 s
1/Np = 0.000005
c1AL= 0.048705 err_C1= 0.001567
s1AL=-0.012015 err_S1= 0.001591
c2AL=-0.012922 err_C2= 0.001586
s2AL=-0.019433 err_S2= 0.001576
c3AL= 0.009228 err_C3= 0.001585
s3AL=-0.004394 err_S3= 0.001577
c4AL= 0.005994 err_C4= 0.001583
s4AL=-0.001639 err_S4= 0.001579
c5AL= 0.006628 err_C5= 0.001580
s5AL= 0.000836 err_S5= 0.001583
time-reduction: 1.971000e-03 s
1/Np = 0.000005
c1AL= 0.013228 err_C1= 0.001574
s1AL=-0.004027 err_S1= 0.001588
c2AL=-0.008292 err_C2= 0.001577
s2AL=-0.024880 err_S2= 0.001584
c3AL= 0.015640 err_C3= 0.001583
s3AL=-0.004547 err_S3= 0.001579
c4AL=-0.004742 err_C4= 0.001589
s4AL= 0.001029 err_S4= 0.001573
c5AL= 0.011665 err_C5= 0.001578
s5AL= 0.004952 err_S5= 0.001584
time-reduction: 1.952000e-03 s
1/Np = 0.000005
c1AL=-0.011787 err_C1= 0.001574
s1AL= 0.002333 err_S1= 0.001588
c2AL=-0.008575 err_C2= 0.001580
s2AL=-0.022760 err_S2= 0.001581
c3AL= 0.014442 err_C3= 0.001585
s3AL=-0.002298 err_S3= 0.001577
c4AL=-0.000997 err_C4= 0.001584
s4AL= 0.003023 err_S4= 0.001578
c5AL= 0.010434 err_C5= 0.001583
s5AL= 0.004524 err_S5= 0.001579
time-reduction: 1.952000e-03 s
1/Np = 0.000005
c1AL=-0.027342 err_C1= 0.001575
s1AL= 0.007364 err_S1= 0.001586
c2AL=-0.006850 err_C2= 0.001587
s2AL=-0.014719 err_S2= 0.001575
c3AL= 0.010082 err_C3= 0.001582
s3AL= 0.003476 err_S3= 0.001580
c4AL= 0.007484 err_C4= 0.001580
s4AL= 0.000849 err_S4= 0.001582
c5AL= 0.007363 err_C5= 0.001583
s5AL= 0.000106 err_S5= 0.001580
time-reduction: 1.941000e-03 s
1/Np = 0.000005
c1AL=-0.035220 err_C1= 0.001579
s1AL= 0.010868 err_S1= 0.001581
c2AL=-0.000233 err_C2= 0.001590
s2AL=-0.006356 err_S2= 0.001572
c3AL= 0.003224 err_C3= 0.001588
s3AL= 0.006075 err_S3= 0.001575
c4AL= 0.010969 err_C4= 0.001577
s4AL= 0.004756 err_S4= 0.001585
c5AL= 0.006367 err_C5= 0.001582
s5AL=-0.008273 err_S5= 0.001580
time-reduction: 1.952000e-03 s
1/Np = 0.000005
c1AL=-0.036967 err_C1= 0.001586
s1AL= 0.012647 err_S1= 0.001574
c2AL= 0.008673 err_C2= 0.001589
s2AL=-0.002722 err_S2= 0.001573
c3AL=-0.001261 err_C3= 0.001590
s3AL= 0.009429 err_S3= 0.001572
c4AL= 0.009969 err_C4= 0.001586
s4AL= 0.006686 err_S4= 0.001576
c5AL= 0.002316 err_C5= 0.001578
s5AL=-0.011146 err_S5= 0.001584
time-reduction: 1.951000e-03 s
1/Np = 0.000005
c1AL=-0.034295 err_C1= 0.001592
s1AL= 0.013821 err_S1= 0.001568
c2AL= 0.015602 err_C2= 0.001586
s2AL=-0.003122 err_S2= 0.001576
c3AL= 0.001674 err_C3= 0.001587
s3AL= 0.011191 err_S3= 0.001575
c4AL= 0.006690 err_C4= 0.001590
s4AL= 0.000311 err_S4= 0.001572
c5AL= 0.003130 err_C5= 0.001579
s5AL=-0.005788 err_S5= 0.001583
time-reduction: 1.952000e-03 s
1/Np = 0.000005
c1AL=-0.029424 err_C1= 0.001594
s1AL= 0.013423 err_S1= 0.001566
c2AL= 0.018216 err_C2= 0.001584
s2AL=-0.006138 err_S2= 0.001578
c3AL= 0.008318 err_C3= 0.001582
s3AL= 0.010051 err_S3= 0.001580
c4AL= 0.004209 err_C4= 0.001584
s4AL=-0.007401 err_S4= 0.001579
c5AL= 0.005431 err_C5= 0.001586
s5AL= 0.000198 err_S5= 0.001577
time-reduction: 1.944000e-03 s
1/Np = 0.000005
c1AL=-0.023489 err_C1= 0.001594
s1AL= 0.011762 err_S1= 0.001567
c2AL= 0.017587 err_C2= 0.001582
s2AL=-0.007425 err_S2= 0.001580
c3AL= 0.011122 err_C3= 0.001576
s3AL= 0.009154 err_S3= 0.001586
c4AL= 0.001511 err_C4= 0.001582
s4AL=-0.013777 err_S4= 0.001580
c5AL= 0.005569 err_C5= 0.001584
s5AL= 0.003724 err_S5= 0.001578
time-reduction: 1.958000e-03 s
1/Np = 0.000005
c1AL=-0.017121 err_C1= 0.001592
s1AL= 0.008483 err_S1= 0.001569
c2AL= 0.014577 err_C2= 0.001581
s2AL=-0.006684 err_S2= 0.001581
c3AL= 0.010030 err_C3= 0.001576
s3AL= 0.009207 err_S3= 0.001586
c4AL= 0.000384 err_C4= 0.001584
s4AL=-0.013026 err_S4= 0.001578
c5AL= 0.008306 err_C5= 0.001582
s5AL= 0.001246 err_S5= 0.001580
time-reduction: 1.944000e-03 s
1/Np = 0.000005
c1AL=-0.011292 err_C1= 0.001589
s1AL= 0.004550 err_S1= 0.001573
c2AL= 0.009850 err_C2= 0.001583
s2AL=-0.004783 err_S2= 0.001579
c3AL= 0.008241 err_C3= 0.001579
s3AL= 0.009088 err_S3= 0.001583
c4AL= 0.002957 err_C4= 0.001580
s4AL=-0.006005 err_S4= 0.001582
c5AL= 0.006902 err_C5= 0.001583
s5AL=-0.002209 err_S5= 0.001579
time-reduction: 1.949000e-03 s
1/Np = 0.000005
c1AL=-0.008281 err_C1= 0.001584
s1AL= 0.000374 err_S1= 0.001578
c2AL= 0.004012 err_C2= 0.001585
s2AL=-0.001989 err_S2= 0.001577
c3AL= 0.006378 err_C3= 0.001584
s3AL= 0.003536 err_S3= 0.001579
c4AL= 0.005487 err_C4= 0.001580
s4AL=-0.004200 err_S4= 0.001582
c5AL= 0.004062 err_C5= 0.001581
s5AL=-0.006070 err_S5= 0.001581
time-reduction: 1.967000e-03 s
1/Np = 0.000005
c1AL=-0.007200 err_C1= 0.001580
s1AL=-0.003633 err_S1= 0.001582
c2AL=-0.001361 err_C2= 0.001584
s2AL=-0.000208 err_S2= 0.001578
c3AL= 0.007459 err_C3= 0.001587
s3AL=-0.004556 err_S3= 0.001575
c4AL= 0.004014 err_C4= 0.001584
s4AL=-0.004496 err_S4= 0.001578
c5AL=-0.001327 err_C5= 0.001584
s5AL=-0.003773 err_S5= 0.001578
time-reduction: 1.954000e-03 s
1/Np = 0.000005
c1AL=-0.008769 err_C1= 0.001577
s1AL=-0.006392 err_S1= 0.001585
c2AL=-0.005514 err_C2= 0.001585
s2AL= 0.002268 err_S2= 0.001577
c3AL= 0.007741 err_C3= 0.001582
s3AL=-0.011650 err_S3= 0.001580
c4AL= 0.004932 err_C4= 0.001588
s4AL=-0.003404 err_S4= 0.001575
c5AL=-0.003121 err_C5= 0.001580
s5AL=-0.000107 err_S5= 0.001583
time-reduction: 1.948000e-03 s
1/Np = 0.000005
c1AL=-0.012681 err_C1= 0.001574
s1AL=-0.008425 err_S1= 0.001588
c2AL=-0.008585 err_C2= 0.001588
s2AL= 0.006798 err_S2= 0.001574
c3AL= 0.005964 err_C3= 0.001579
s3AL=-0.014706 err_S3= 0.001583
c4AL= 0.009099 err_C4= 0.001582
s4AL=-0.003764 err_S4= 0.001580
c5AL= 0.000665 err_C5= 0.001576
s5AL= 0.001988 err_S5= 0.001586
time-reduction: 1.950000e-03 s
1/Np = 0.000005
c1AL=-0.017570 err_C1= 0.001573
s1AL=-0.008142 err_S1= 0.001588
c2AL=-0.009276 err_C2= 0.001587
s2AL= 0.011240 err_S2= 0.001575
c3AL= 0.004863 err_C3= 0.001580
s3AL=-0.015577 err_S3= 0.001581
c4AL= 0.007183 err_C4= 0.001576
s4AL=-0.004638 err_S4= 0.001586
c5AL= 0.010146 err_C5= 0.001579
s5AL= 0.001424 err_S5= 0.001583
time-reduction: 1.942000e-03 s
1/Np = 0.000005
c1AL=-0.021927 err_C1= 0.001574
s1AL=-0.005789 err_S1= 0.001587
c2AL=-0.007621 err_C2= 0.001581
s2AL= 0.015994 err_S2= 0.001580
c3AL= 0.002105 err_C3= 0.001583
s3AL=-0.016659 err_S3= 0.001579
c4AL= 0.000564 err_C4= 0.001581
s4AL=-0.003548 err_S4= 0.001581
c5AL= 0.013985 err_C5= 0.001584
s5AL= 0.000245 err_S5= 0.001578
time-reduction: 1.973000e-03 s
1/Np = 0.000005
c1AL=-0.025145 err_C1= 0.001577
s1AL=-0.001985 err_S1= 0.001584
c2AL=-0.003814 err_C2= 0.001576
s2AL= 0.017869 err_S2= 0.001586
c3AL=-0.001651 err_C3= 0.001579
s3AL=-0.017081 err_S3= 0.001583
c4AL=-0.006558 err_C4= 0.001584
s4AL= 0.001087 err_S4= 0.001578
c5AL= 0.009876 err_C5= 0.001582
s5AL=-0.000295 err_S5= 0.001580
time-reduction: 1.938000e-03 s
1/Np = 0.000005
c1AL=-0.027252 err_C1= 0.001581
s1AL= 0.001816 err_S1= 0.001580
c2AL= 0.000984 err_C2= 0.001574
s2AL= 0.016376 err_S2= 0.001588
c3AL=-0.004435 err_C3= 0.001578
s3AL=-0.014221 err_S3= 0.001584
c4AL=-0.009400 err_C4= 0.001583
s4AL= 0.004060 err_S4= 0.001579
c5AL=-0.000763 err_C5= 0.001579
s5AL=-0.000418 err_S5= 0.001583
time-reduction: 1.943000e-03 s
1/Np = 0.000005
c1AL=-0.027734 err_C1= 0.001583
s1AL= 0.004776 err_S1= 0.001578
c2AL= 0.004020 err_C2= 0.001570
s2AL= 0.011272 err_S2= 0.001592
c3AL=-0.004134 err_C3= 0.001578
s3AL=-0.011374 err_S3= 0.001584
c4AL=-0.013754 err_C4= 0.001576
s4AL= 0.003619 err_S4= 0.001586
c5AL=-0.007495 err_C5= 0.001583
s5AL= 0.000773 err_S5= 0.001579
time-reduction: 1.945000e-03 s
1/Np = 0.000005
c1AL=-0.027072 err_C1= 0.001584
s1AL= 0.006845 err_S1= 0.001577
c2AL= 0.005462 err_C2= 0.001570
s2AL= 0.006492 err_S2= 0.001592
c3AL= 0.000482 err_C3= 0.001580
s3AL=-0.005712 err_S3= 0.001582
c4AL=-0.014395 err_C4= 0.001580
s4AL= 0.006917 err_S4= 0.001581
c5AL=-0.004815 err_C5= 0.001582
s5AL=-0.002534 err_S5= 0.001580
time-reduction: 1.936000e-03 s
1/Np = 0.000005
c1AL=-0.025952 err_C1= 0.001585
s1AL= 0.007350 err_S1= 0.001576
c2AL= 0.006033 err_C2= 0.001573
s2AL= 0.000500 err_S2= 0.001589
c3AL= 0.002734 err_C3= 0.001584
s3AL=-0.003215 err_S3= 0.001579
c4AL=-0.009742 err_C4= 0.001579
s4AL= 0.004242 err_S4= 0.001583
c5AL=-0.004003 err_C5= 0.001580
s5AL=-0.002419 err_S5= 0.001583
time-reduction: 1.949000e-03 s
1/Np = 0.000005
c1AL=-0.023323 err_C1= 0.001584
s1AL= 0.006265 err_S1= 0.001577
c2AL= 0.005329 err_C2= 0.001582
s2AL=-0.006017 err_S2= 0.001580
c3AL=-0.000050 err_C3= 0.001582
s3AL=-0.005130 err_S3= 0.001581
c4AL= 0.000952 err_C4= 0.001582
s4AL=-0.005464 err_S4= 0.001581
c5AL=-0.000590 err_C5= 0.001582
s5AL=-0.002321 err_S5= 0.001580
time-reduction: 1.978000e-03 s
1/Np = 0.000005
c1AL=-0.019752 err_C1= 0.001583
s1AL= 0.004552 err_S1= 0.001578
c2AL= 0.003449 err_C2= 0.001587
s2AL=-0.011897 err_S2= 0.001575
c3AL=-0.006453 err_C3= 0.001586
s3AL=-0.006704 err_S3= 0.001576
c4AL= 0.007162 err_C4= 0.001580
s4AL=-0.012441 err_S4= 0.001582
c5AL= 0.003334 err_C5= 0.001583
s5AL=-0.005082 err_S5= 0.001579
time-reduction: 1.956000e-03 s
1/Np = 0.000005
c1AL=-0.016368 err_C1= 0.001581
s1AL= 0.001441 err_S1= 0.001581
c2AL= 0.000229 err_C2= 0.001584
s2AL=-0.017635 err_S2= 0.001578
c3AL=-0.010475 err_C3= 0.001584
s3AL=-0.006345 err_S3= 0.001578
c4AL= 0.003732 err_C4= 0.001583
s4AL=-0.013092 err_S4= 0.001579
c5AL= 0.004063 err_C5= 0.001580
s5AL=-0.004594 err_S5= 0.001582
time-reduction: 1.938000e-03 s
1/Np = 0.000005
c1AL=-0.013172 err_C1= 0.001580
s1AL=-0.002987 err_S1= 0.001582
c2AL=-0.001680 err_C2= 0.001580
s2AL=-0.020863 err_S2= 0.001582
c3AL=-0.011934 err_C3= 0.001581
s3AL=-0.008244 err_S3= 0.001581
c4AL=-0.001963 err_C4= 0.001582
s4AL=-0.006824 err_S4= 0.001580
c5AL= 0.002657 err_C5= 0.001582
s5AL=-0.004467 err_S5= 0.001580
time-reduction: 1.975000e-03 s
1/Np = 0.000005
c1AL=-0.009508 err_C1= 0.001579
s1AL=-0.008648 err_S1= 0.001583
c2AL=-0.002755 err_C2= 0.001576
s2AL=-0.022010 err_S2= 0.001586
c3AL=-0.012082 err_C3= 0.001584
s3AL=-0.006961 err_S3= 0.001578
c4AL=-0.006792 err_C4= 0.001582
s4AL=-0.001000 err_S4= 0.001580
c5AL= 0.001234 err_C5= 0.001582
s5AL=-0.002233 err_S5= 0.001581
time-reduction: 1.949000e-03 s
1/Np = 0.000005
c1AL=-0.006713 err_C1= 0.001578
s1AL=-0.015210 err_S1= 0.001584
c2AL=-0.004307 err_C2= 0.001574
s2AL=-0.022133 err_S2= 0.001588
c3AL=-0.009434 err_C3= 0.001586
s3AL=-0.001449 err_S3= 0.001576
c4AL=-0.009156 err_C4= 0.001579
s4AL=-0.000814 err_S4= 0.001583
c5AL= 0.001054 err_C5= 0.001582
s5AL=-0.002440 err_S5= 0.001580
time-reduction: 1.960000e-03 s
1/Np = 0.000005
c1AL=-0.005317 err_C1= 0.001575
s1AL=-0.021499 err_S1= 0.001586
c2AL=-0.007271 err_C2= 0.001576
s2AL=-0.019709 err_S2= 0.001586
c3AL=-0.004759 err_C3= 0.001583
s3AL= 0.002994 err_S3= 0.001580
c4AL=-0.006827 err_C4= 0.001579
s4AL=-0.000203 err_S4= 0.001584
c5AL=-0.002535 err_C5= 0.001579
s5AL=-0.000111 err_S5= 0.001584
time-reduction: 1.958000e-03 s
1/Np = 0.000005
c1AL=-0.005274 err_C1= 0.001572
s1AL=-0.026834 err_S1= 0.001589
c2AL=-0.011041 err_C2= 0.001584
s2AL=-0.014004 err_S2= 0.001577
c3AL=-0.002733 err_C3= 0.001580
s3AL= 0.008023 err_S3= 0.001582
c4AL= 0.004470 err_C4= 0.001584
s4AL= 0.002406 err_S4= 0.001579
c5AL=-0.000111 err_C5= 0.001580
s5AL= 0.004612 err_S5= 0.001583
time-reduction: 1.968000e-03 s
1/Np = 0.000005
c1AL=-0.006542 err_C1= 0.001572
s1AL=-0.030066 err_S1= 0.001589
c2AL=-0.011531 err_C2= 0.001590
s2AL=-0.006817 err_S2= 0.001571
c3AL= 0.000218 err_C3= 0.001579
s3AL= 0.012325 err_S3= 0.001584
c4AL= 0.012130 err_C4= 0.001582
s4AL=-0.001231 err_S4= 0.001580
c5AL=-0.000265 err_C5= 0.001581
s5AL= 0.000421 err_S5= 0.001581
time-reduction: 1.950000e-03 s
1/Np = 0.000005
c1AL=-0.008361 err_C1= 0.001574
s1AL=-0.030437 err_S1= 0.001586
c2AL=-0.008378 err_C2= 0.001588
s2AL= 0.000379 err_S2= 0.001574
c3AL= 0.005673 err_C3= 0.001577
s3AL= 0.013125 err_S3= 0.001585
c4AL= 0.008475 err_C4= 0.001584
s4AL=-0.006399 err_S4= 0.001578
c5AL=-0.006923 err_C5= 0.001582
s5AL=-0.000792 err_S5= 0.001581
time-reduction: 1.952000e-03 s
1/Np = 0.000005
c1AL=-0.010634 err_C1= 0.001579
s1AL=-0.026944 err_S1= 0.001582
c2AL=-0.002340 err_C2= 0.001580
s2AL= 0.006509 err_S2= 0.001582
c3AL= 0.008558 err_C3= 0.001578
s3AL= 0.010901 err_S3= 0.001584
c4AL=-0.001059 err_C4= 0.001582
s4AL=-0.006105 err_S4= 0.001581
c5AL=-0.005528 err_C5= 0.001583
s5AL= 0.003468 err_S5= 0.001579
time-reduction: 1.975000e-03 s
1/Np = 0.000005
c1AL=-0.012725 err_C1= 0.001584
s1AL=-0.020801 err_S1= 0.001577
c2AL= 0.003929 err_C2= 0.001575
s2AL= 0.009605 err_S2= 0.001587
c3AL= 0.008315 err_C3= 0.001581
s3AL= 0.009013 err_S3= 0.001581
c4AL=-0.007534 err_C4= 0.001579
s4AL=-0.004081 err_S4= 0.001583
c5AL=-0.004667 err_C5= 0.001582
s5AL= 0.004948 err_S5= 0.001580
time-reduction: 1.996000e-03 s
1/Np = 0.000005
c1AL=-0.014087 err_C1= 0.001587
s1AL=-0.013193 err_S1= 0.001574
c2AL= 0.008174 err_C2= 0.001571
s2AL= 0.010857 err_S2= 0.001591
c3AL= 0.009632 err_C3= 0.001582
s3AL= 0.005358 err_S3= 0.001580
c4AL=-0.012151 err_C4= 0.001587
s4AL=-0.001823 err_S4= 0.001575
c5AL= 0.000926 err_C5= 0.001577
s5AL= 0.007302 err_S5= 0.001585
time-reduction: 1.950000e-03 s
1/Np = 0.000005
c1AL=-0.014975 err_C1= 0.001588
s1AL=-0.005113 err_S1= 0.001574
c2AL= 0.008839 err_C2= 0.001571
s2AL= 0.013356 err_S2= 0.001591
c3AL= 0.010717 err_C3= 0.001581
s3AL=-0.000882 err_S3= 0.001581
c4AL=-0.012437 err_C4= 0.001580
s4AL= 0.001802 err_S4= 0.001582
c5AL= 0.006240 err_C5= 0.001581
s5AL= 0.004297 err_S5= 0.001582
time-reduction: 1.958000e-03 s
1/Np = 0.000005
c1AL=-0.014300 err_C1= 0.001587
s1AL= 0.002452 err_S1= 0.001575
c2AL= 0.007775 err_C2= 0.001575
s2AL= 0.016042 err_S2= 0.001587
c3AL= 0.008538 err_C3= 0.001578
s3AL=-0.003687 err_S3= 0.001584
c4AL=-0.007747 err_C4= 0.001580
s4AL= 0.002541 err_S4= 0.001582
c5AL= 0.003262 err_C5= 0.001583
s5AL= 0.001532 err_S5= 0.001580
time-reduction: 1.966000e-03 s
1/Np = 0.000005
c1AL=-0.012197 err_C1= 0.001586
s1AL= 0.009035 err_S1= 0.001576
c2AL= 0.006533 err_C2= 0.001577
s2AL= 0.018355 err_S2= 0.001585
c3AL= 0.004895 err_C3= 0.001578
s3AL=-0.002711 err_S3= 0.001584
c4AL=-0.005012 err_C4= 0.001580
s4AL=-0.004905 err_S4= 0.001582
c5AL= 0.001769 err_C5= 0.001586
s5AL= 0.003497 err_S5= 0.001577
time-reduction: 1.953000e-03 s
1/Np = 0.000005
c1AL=-0.010413 err_C1= 0.001584
s1AL= 0.012520 err_S1= 0.001578
c2AL= 0.003971 err_C2= 0.001580
s2AL= 0.019160 err_S2= 0.001582
c3AL= 0.002799 err_C3= 0.001580
s3AL=-0.000823 err_S3= 0.001583
c4AL=-0.001745 err_C4= 0.001580
s4AL=-0.011934 err_S4= 0.001582
c5AL= 0.001408 err_C5= 0.001582
s5AL= 0.004437 err_S5= 0.001581
time-reduction: 1.953000e-03 s
1/Np = 0.000005
c1AL=-0.009114 err_C1= 0.001581
s1AL= 0.013843 err_S1= 0.001581
c2AL=-0.000148 err_C2= 0.001579
s2AL= 0.017471 err_S2= 0.001582
c3AL= 0.002470 err_C3= 0.001583
s3AL= 0.001751 err_S3= 0.001580
c4AL=-0.002102 err_C4= 0.001582
s4AL=-0.010493 err_S4= 0.001580
c5AL=-0.000959 err_C5= 0.001580
s5AL= 0.005944 err_S5= 0.001583

STEP 09

STEP 10
free memory references from device
free memory references from host

STEP 11
operations done by kernel 1: 1.843240e+10
floating point operations per second: 157.789251 GFLOPS
duration: 1.168166e-01 s
operations done by kernel 2: 2.488800e+10
floating point operations per second: 214.140456 GFLOPS
duration: 5.761238 s (cumulated for all Fourier coefficients)
program ended successfully
