
lpa-xrd version: 0.9.5

STEP 01
number of random points for the Monte Carlo method: 200000
number of values taken by the Fourier variable: 50
input data file: /export/home/becht/xrd-test/input/10_rho5e13m-2_square_3200nm_RDD_d5e-5nm-2_screw_S0_PBC1/09.dat
lpa-input version: 1.2.4
density: 5.00e+13 m^-2
direction of 'l' (line vector): 1 1 0 [uvw]
direction of 'L' (Fourier variable): -1 1 0 [uvw]
Burgers vector direction: 1 1 0 [uvw]
normalized line vector: 0.707107 0.707107 0.000000
diffraction vector direction: 2 0 0 (hkl)
normalized diffraction vector: 1.000000 0.000000 0.000000
contrast coefficient: 0.250000
cell parameter: 0.404940 nm
Burgers vector: 0.202470 0.202470 0.000000 nm
Burgers vector screw part norm: 0.286336 nm
Burgers vector screw part: 0.202470 0.202470 0.000000 nm
Burgers vector edge part: 0.000000 0.000000 0.000000 nm
Burgers vector edge part norm: 0.000000 nm
screw dislocations detected
normalized Fourier variable direction: -0.707107 0.707107 0.000000
cross product of l_uni and L_uni: 0.000000 -0.000000 1.000000
|-0.707107  0.707107  0.000000|
| 0.000000 -0.000000  1.000000|
| 0.707107  0.707107  0.000000|
diffraction vector in slip frame: -3.492403 0.000000 3.492403 nm^-1
characteristic size of the region of interest: 3200.000000 nm
square region of interest detected
number of replications: 1
Fourier variable step size: 11.800000 nm
Fourier variable step vector: -8.343860 0.000000 8.343860 nm
Fourier variable step vector projection: -8.343860 0.000000 nm
Poisson's number: 0.345000
number of dislocations in the input file: 512
memory space for positions: 16384 Bytes
memory space for Burgers vectors: 2048 Bytes
total number of dislocations: 4608
memory space for positions and Burgers vectors: 18432 Bytes

STEP 02

STEP 03
memory space for random points positions: 1600000 Bytes

STEP 04
platforms IDs = 1
kernel code size = 7236 Bytes
hardware: 1
 
 Device is  Tesla P100-PCIE-16GB  GPU from  NVIDIA Corporation  with a max of 56 compute units 
work group, work item information
 max loc dim  1024  1024  64 
 Max work group size = 1024
 
 DEVICE_MAX_CONSTANT_ARGS is :  9
 CL_DEVICE_LOCAL_MEM_SIZE: 49152
OpenCL code successfully compiled

STEP 05
allocation host h_r1: 3200000 Bytes
allocation host h_u1: 6400000 Bytes
create input and output device buffers for Kernel 1
kernel 1 globalSize: 200000
kernel 1 localSize: 200
shared_size_kernel1: 6400 Bytes
kernel 1 arguments definition done
recommended workgroup size: 1024

STEP 06

STEP 07
kernel 1 execution time: 122.045 ms

STEP 08
output file: /export/home/becht/xrd-test/10_rho5e13m-2_square_3200nm_RDD_d5e-5nm-2_screw_S0_PBC1_output/09.dat
loop over Fourier coefficients
time-reduction: 2.643000e-03 s
1/Np = 0.000005
c1AL= 0.968249 err_C1= 0.000233
s1AL=-0.039826 err_S1= 0.000500
c2AL= 0.896704 err_C2= 0.000459
s2AL=-0.072892 err_S2= 0.000862
c3AL= 0.800358 err_C3= 0.000704
s3AL=-0.095580 err_S3= 0.001121
c4AL= 0.692455 err_C4= 0.000936
s4AL=-0.106172 err_S4= 0.001292
c5AL= 0.582732 err_C5= 0.001136
s5AL=-0.105677 err_S5= 0.001399
time-reduction: 2.638000e-03 s
1/Np = 0.000005
c1AL= 0.892864 err_C1= 0.000486
s1AL=-0.073183 err_S1= 0.000866
c2AL= 0.689040 err_C2= 0.000948
s2AL=-0.105574 err_S2= 0.001293
c3AL= 0.477404 err_C3= 0.001291
s3AL=-0.095458 err_S3= 0.001466
c4AL= 0.308708 err_C4= 0.001459
s4AL=-0.062593 err_S4= 0.001541
c5AL= 0.194365 err_C5= 0.001520
s5AL=-0.031859 err_S5= 0.001580
time-reduction: 2.661000e-03 s
1/Np = 0.000005
c1AL= 0.791181 err_C1= 0.000745
s1AL=-0.094918 err_S1= 0.001127
c2AL= 0.474105 err_C2= 0.001297
s2AL=-0.093524 err_S2= 0.001466
c3AL= 0.243271 err_C3= 0.001498
s3AL=-0.044835 err_S3= 0.001565
c4AL= 0.122492 err_C4= 0.001550
s4AL=-0.014685 err_S4= 0.001588
c5AL= 0.057522 err_C5= 0.001579
s5AL=-0.015671 err_S5= 0.001578
time-reduction: 2.661000e-03 s
1/Np = 0.000005
c1AL= 0.677372 err_C1= 0.000982
s1AL=-0.103521 err_S1= 0.001299
c2AL= 0.303640 err_C2= 0.001464
s2AL=-0.060142 err_S2= 0.001542
c3AL= 0.121649 err_C3= 0.001550
s3AL=-0.014129 err_S3= 0.001588
c4AL= 0.041677 err_C4= 0.001583
s4AL=-0.020235 err_S4= 0.001576
c5AL=-0.001845 err_C5= 0.001586
s5AL=-0.027228 err_S5= 0.001575
time-reduction: 2.668000e-03 s
1/Np = 0.000005
c1AL= 0.562511 err_C1= 0.001181
s1AL=-0.100770 err_S1= 0.001404
c2AL= 0.190647 err_C2= 0.001520
s2AL=-0.029758 err_S2= 0.001582
c3AL= 0.057175 err_C3= 0.001579
s3AL=-0.016941 err_S3= 0.001577
c4AL=-0.002857 err_C4= 0.001586
s4AL=-0.028945 err_S4= 0.001575
c5AL=-0.006531 err_C5= 0.001588
s5AL=-0.025049 err_S5= 0.001573
time-reduction: 1.813000e-03 s
1/Np = 0.000005
c1AL= 0.455938 err_C1= 0.001328
s1AL=-0.089173 err_S1= 0.001469
c2AL= 0.121094 err_C2= 0.001550
s2AL=-0.014988 err_S2= 0.001588
c3AL= 0.013887 err_C3= 0.001586
s3AL=-0.026189 err_S3= 0.001575
c4AL=-0.009540 err_C4= 0.001587
s4AL=-0.026088 err_S4= 0.001574
c5AL= 0.006126 err_C5= 0.001582
s5AL=-0.030059 err_S5= 0.001579
time-reduction: 1.804000e-03 s
1/Np = 0.000005
c1AL= 0.363181 err_C1= 0.001425
s1AL=-0.072322 err_S1= 0.001512
c2AL= 0.075557 err_C2= 0.001574
s2AL=-0.015178 err_S2= 0.001579
c3AL=-0.008047 err_C3= 0.001587
s3AL=-0.028591 err_S3= 0.001574
c4AL= 0.002832 err_C4= 0.001586
s4AL=-0.028793 err_S4= 0.001575
c5AL= 0.004843 err_C5= 0.001581
s5AL=-0.025494 err_S5= 0.001580
time-reduction: 1.801000e-03 s
1/Np = 0.000005
c1AL= 0.286523 err_C1= 0.001482
s1AL=-0.053723 err_S1= 0.001543
c2AL= 0.042295 err_C2= 0.001584
s2AL=-0.021634 err_S2= 0.001575
c3AL=-0.008848 err_C3= 0.001586
s3AL=-0.027288 err_S3= 0.001575
c4AL= 0.006787 err_C4= 0.001582
s4AL=-0.030895 err_S4= 0.001579
c5AL= 0.004993 err_C5= 0.001581
s5AL=-0.007759 err_S5= 0.001582
time-reduction: 1.834000e-03 s
1/Np = 0.000005
c1AL= 0.225771 err_C1= 0.001512
s1AL=-0.036543 err_S1= 0.001566
c2AL= 0.016534 err_C2= 0.001584
s2AL=-0.028680 err_S2= 0.001576
c3AL= 0.000698 err_C3= 0.001586
s3AL=-0.028196 err_S3= 0.001575
c4AL= 0.004391 err_C4= 0.001579
s4AL=-0.021760 err_S4= 0.001582
c5AL= 0.004711 err_C5= 0.001576
s5AL= 0.005103 err_S5= 0.001586
time-reduction: 1.824000e-03 s
1/Np = 0.000005
c1AL= 0.178478 err_C1= 0.001528
s1AL=-0.022604 err_S1= 0.001582
c2AL=-0.002101 err_C2= 0.001585
s2AL=-0.031289 err_S2= 0.001575
c3AL= 0.007724 err_C3= 0.001580
s3AL=-0.030161 err_S3= 0.001580
c4AL= 0.005323 err_C4= 0.001582
s4AL=-0.008513 err_S4= 0.001580
c5AL= 0.006726 err_C5= 0.001581
s5AL= 0.010139 err_S5= 0.001581
time-reduction: 1.825000e-03 s
1/Np = 0.000005
c1AL= 0.142169 err_C1= 0.001539
s1AL=-0.013219 err_S1= 0.001590
c2AL=-0.011594 err_C2= 0.001585
s2AL=-0.031483 err_S2= 0.001575
c3AL= 0.007167 err_C3= 0.001581
s3AL=-0.029909 err_S3= 0.001580
c4AL= 0.005731 err_C4= 0.001580
s4AL= 0.003113 err_S4= 0.001582
c5AL= 0.003103 err_C5= 0.001580
s5AL= 0.003056 err_S5= 0.001583
time-reduction: 1.815000e-03 s
1/Np = 0.000005
c1AL= 0.113208 err_C1= 0.001550
s1AL=-0.008475 err_S1= 0.001591
c2AL=-0.013072 err_C2= 0.001586
s2AL=-0.030548 err_S2= 0.001575
c3AL= 0.004182 err_C3= 0.001578
s3AL=-0.021694 err_S3= 0.001584
c4AL= 0.006071 err_C4= 0.001580
s4AL= 0.008413 err_S4= 0.001582
c5AL=-0.000566 err_C5= 0.001581
s5AL=-0.001143 err_S5= 0.001581
time-reduction: 1.839000e-03 s
1/Np = 0.000005
c1AL= 0.089350 err_C1= 0.001561
s1AL=-0.007961 err_S1= 0.001588
c2AL=-0.008823 err_C2= 0.001587
s2AL=-0.029161 err_S2= 0.001574
c3AL= 0.003346 err_C3= 0.001582
s3AL=-0.012164 err_S3= 0.001580
c4AL= 0.007367 err_C4= 0.001581
s4AL= 0.007081 err_S4= 0.001581
c5AL= 0.003034 err_C5= 0.001581
s5AL=-0.005595 err_S5= 0.001581
time-reduction: 1.832000e-03 s
1/Np = 0.000005
c1AL= 0.068853 err_C1= 0.001572
s1AL=-0.009844 err_S1= 0.001583
c2AL=-0.002404 err_C2= 0.001580
s2AL=-0.029013 err_S2= 0.001581
c3AL= 0.002509 err_C3= 0.001580
s3AL=-0.005807 err_S3= 0.001582
c4AL=-0.001560 err_C4= 0.001581
s4AL= 0.001582 err_S4= 0.001582
c5AL=-0.001345 err_C5= 0.001584
s5AL=-0.007982 err_S5= 0.001578
time-reduction: 1.834000e-03 s
1/Np = 0.000005
c1AL= 0.050605 err_C1= 0.001579
s1AL=-0.013394 err_S1= 0.001579
c2AL= 0.002884 err_C2= 0.001577
s2AL=-0.029199 err_S2= 0.001584
c3AL= 0.001405 err_C3= 0.001578
s3AL= 0.000669 err_S3= 0.001584
c4AL=-0.005567 err_C4= 0.001580
s4AL=-0.003721 err_S4= 0.001582
c5AL=-0.004210 err_C5= 0.001581
s5AL=-0.004267 err_S5= 0.001581
time-reduction: 1.827000e-03 s
1/Np = 0.000005
c1AL= 0.033468 err_C1= 0.001583
s1AL=-0.017804 err_S1= 0.001577
c2AL= 0.005126 err_C2= 0.001577
s2AL=-0.029361 err_S2= 0.001584
c3AL= 0.000809 err_C3= 0.001580
s3AL= 0.005246 err_S3= 0.001583
c4AL=-0.005473 err_C4= 0.001579
s4AL=-0.009713 err_S4= 0.001583
c5AL= 0.002135 err_C5= 0.001579
s5AL=-0.003844 err_S5= 0.001583
time-reduction: 1.830000e-03 s
1/Np = 0.000005
c1AL= 0.018218 err_C1= 0.001585
s1AL=-0.021733 err_S1= 0.001576
c2AL= 0.005170 err_C2= 0.001576
s2AL=-0.026988 err_S2= 0.001585
c3AL=-0.001253 err_C3= 0.001582
s3AL= 0.005440 err_S3= 0.001580
c4AL=-0.006400 err_C4= 0.001577
s4AL=-0.012017 err_S4= 0.001585
c5AL= 0.000169 err_C5= 0.001584
s5AL=-0.002225 err_S5= 0.001578
time-reduction: 1.826000e-03 s
1/Np = 0.000005
c1AL= 0.005193 err_C1= 0.001584
s1AL=-0.024325 err_S1= 0.001577
c2AL= 0.003730 err_C2= 0.001576
s2AL=-0.021116 err_S2= 0.001585
c3AL=-0.005101 err_C3= 0.001585
s3AL= 0.001707 err_S3= 0.001577
c4AL=-0.006347 err_C4= 0.001581
s4AL=-0.008677 err_S4= 0.001581
c5AL=-0.001981 err_C5= 0.001585
s5AL= 0.003492 err_S5= 0.001578
time-reduction: 1.848000e-03 s
1/Np = 0.000005
c1AL=-0.005564 err_C1= 0.001583
s1AL=-0.025091 err_S1= 0.001578
c2AL= 0.002920 err_C2= 0.001581
s2AL=-0.013691 err_S2= 0.001581
c3AL=-0.010574 err_C3= 0.001585
s3AL=-0.002380 err_S3= 0.001577
c4AL= 0.000303 err_C4= 0.001579
s4AL=-0.003930 err_S4= 0.001584
c5AL=-0.008611 err_C5= 0.001585
s5AL= 0.007333 err_S5= 0.001577
time-reduction: 1.833000e-03 s
1/Np = 0.000005
c1AL=-0.014072 err_C1= 0.001583
s1AL=-0.024341 err_S1= 0.001578
c2AL= 0.002514 err_C2= 0.001585
s2AL=-0.005953 err_S2= 0.001577
c3AL=-0.013414 err_C3= 0.001583
s3AL=-0.002613 err_S3= 0.001579
c4AL= 0.005418 err_C4= 0.001579
s4AL=-0.006447 err_S4= 0.001583
c5AL=-0.007490 err_C5= 0.001583
s5AL= 0.009302 err_S5= 0.001579
time-reduction: 1.830000e-03 s
1/Np = 0.000005
c1AL=-0.021055 err_C1= 0.001581
s1AL=-0.023312 err_S1= 0.001579
c2AL= 0.001066 err_C2= 0.001582
s2AL= 0.001221 err_S2= 0.001581
c3AL=-0.010965 err_C3= 0.001584
s3AL=-0.003849 err_S3= 0.001579
c4AL= 0.000485 err_C4= 0.001583
s4AL=-0.006398 err_S4= 0.001579
c5AL=-0.002846 err_C5= 0.001581
s5AL= 0.007147 err_S5= 0.001581
time-reduction: 1.844000e-03 s
1/Np = 0.000005
c1AL=-0.026566 err_C1= 0.001581
s1AL=-0.022128 err_S1= 0.001580
c2AL= 0.000818 err_C2= 0.001580
s2AL= 0.005722 err_S2= 0.001582
c3AL=-0.008692 err_C3= 0.001582
s3AL=-0.007095 err_S3= 0.001581
c4AL=-0.001225 err_C4= 0.001584
s4AL= 0.000075 err_S4= 0.001578
c5AL= 0.003597 err_C5= 0.001581
s5AL= 0.001062 err_S5= 0.001581
time-reduction: 1.841000e-03 s
1/Np = 0.000005
c1AL=-0.031255 err_C1= 0.001581
s1AL=-0.020973 err_S1= 0.001579
c2AL= 0.002112 err_C2= 0.001584
s2AL= 0.008622 err_S2= 0.001579
c3AL=-0.007821 err_C3= 0.001580
s3AL=-0.008641 err_S3= 0.001582
c4AL= 0.003059 err_C4= 0.001582
s4AL= 0.002400 err_S4= 0.001581
c5AL= 0.006010 err_C5= 0.001579
s5AL=-0.004180 err_S5= 0.001583
time-reduction: 1.824000e-03 s
1/Np = 0.000005
c1AL=-0.035179 err_C1= 0.001581
s1AL=-0.019893 err_S1= 0.001579
c2AL= 0.001848 err_C2= 0.001582
s2AL= 0.009227 err_S2= 0.001580
c3AL=-0.005191 err_C3= 0.001582
s3AL=-0.008394 err_S3= 0.001580
c4AL= 0.001544 err_C4= 0.001583
s4AL= 0.000173 err_S4= 0.001579
c5AL= 0.001778 err_C5= 0.001583
s5AL=-0.002069 err_S5= 0.001580
time-reduction: 1.848000e-03 s
1/Np = 0.000005
c1AL=-0.037912 err_C1= 0.001578
s1AL=-0.019942 err_S1= 0.001582
c2AL=-0.001411 err_C2= 0.001580
s2AL= 0.009380 err_S2= 0.001582
c3AL=-0.001621 err_C3= 0.001581
s3AL=-0.006328 err_S3= 0.001581
c4AL=-0.001443 err_C4= 0.001585
s4AL= 0.001753 err_S4= 0.001577
c5AL= 0.004593 err_C5= 0.001584
s5AL= 0.003619 err_S5= 0.001579
time-reduction: 1.830000e-03 s
1/Np = 0.000005
c1AL=-0.039446 err_C1= 0.001574
s1AL=-0.020054 err_S1= 0.001585
c2AL=-0.005412 err_C2= 0.001580
s2AL= 0.009979 err_S2= 0.001582
c3AL=-0.000346 err_C3= 0.001579
s3AL=-0.003731 err_S3= 0.001583
c4AL=-0.001888 err_C4= 0.001585
s4AL= 0.003663 err_S4= 0.001577
c5AL= 0.009131 err_C5= 0.001585
s5AL= 0.000574 err_S5= 0.001577
time-reduction: 1.832000e-03 s
1/Np = 0.000005
c1AL=-0.040643 err_C1= 0.001571
s1AL=-0.019509 err_S1= 0.001588
c2AL=-0.010068 err_C2= 0.001577
s2AL= 0.011791 err_S2= 0.001585
c3AL=-0.001524 err_C3= 0.001572
s3AL= 0.001390 err_S3= 0.001590
c4AL=-0.004913 err_C4= 0.001582
s4AL= 0.001377 err_S4= 0.001580
c5AL= 0.002713 err_C5= 0.001580
s5AL=-0.002945 err_S5= 0.001582
time-reduction: 1.863000e-03 s
1/Np = 0.000005
c1AL=-0.040957 err_C1= 0.001568
s1AL=-0.019213 err_S1= 0.001591
c2AL=-0.013648 err_C2= 0.001575
s2AL= 0.014913 err_S2= 0.001586
c3AL=-0.000335 err_C3= 0.001574
s3AL= 0.007997 err_S3= 0.001588
c4AL=-0.006793 err_C4= 0.001582
s4AL=-0.000844 err_S4= 0.001580
c5AL= 0.002732 err_C5= 0.001579
s5AL=-0.000043 err_S5= 0.001584
time-reduction: 1.830000e-03 s
1/Np = 0.000005
c1AL=-0.039438 err_C1= 0.001568
s1AL=-0.018731 err_S1= 0.001592
c2AL=-0.014020 err_C2= 0.001577
s2AL= 0.018517 err_S2= 0.001584
c3AL= 0.004054 err_C3= 0.001575
s3AL= 0.012996 err_S3= 0.001587
c4AL=-0.004353 err_C4= 0.001581
s4AL=-0.002412 err_S4= 0.001581
c5AL= 0.002660 err_C5= 0.001583
s5AL=-0.000961 err_S5= 0.001580
time-reduction: 1.849000e-03 s
1/Np = 0.000005
c1AL=-0.036112 err_C1= 0.001571
s1AL=-0.018828 err_S1= 0.001588
c2AL=-0.009984 err_C2= 0.001578
s2AL= 0.019915 err_S2= 0.001584
c3AL= 0.008272 err_C3= 0.001580
s3AL= 0.013458 err_S3= 0.001582
c4AL=-0.004191 err_C4= 0.001584
s4AL=-0.003863 err_S4= 0.001578
c5AL=-0.001531 err_C5= 0.001583
s5AL= 0.001045 err_S5= 0.001579
time-reduction: 1.859000e-03 s
1/Np = 0.000005
c1AL=-0.030898 err_C1= 0.001576
s1AL=-0.018573 err_S1= 0.001584
c2AL=-0.004184 err_C2= 0.001576
s2AL= 0.019354 err_S2= 0.001585
c3AL= 0.008870 err_C3= 0.001581
s3AL= 0.010387 err_S3= 0.001581
c4AL=-0.006107 err_C4= 0.001586
s4AL=-0.003416 err_S4= 0.001576
c5AL= 0.003037 err_C5= 0.001580
s5AL= 0.004026 err_S5= 0.001582
time-reduction: 1.852000e-03 s
1/Np = 0.000005
c1AL=-0.025272 err_C1= 0.001581
s1AL=-0.018053 err_S1= 0.001580
c2AL= 0.000785 err_C2= 0.001578
s2AL= 0.016068 err_S2= 0.001584
c3AL= 0.007371 err_C3= 0.001582
s3AL= 0.004240 err_S3= 0.001580
c4AL=-0.004033 err_C4= 0.001582
s4AL=-0.001170 err_S4= 0.001581
c5AL= 0.004819 err_C5= 0.001580
s5AL=-0.000128 err_S5= 0.001582
time-reduction: 1.854000e-03 s
1/Np = 0.000005
c1AL=-0.019222 err_C1= 0.001583
s1AL=-0.017199 err_S1= 0.001579
c2AL= 0.002689 err_C2= 0.001581
s2AL= 0.011920 err_S2= 0.001582
c3AL= 0.003291 err_C3= 0.001579
s3AL=-0.003770 err_S3= 0.001583
c4AL=-0.000786 err_C4= 0.001577
s4AL=-0.002601 err_S4= 0.001585
c5AL= 0.000736 err_C5= 0.001578
s5AL= 0.000299 err_S5= 0.001584
time-reduction: 1.836000e-03 s
1/Np = 0.000005
c1AL=-0.012863 err_C1= 0.001582
s1AL=-0.016293 err_S1= 0.001580
c2AL= 0.000810 err_C2= 0.001580
s2AL= 0.008486 err_S2= 0.001583
c3AL=-0.002478 err_C3= 0.001582
s3AL=-0.007227 err_S3= 0.001581
c4AL=-0.001874 err_C4= 0.001580
s4AL=-0.004072 err_S4= 0.001583
c5AL= 0.000326 err_C5= 0.001583
s5AL= 0.000811 err_S5= 0.001580
time-reduction: 1.837000e-03 s
1/Np = 0.000005
c1AL=-0.006296 err_C1= 0.001579
s1AL=-0.014963 err_S1= 0.001583
c2AL=-0.003041 err_C2= 0.001581
s2AL= 0.007462 err_S2= 0.001582
c3AL=-0.008302 err_C3= 0.001585
s3AL=-0.005421 err_S3= 0.001577
c4AL=-0.000585 err_C4= 0.001582
s4AL=-0.000522 err_S4= 0.001580
c5AL=-0.000780 err_C5= 0.001583
s5AL=-0.002271 err_S5= 0.001579
time-reduction: 1.843000e-03 s
1/Np = 0.000005
c1AL=-0.000107 err_C1= 0.001577
s1AL=-0.013938 err_S1= 0.001585
c2AL=-0.004724 err_C2= 0.001585
s2AL= 0.008052 err_S2= 0.001577
c3AL=-0.009768 err_C3= 0.001586
s3AL=-0.001306 err_S3= 0.001576
c4AL= 0.005134 err_C4= 0.001587
s4AL= 0.003107 err_S4= 0.001576
c5AL=-0.001331 err_C5= 0.001582
s5AL=-0.003423 err_S5= 0.001580
time-reduction: 1.874000e-03 s
1/Np = 0.000005
c1AL= 0.005743 err_C1= 0.001577
s1AL=-0.012580 err_S1= 0.001585
c2AL=-0.005300 err_C2= 0.001587
s2AL= 0.007898 err_S2= 0.001575
c3AL=-0.007512 err_C3= 0.001587
s3AL= 0.002403 err_S3= 0.001575
c4AL= 0.007712 err_C4= 0.001583
s4AL= 0.001310 err_S4= 0.001579
c5AL=-0.004467 err_C5= 0.001581
s5AL=-0.002680 err_S5= 0.001581
time-reduction: 1.843000e-03 s
1/Np = 0.000005
c1AL= 0.010846 err_C1= 0.001577
s1AL=-0.010429 err_S1= 0.001585
c2AL=-0.005072 err_C2= 0.001587
s2AL= 0.004893 err_S2= 0.001576
c3AL=-0.004604 err_C3= 0.001585
s3AL= 0.003439 err_S3= 0.001577
c4AL= 0.006858 err_C4= 0.001582
s4AL= 0.000492 err_S4= 0.001580
c5AL=-0.006575 err_C5= 0.001581
s5AL=-0.003859 err_S5= 0.001581
time-reduction: 1.866000e-03 s
1/Np = 0.000005
c1AL= 0.015498 err_C1= 0.001578
s1AL=-0.007730 err_S1= 0.001584
c2AL=-0.004045 err_C2= 0.001587
s2AL= 0.000813 err_S2= 0.001575
c3AL=-0.001971 err_C3= 0.001588
s3AL= 0.004697 err_S3= 0.001574
c4AL= 0.007840 err_C4= 0.001578
s4AL= 0.002689 err_S4= 0.001584
c5AL=-0.004937 err_C5= 0.001581
s5AL=-0.002502 err_S5= 0.001582
time-reduction: 1.846000e-03 s
1/Np = 0.000005
c1AL= 0.019473 err_C1= 0.001578
s1AL=-0.004950 err_S1= 0.001583
c2AL=-0.002897 err_C2= 0.001585
s2AL=-0.002343 err_S2= 0.001577
c3AL=-0.000803 err_C3= 0.001587
s3AL= 0.001668 err_S3= 0.001575
c4AL= 0.005338 err_C4= 0.001579
s4AL=-0.000122 err_S4= 0.001583
c5AL=-0.001329 err_C5= 0.001579
s5AL=-0.004309 err_S5= 0.001583
time-reduction: 1.847000e-03 s
1/Np = 0.000005
c1AL= 0.022617 err_C1= 0.001579
s1AL=-0.002420 err_S1= 0.001582
c2AL=-0.001169 err_C2= 0.001581
s2AL=-0.004117 err_S2= 0.001582
c3AL=-0.002701 err_C3= 0.001587
s3AL=-0.001094 err_S3= 0.001576
c4AL=-0.000498 err_C4= 0.001579
s4AL=-0.003501 err_S4= 0.001584
c5AL=-0.002847 err_C5= 0.001580
s5AL=-0.005594 err_S5= 0.001583
time-reduction: 1.855000e-03 s
1/Np = 0.000005
c1AL= 0.025084 err_C1= 0.001581
s1AL= 0.000407 err_S1= 0.001581
c2AL= 0.000782 err_C2= 0.001581
s2AL=-0.004938 err_S2= 0.001582
c3AL=-0.003326 err_C3= 0.001585
s3AL= 0.001310 err_S3= 0.001577
c4AL=-0.000672 err_C4= 0.001575
s4AL=-0.002090 err_S4= 0.001587
c5AL=-0.006015 err_C5= 0.001579
s5AL=-0.004303 err_S5= 0.001583
time-reduction: 1.836000e-03 s
1/Np = 0.000005
c1AL= 0.025916 err_C1= 0.001583
s1AL= 0.002735 err_S1= 0.001578
c2AL= 0.003689 err_C2= 0.001583
s2AL=-0.004506 err_S2= 0.001579
c3AL= 0.001532 err_C3= 0.001586
s3AL= 0.003635 err_S3= 0.001576
c4AL= 0.002453 err_C4= 0.001576
s4AL= 0.002155 err_S4= 0.001586
c5AL=-0.002625 err_C5= 0.001581
s5AL= 0.000081 err_S5= 0.001581
time-reduction: 1.836000e-03 s
1/Np = 0.000005
c1AL= 0.025593 err_C1= 0.001586
s1AL= 0.004866 err_S1= 0.001575
c2AL= 0.007485 err_C2= 0.001584
s2AL=-0.003429 err_S2= 0.001579
c3AL= 0.005804 err_C3= 0.001585
s3AL= 0.001118 err_S3= 0.001577
c4AL= 0.003182 err_C4= 0.001580
s4AL= 0.004574 err_S4= 0.001582
c5AL= 0.001546 err_C5= 0.001578
s5AL= 0.003942 err_S5= 0.001585
time-reduction: 1.857000e-03 s
1/Np = 0.000005
c1AL= 0.024074 err_C1= 0.001589
s1AL= 0.007476 err_S1= 0.001572
c2AL= 0.011761 err_C2= 0.001582
s2AL=-0.002592 err_S2= 0.001580
c3AL= 0.005173 err_C3= 0.001584
s3AL=-0.001219 err_S3= 0.001579
c4AL= 0.001644 err_C4= 0.001585
s4AL= 0.006417 err_S4= 0.001578
c5AL= 0.005374 err_C5= 0.001578
s5AL= 0.003628 err_S5= 0.001584
time-reduction: 1.839000e-03 s
1/Np = 0.000005
c1AL= 0.022174 err_C1= 0.001591
s1AL= 0.010456 err_S1= 0.001570
c2AL= 0.013348 err_C2= 0.001582
s2AL=-0.003239 err_S2= 0.001580
c3AL= 0.003743 err_C3= 0.001582
s3AL=-0.000068 err_S3= 0.001580
c4AL= 0.000958 err_C4= 0.001584
s4AL= 0.008060 err_S4= 0.001578
c5AL=-0.001897 err_C5= 0.001577
s5AL=-0.000706 err_S5= 0.001585
time-reduction: 1.843000e-03 s
1/Np = 0.000005
c1AL= 0.019343 err_C1= 0.001591
s1AL= 0.013411 err_S1= 0.001571
c2AL= 0.012767 err_C2= 0.001583
s2AL=-0.003732 err_S2= 0.001579
c3AL= 0.004071 err_C3= 0.001580
s3AL=-0.001149 err_S3= 0.001582
c4AL= 0.002108 err_C4= 0.001579
s4AL= 0.006166 err_S4= 0.001583
c5AL=-0.012153 err_C5= 0.001582
s5AL= 0.005263 err_S5= 0.001580
time-reduction: 1.841000e-03 s
1/Np = 0.000005
c1AL= 0.016664 err_C1= 0.001590
s1AL= 0.015997 err_S1= 0.001572
c2AL= 0.011425 err_C2= 0.001579
s2AL=-0.004588 err_S2= 0.001583
c3AL=-0.000027 err_C3= 0.001581
s3AL=-0.002688 err_S3= 0.001581
c4AL=-0.001977 err_C4= 0.001582
s4AL= 0.002230 err_S4= 0.001581
c5AL=-0.011858 err_C5= 0.001580
s5AL= 0.010092 err_S5= 0.001582
time-reduction: 1.829000e-03 s
1/Np = 0.000005
c1AL= 0.014508 err_C1= 0.001589
s1AL= 0.017875 err_S1= 0.001573
c2AL= 0.009932 err_C2= 0.001576
s2AL=-0.004930 err_S2= 0.001586
c3AL=-0.007392 err_C3= 0.001579
s3AL=-0.001926 err_S3= 0.001583
c4AL=-0.006682 err_C4= 0.001583
s4AL= 0.000142 err_S4= 0.001580
c5AL=-0.007098 err_C5= 0.001582
s5AL= 0.008165 err_S5= 0.001580
time-reduction: 1.875000e-03 s
1/Np = 0.000005
c1AL= 0.013718 err_C1= 0.001588
s1AL= 0.019397 err_S1= 0.001573
c2AL= 0.009246 err_C2= 0.001577
s2AL=-0.007209 err_S2= 0.001585
c3AL=-0.011098 err_C3= 0.001579
s3AL= 0.004770 err_S3= 0.001583
c4AL=-0.005303 err_C4= 0.001580
s4AL=-0.001270 err_S4= 0.001582
c5AL=-0.000528 err_C5= 0.001584
s5AL= 0.004708 err_S5= 0.001579

STEP 09

STEP 10
free memory references from device
free memory references from host

STEP 11
operations done by kernel 1: 1.843240e+10
floating point operations per second: 151.030023 GFLOPS
duration: 1.220446e-01 s
operations done by kernel 2: 2.488800e+10
floating point operations per second: 214.368225 GFLOPS
duration: 5.805989 s (cumulated for all Fourier coefficients)
program ended successfully
