
lpa-xrd version: 0.9.5

STEP 01
number of random points for the Monte Carlo method: 200000
number of values taken by the Fourier variable: 50
input data file: /export/home/becht/xrd-test/input/10_rho5e13m-2_square_3200nm_RDD_d5e-5nm-2_screw_S0_PBC1/10.dat
lpa-input version: 1.2.4
density: 5.00e+13 m^-2
direction of 'l' (line vector): 1 1 0 [uvw]
direction of 'L' (Fourier variable): -1 1 0 [uvw]
Burgers vector direction: 1 1 0 [uvw]
normalized line vector: 0.707107 0.707107 0.000000
diffraction vector direction: 2 0 0 (hkl)
normalized diffraction vector: 1.000000 0.000000 0.000000
contrast coefficient: 0.250000
cell parameter: 0.404940 nm
Burgers vector: 0.202470 0.202470 0.000000 nm
Burgers vector screw part norm: 0.286336 nm
Burgers vector screw part: 0.202470 0.202470 0.000000 nm
Burgers vector edge part: 0.000000 0.000000 0.000000 nm
Burgers vector edge part norm: 0.000000 nm
screw dislocations detected
normalized Fourier variable direction: -0.707107 0.707107 0.000000
cross product of l_uni and L_uni: 0.000000 -0.000000 1.000000
|-0.707107  0.707107  0.000000|
| 0.000000 -0.000000  1.000000|
| 0.707107  0.707107  0.000000|
diffraction vector in slip frame: -3.492403 0.000000 3.492403 nm^-1
characteristic size of the region of interest: 3200.000000 nm
square region of interest detected
number of replications: 1
Fourier variable step size: 11.800000 nm
Fourier variable step vector: -8.343860 0.000000 8.343860 nm
Fourier variable step vector projection: -8.343860 0.000000 nm
Poisson's number: 0.345000
number of dislocations in the input file: 512
memory space for positions: 16384 Bytes
memory space for Burgers vectors: 2048 Bytes
total number of dislocations: 4608
memory space for positions and Burgers vectors: 18432 Bytes

STEP 02

STEP 03
memory space for random points positions: 1600000 Bytes

STEP 04
platforms IDs = 1
kernel code size = 7236 Bytes
hardware: 1
 
 Device is  Tesla P100-PCIE-16GB  GPU from  NVIDIA Corporation  with a max of 56 compute units 
work group, work item information
 max loc dim  1024  1024  64 
 Max work group size = 1024
 
 DEVICE_MAX_CONSTANT_ARGS is :  9
 CL_DEVICE_LOCAL_MEM_SIZE: 49152
OpenCL code successfully compiled

STEP 05
allocation host h_r1: 3200000 Bytes
allocation host h_u1: 6400000 Bytes
create input and output device buffers for Kernel 1
kernel 1 globalSize: 200000
kernel 1 localSize: 200
shared_size_kernel1: 6400 Bytes
kernel 1 arguments definition done
recommended workgroup size: 1024

STEP 06

STEP 07
kernel 1 execution time: 122.171 ms

STEP 08
output file: /export/home/becht/xrd-test/10_rho5e13m-2_square_3200nm_RDD_d5e-5nm-2_screw_S0_PBC1_output/10.dat
loop over Fourier coefficients
time-reduction: 1.934000e-03 s
1/Np = 0.000005
c1AL= 0.970069 err_C1= 0.000220
s1AL=-0.010461 err_S1= 0.000496
c2AL= 0.901450 err_C2= 0.000430
s2AL=-0.019130 err_S2= 0.000866
c3AL= 0.807435 err_C3= 0.000650
s3AL=-0.025175 err_S3= 0.001147
c4AL= 0.699140 err_C4= 0.000859
s4AL=-0.028162 err_S4= 0.001347
c5AL= 0.585274 err_C5= 0.001047
s5AL=-0.028157 err_S5= 0.001479
time-reduction: 1.911000e-03 s
1/Np = 0.000005
c1AL= 0.897368 err_C1= 0.000460
s1AL=-0.019089 err_S1= 0.000872
c2AL= 0.695253 err_C2= 0.000873
s2AL=-0.028447 err_S2= 0.001348
c3AL= 0.470339 err_C3= 0.001210
s3AL=-0.026586 err_S3= 0.001558
c4AL= 0.271653 err_C4= 0.001425
s4AL=-0.016230 err_S4= 0.001612
c5AL= 0.122536 err_C5= 0.001530
s5AL=-0.001545 err_S5= 0.001607
time-reduction: 1.914000e-03 s
1/Np = 0.000005
c1AL= 0.797759 err_C1= 0.000696
s1AL=-0.025322 err_S1= 0.001153
c2AL= 0.466572 err_C2= 0.001218
s2AL=-0.026489 err_S2= 0.001557
c3AL= 0.190174 err_C3= 0.001491
s3AL=-0.010022 err_S3= 0.001611
c4AL= 0.029143 err_C4= 0.001567
s4AL= 0.009302 err_S4= 0.001594
c5AL=-0.032316 err_C5= 0.001577
s5AL= 0.018156 err_S5= 0.001583
time-reduction: 1.942000e-03 s
1/Np = 0.000005
c1AL= 0.684172 err_C1= 0.000910
s1AL=-0.028307 err_S1= 0.001352
c2AL= 0.267129 err_C2= 0.001431
s2AL=-0.016908 err_S2= 0.001610
c3AL= 0.030151 err_C3= 0.001567
s3AL= 0.008963 err_S3= 0.001593
c4AL=-0.037624 err_C4= 0.001579
s4AL= 0.016384 err_S4= 0.001581
c5AL=-0.030524 err_C5= 0.001590
s5AL= 0.004380 err_S5= 0.001571
time-reduction: 1.933000e-03 s
1/Np = 0.000005
c1AL= 0.565836 err_C1= 0.001095
s1AL=-0.028465 err_S1= 0.001482
c2AL= 0.120259 err_C2= 0.001533
s2AL=-0.003808 err_S2= 0.001606
c3AL=-0.029932 err_C3= 0.001576
s3AL= 0.015558 err_S3= 0.001584
c4AL=-0.031361 err_C4= 0.001590
s4AL= 0.004334 err_S4= 0.001571
c5AL=-0.012889 err_C5= 0.001583
s5AL=-0.014180 err_S5= 0.001579
time-reduction: 1.934000e-03 s
1/Np = 0.000005
c1AL= 0.450808 err_C1= 0.001248
s1AL=-0.026590 err_S1= 0.001557
c2AL= 0.029403 err_C2= 0.001568
s2AL= 0.006346 err_S2= 0.001593
c3AL=-0.037128 err_C3= 0.001584
s3AL= 0.011367 err_S3= 0.001575
c4AL=-0.015180 err_C4= 0.001585
s4AL=-0.009829 err_S4= 0.001576
c5AL=-0.003880 err_C5= 0.001580
s5AL=-0.013000 err_S5= 0.001582
time-reduction: 1.926000e-03 s
1/Np = 0.000005
c1AL= 0.345693 err_C1= 0.001364
s1AL=-0.022997 err_S1= 0.001594
c2AL=-0.016985 err_C2= 0.001576
s2AL= 0.011869 err_S2= 0.001586
c3AL=-0.025189 err_C3= 0.001590
s3AL= 0.002539 err_S3= 0.001571
c4AL=-0.006027 err_C4= 0.001581
s4AL=-0.015395 err_S4= 0.001581
c5AL= 0.003004 err_C5= 0.001579
s5AL=-0.001364 err_S5= 0.001583
time-reduction: 1.914000e-03 s
1/Np = 0.000005
c1AL= 0.254052 err_C1= 0.001448
s1AL=-0.018914 err_S1= 0.001606
c2AL=-0.032650 err_C2= 0.001579
s2AL= 0.012158 err_S2= 0.001582
c3AL=-0.014948 err_C3= 0.001585
s3AL=-0.008360 err_S3= 0.001577
c4AL=-0.001130 err_C4= 0.001579
s4AL=-0.009462 err_S4= 0.001583
c5AL= 0.011557 err_C5= 0.001578
s5AL=-0.001914 err_S5= 0.001584
time-reduction: 1.936000e-03 s
1/Np = 0.000005
c1AL= 0.177566 err_C1= 0.001504
s1AL=-0.014656 err_S1= 0.001606
c2AL=-0.032137 err_C2= 0.001584
s2AL= 0.008897 err_S2= 0.001576
c3AL=-0.008661 err_C3= 0.001580
s3AL=-0.015252 err_S3= 0.001582
c4AL= 0.006046 err_C4= 0.001576
s4AL=-0.004613 err_S4= 0.001586
c5AL= 0.008585 err_C5= 0.001578
s5AL=-0.008995 err_S5= 0.001584
time-reduction: 1.930000e-03 s
1/Np = 0.000005
c1AL= 0.115843 err_C1= 0.001539
s1AL=-0.010770 err_S1= 0.001602
c2AL=-0.026364 err_C2= 0.001588
s2AL= 0.003112 err_S2= 0.001573
c3AL=-0.003564 err_C3= 0.001580
s3AL=-0.015058 err_S3= 0.001582
c4AL= 0.010437 err_C4= 0.001575
s4AL=-0.006016 err_S4= 0.001587
c5AL= 0.000671 err_C5= 0.001580
s5AL=-0.008905 err_S5= 0.001582
time-reduction: 1.909000e-03 s
1/Np = 0.000005
c1AL= 0.068391 err_C1= 0.001557
s1AL=-0.007898 err_S1= 0.001597
c2AL=-0.020489 err_C2= 0.001587
s2AL=-0.002179 err_S2= 0.001575
c3AL= 0.000898 err_C3= 0.001580
s3AL=-0.010003 err_S3= 0.001582
c4AL= 0.008278 err_C4= 0.001578
s4AL=-0.008317 err_S4= 0.001584
c5AL=-0.001197 err_C5= 0.001578
s5AL=-0.011070 err_S5= 0.001584
time-reduction: 1.917000e-03 s
1/Np = 0.000005
c1AL= 0.033573 err_C1= 0.001567
s1AL=-0.005099 err_S1= 0.001593
c2AL=-0.015210 err_C2= 0.001582
s2AL=-0.007562 err_S2= 0.001580
c3AL= 0.004278 err_C3= 0.001576
s3AL=-0.004347 err_S3= 0.001586
c4AL= 0.001829 err_C4= 0.001580
s4AL=-0.009305 err_S4= 0.001582
c5AL= 0.000584 err_C5= 0.001579
s5AL=-0.010668 err_S5= 0.001583
time-reduction: 1.928000e-03 s
1/Np = 0.000005
c1AL= 0.009657 err_C1= 0.001572
s1AL=-0.002774 err_S1= 0.001590
c2AL=-0.010917 err_C2= 0.001581
s2AL=-0.011552 err_S2= 0.001581
c3AL= 0.007011 err_C3= 0.001577
s3AL=-0.004812 err_S3= 0.001585
c4AL=-0.000240 err_C4= 0.001578
s4AL=-0.010967 err_S4= 0.001584
c5AL= 0.000819 err_C5= 0.001580
s5AL=-0.006123 err_S5= 0.001582
time-reduction: 1.942000e-03 s
1/Np = 0.000005
c1AL=-0.005257 err_C1= 0.001576
s1AL=-0.000083 err_S1= 0.001587
c2AL=-0.007062 err_C2= 0.001583
s2AL=-0.015120 err_S2= 0.001578
c3AL= 0.006862 err_C3= 0.001578
s3AL=-0.009029 err_S3= 0.001584
c4AL= 0.002958 err_C4= 0.001580
s4AL=-0.011572 err_S4= 0.001582
c5AL= 0.000142 err_C5= 0.001585
s5AL=-0.001026 err_S5= 0.001578
time-reduction: 1.926000e-03 s
1/Np = 0.000005
c1AL=-0.013698 err_C1= 0.001579
s1AL= 0.002245 err_S1= 0.001583
c2AL=-0.002865 err_C2= 0.001585
s2AL=-0.016174 err_S2= 0.001576
c3AL= 0.004289 err_C3= 0.001578
s3AL=-0.012351 err_S3= 0.001584
c4AL= 0.005443 err_C4= 0.001579
s4AL=-0.007647 err_S4= 0.001583
c5AL=-0.002109 err_C5= 0.001579
s5AL= 0.000865 err_S5= 0.001583
time-reduction: 1.933000e-03 s
1/Np = 0.000005
c1AL=-0.018628 err_C1= 0.001582
s1AL= 0.004090 err_S1= 0.001580
c2AL= 0.001489 err_C2= 0.001586
s2AL=-0.014217 err_S2= 0.001576
c3AL= 0.003137 err_C3= 0.001578
s3AL=-0.011568 err_S3= 0.001584
c4AL= 0.006629 err_C4= 0.001577
s4AL=-0.006699 err_S4= 0.001585
c5AL=-0.010529 err_C5= 0.001581
s5AL=-0.000120 err_S5= 0.001581
time-reduction: 1.924000e-03 s
1/Np = 0.000005
c1AL=-0.020324 err_C1= 0.001586
s1AL= 0.006477 err_S1= 0.001576
c2AL= 0.006433 err_C2= 0.001585
s2AL=-0.011188 err_S2= 0.001577
c3AL= 0.008622 err_C3= 0.001580
s3AL=-0.011667 err_S3= 0.001582
c4AL= 0.005146 err_C4= 0.001583
s4AL=-0.007934 err_S4= 0.001579
c5AL=-0.010649 err_C5= 0.001576
s5AL= 0.000830 err_S5= 0.001586
time-reduction: 1.915000e-03 s
1/Np = 0.000005
c1AL=-0.019851 err_C1= 0.001588
s1AL= 0.009237 err_S1= 0.001573
c2AL= 0.009842 err_C2= 0.001580
s2AL=-0.008005 err_S2= 0.001582
c3AL= 0.014779 err_C3= 0.001581
s3AL=-0.012458 err_S3= 0.001580
c4AL=-0.001425 err_C4= 0.001580
s4AL=-0.006950 err_S4= 0.001582
c5AL=-0.004892 err_C5= 0.001580
s5AL= 0.007022 err_S5= 0.001582
time-reduction: 1.913000e-03 s
1/Np = 0.000005
c1AL=-0.018272 err_C1= 0.001590
s1AL= 0.012439 err_S1= 0.001571
c2AL= 0.012428 err_C2= 0.001574
s2AL=-0.004270 err_S2= 0.001588
c3AL= 0.016231 err_C3= 0.001581
s3AL=-0.013802 err_S3= 0.001581
c4AL=-0.008492 err_C4= 0.001577
s4AL=-0.000956 err_S4= 0.001585
c5AL= 0.000528 err_C5= 0.001585
s5AL= 0.004280 err_S5= 0.001577
time-reduction: 1.910000e-03 s
1/Np = 0.000005
c1AL=-0.016247 err_C1= 0.001592
s1AL= 0.016412 err_S1= 0.001570
c2AL= 0.013786 err_C2= 0.001572
s2AL=-0.002537 err_S2= 0.001590
c3AL= 0.014100 err_C3= 0.001580
s3AL=-0.012563 err_S3= 0.001582
c4AL=-0.011377 err_C4= 0.001578
s4AL= 0.003833 err_S4= 0.001584
c5AL=-0.003231 err_C5= 0.001583
s5AL=-0.002417 err_S5= 0.001579
time-reduction: 1.922000e-03 s
1/Np = 0.000005
c1AL=-0.014021 err_C1= 0.001591
s1AL= 0.020475 err_S1= 0.001570
c2AL= 0.013364 err_C2= 0.001571
s2AL=-0.000854 err_S2= 0.001591
c3AL= 0.010067 err_C3= 0.001577
s3AL=-0.010241 err_S3= 0.001585
c4AL=-0.012462 err_C4= 0.001578
s4AL= 0.006920 err_S4= 0.001584
c5AL=-0.003504 err_C5= 0.001583
s5AL=-0.008794 err_S5= 0.001579
time-reduction: 1.927000e-03 s
1/Np = 0.000005
c1AL=-0.011177 err_C1= 0.001590
s1AL= 0.024332 err_S1= 0.001571
c2AL= 0.011908 err_C2= 0.001574
s2AL= 0.001556 err_S2= 0.001588
c3AL= 0.003654 err_C3= 0.001580
s3AL=-0.010918 err_S3= 0.001582
c4AL=-0.008777 err_C4= 0.001577
s4AL= 0.006857 err_S4= 0.001585
c5AL=-0.000854 err_C5= 0.001579
s5AL=-0.009815 err_S5= 0.001583
time-reduction: 1.913000e-03 s
1/Np = 0.000005
c1AL=-0.008147 err_C1= 0.001589
s1AL= 0.027464 err_S1= 0.001572
c2AL= 0.010105 err_C2= 0.001578
s2AL= 0.003198 err_S2= 0.001584
c3AL=-0.001699 err_C3= 0.001586
s3AL=-0.012841 err_S3= 0.001576
c4AL=-0.003619 err_C4= 0.001580
s4AL= 0.004692 err_S4= 0.001582
c5AL=-0.002338 err_C5= 0.001579
s5AL=-0.004912 err_S5= 0.001584
time-reduction: 1.918000e-03 s
1/Np = 0.000005
c1AL=-0.003407 err_C1= 0.001589
s1AL= 0.029542 err_S1= 0.001572
c2AL= 0.010125 err_C2= 0.001582
s2AL= 0.002691 err_S2= 0.001580
c3AL=-0.003044 err_C3= 0.001587
s3AL=-0.011962 err_S3= 0.001575
c4AL= 0.001774 err_C4= 0.001584
s4AL= 0.002330 err_S4= 0.001578
c5AL=-0.006847 err_C5= 0.001579
s5AL= 0.001037 err_S5= 0.001583
time-reduction: 1.926000e-03 s
1/Np = 0.000005
c1AL= 0.002374 err_C1= 0.001591
s1AL= 0.030100 err_S1= 0.001570
c2AL= 0.012486 err_C2= 0.001586
s2AL= 0.000817 err_S2= 0.001576
c3AL=-0.001953 err_C3= 0.001582
s3AL=-0.008840 err_S3= 0.001580
c4AL= 0.006302 err_C4= 0.001580
s4AL=-0.001977 err_S4= 0.001582
c5AL=-0.007229 err_C5= 0.001580
s5AL= 0.004362 err_S5= 0.001582
time-reduction: 1.946000e-03 s
1/Np = 0.000005
c1AL= 0.008461 err_C1= 0.001594
s1AL= 0.029186 err_S1= 0.001567
c2AL= 0.016361 err_C2= 0.001587
s2AL=-0.001025 err_S2= 0.001575
c3AL=-0.000899 err_C3= 0.001578
s3AL=-0.004946 err_S3= 0.001584
c4AL= 0.007923 err_C4= 0.001578
s4AL=-0.005705 err_S4= 0.001584
c5AL=-0.004771 err_C5= 0.001576
s5AL= 0.007577 err_S5= 0.001586
time-reduction: 1.928000e-03 s
1/Np = 0.000005
c1AL= 0.013670 err_C1= 0.001597
s1AL= 0.026410 err_S1= 0.001564
c2AL= 0.019923 err_C2= 0.001586
s2AL=-0.003582 err_S2= 0.001575
c3AL=-0.002285 err_C3= 0.001578
s3AL=-0.001585 err_S3= 0.001584
c4AL= 0.007450 err_C4= 0.001577
s4AL=-0.007102 err_S4= 0.001585
c5AL=-0.001385 err_C5= 0.001577
s5AL= 0.006686 err_S5= 0.001585
time-reduction: 1.912000e-03 s
1/Np = 0.000005
c1AL= 0.017896 err_C1= 0.001598
s1AL= 0.022432 err_S1= 0.001563
c2AL= 0.021536 err_C2= 0.001584
s2AL=-0.006279 err_S2= 0.001577
c3AL=-0.004881 err_C3= 0.001581
s3AL= 0.001084 err_S3= 0.001582
c4AL= 0.005170 err_C4= 0.001579
s4AL=-0.007016 err_S4= 0.001583
c5AL= 0.001705 err_C5= 0.001580
s5AL=-0.000340 err_S5= 0.001582
time-reduction: 1.915000e-03 s
1/Np = 0.000005
c1AL= 0.020984 err_C1= 0.001597
s1AL= 0.016827 err_S1= 0.001564
c2AL= 0.021235 err_C2= 0.001582
s2AL=-0.008924 err_S2= 0.001580
c3AL=-0.005977 err_C3= 0.001582
s3AL= 0.004433 err_S3= 0.001580
c4AL= 0.001365 err_C4= 0.001584
s4AL=-0.003035 err_S4= 0.001578
c5AL= 0.006195 err_C5= 0.001579
s5AL=-0.006398 err_S5= 0.001583
time-reduction: 1.932000e-03 s
1/Np = 0.000005
c1AL= 0.023425 err_C1= 0.001596
s1AL= 0.010179 err_S1= 0.001566
c2AL= 0.019463 err_C2= 0.001579
s2AL=-0.011697 err_S2= 0.001583
c3AL=-0.003318 err_C3= 0.001581
s3AL= 0.006384 err_S3= 0.001581
c4AL=-0.002246 err_C4= 0.001581
s4AL=-0.000062 err_S4= 0.001581
c5AL= 0.005080 err_C5= 0.001580
s5AL=-0.002963 err_S5= 0.001582
time-reduction: 1.925000e-03 s
1/Np = 0.000005
c1AL= 0.024543 err_C1= 0.001592
s1AL= 0.003551 err_S1= 0.001569
c2AL= 0.015536 err_C2= 0.001577
s2AL=-0.014346 err_S2= 0.001585
c3AL= 0.000904 err_C3= 0.001578
s3AL= 0.004487 err_S3= 0.001584
c4AL=-0.005350 err_C4= 0.001582
s4AL= 0.002930 err_S4= 0.001580
c5AL= 0.001757 err_C5= 0.001581
s5AL= 0.002108 err_S5= 0.001581
time-reduction: 1.945000e-03 s
1/Np = 0.000005
c1AL= 0.024618 err_C1= 0.001589
s1AL=-0.002680 err_S1= 0.001572
c2AL= 0.011305 err_C2= 0.001575
s2AL=-0.015959 err_S2= 0.001587
c3AL= 0.004721 err_C3= 0.001581
s3AL=-0.000195 err_S3= 0.001581
c4AL=-0.008119 err_C4= 0.001583
s4AL= 0.004958 err_S4= 0.001579
c5AL= 0.000361 err_C5= 0.001578
s5AL= 0.004487 err_S5= 0.001584
time-reduction: 1.919000e-03 s
1/Np = 0.000005
c1AL= 0.023196 err_C1= 0.001586
s1AL=-0.008118 err_S1= 0.001575
c2AL= 0.007355 err_C2= 0.001573
s2AL=-0.016218 err_S2= 0.001589
c3AL= 0.010401 err_C3= 0.001587
s3AL=-0.005396 err_S3= 0.001575
c4AL=-0.010092 err_C4= 0.001582
s4AL= 0.004395 err_S4= 0.001580
c5AL=-0.001497 err_C5= 0.001581
s5AL= 0.002790 err_S5= 0.001581
time-reduction: 1.934000e-03 s
1/Np = 0.000005
c1AL= 0.021594 err_C1= 0.001582
s1AL=-0.012644 err_S1= 0.001579
c2AL= 0.002260 err_C2= 0.001571
s2AL=-0.015238 err_S2= 0.001591
c3AL= 0.016607 err_C3= 0.001583
s3AL=-0.009038 err_S3= 0.001578
c4AL=-0.012864 err_C4= 0.001579
s4AL= 0.001135 err_S4= 0.001583
c5AL=-0.003554 err_C5= 0.001579
s5AL= 0.003883 err_S5= 0.001583
time-reduction: 1.943000e-03 s
1/Np = 0.000005
c1AL= 0.019359 err_C1= 0.001578
s1AL=-0.016218 err_S1= 0.001584
c2AL=-0.003673 err_C2= 0.001568
s2AL=-0.015106 err_S2= 0.001594
c3AL= 0.021031 err_C3= 0.001579
s3AL=-0.011491 err_S3= 0.001582
c4AL=-0.016586 err_C4= 0.001577
s4AL=-0.003312 err_S4= 0.001585
c5AL=-0.003015 err_C5= 0.001580
s5AL= 0.003908 err_S5= 0.001583
time-reduction: 1.934000e-03 s
1/Np = 0.000005
c1AL= 0.017433 err_C1= 0.001573
s1AL=-0.019188 err_S1= 0.001588
c2AL=-0.009749 err_C2= 0.001570
s2AL=-0.014968 err_S2= 0.001591
c3AL= 0.021239 err_C3= 0.001582
s3AL=-0.009511 err_S3= 0.001579
c4AL=-0.013429 err_C4= 0.001578
s4AL=-0.002896 err_S4= 0.001584
c5AL=-0.003636 err_C5= 0.001580
s5AL= 0.002702 err_S5= 0.001582
time-reduction: 1.923000e-03 s
1/Np = 0.000005
c1AL= 0.016262 err_C1= 0.001570
s1AL=-0.021793 err_S1= 0.001591
c2AL=-0.014046 err_C2= 0.001581
s2AL=-0.014842 err_S2= 0.001581
c3AL= 0.017675 err_C3= 0.001580
s3AL=-0.003586 err_S3= 0.001582
c4AL=-0.000323 err_C4= 0.001578
s4AL=-0.001010 err_S4= 0.001584
c5AL=-0.002842 err_C5= 0.001580
s5AL=-0.001741 err_S5= 0.001583
time-reduction: 1.924000e-03 s
1/Np = 0.000005
c1AL= 0.016051 err_C1= 0.001568
s1AL=-0.023788 err_S1= 0.001593
c2AL=-0.015903 err_C2= 0.001588
s2AL=-0.013503 err_S2= 0.001574
c3AL= 0.014272 err_C3= 0.001578
s3AL= 0.004634 err_S3= 0.001583
c4AL= 0.008916 err_C4= 0.001580
s4AL= 0.000162 err_S4= 0.001582
c5AL=-0.003431 err_C5= 0.001583
s5AL= 0.000039 err_S5= 0.001579
time-reduction: 1.917000e-03 s
1/Np = 0.000005
c1AL= 0.016696 err_C1= 0.001569
s1AL=-0.025394 err_S1= 0.001592
c2AL=-0.014589 err_C2= 0.001590
s2AL=-0.010113 err_S2= 0.001572
c3AL= 0.011194 err_C3= 0.001578
s3AL= 0.008994 err_S3= 0.001584
c4AL= 0.011615 err_C4= 0.001577
s4AL=-0.001009 err_S4= 0.001586
c5AL=-0.001849 err_C5= 0.001582
s5AL= 0.001439 err_S5= 0.001580
time-reduction: 1.935000e-03 s
1/Np = 0.000005
c1AL= 0.018348 err_C1= 0.001572
s1AL=-0.026298 err_S1= 0.001589
c2AL=-0.010918 err_C2= 0.001586
s2AL=-0.005197 err_S2= 0.001576
c3AL= 0.007687 err_C3= 0.001583
s3AL= 0.007652 err_S3= 0.001579
c4AL= 0.006808 err_C4= 0.001574
s4AL=-0.004948 err_S4= 0.001588
c5AL= 0.001496 err_C5= 0.001583
s5AL= 0.002795 err_S5= 0.001579
time-reduction: 1.923000e-03 s
1/Np = 0.000005
c1AL= 0.020814 err_C1= 0.001575
s1AL=-0.025921 err_S1= 0.001586
c2AL=-0.007024 err_C2= 0.001583
s2AL= 0.000935 err_S2= 0.001580
c3AL= 0.003372 err_C3= 0.001587
s3AL= 0.001638 err_S3= 0.001575
c4AL= 0.001926 err_C4= 0.001580
s4AL=-0.005281 err_S4= 0.001582
c5AL= 0.004357 err_C5= 0.001584
s5AL=-0.000374 err_S5= 0.001578
time-reduction: 1.930000e-03 s
1/Np = 0.000005
c1AL= 0.024105 err_C1= 0.001579
s1AL=-0.025557 err_S1= 0.001581
c2AL=-0.001156 err_C2= 0.001580
s2AL= 0.006748 err_S2= 0.001582
c3AL=-0.000556 err_C3= 0.001583
s3AL=-0.004681 err_S3= 0.001579
c4AL=-0.000817 err_C4= 0.001582
s4AL=-0.000217 err_S4= 0.001580
c5AL= 0.003614 err_C5= 0.001582
s5AL= 0.001023 err_S5= 0.001580
time-reduction: 1.928000e-03 s
1/Np = 0.000005
c1AL= 0.027174 err_C1= 0.001585
s1AL=-0.025144 err_S1= 0.001575
c2AL= 0.006221 err_C2= 0.001581
s2AL= 0.011217 err_S2= 0.001581
c3AL=-0.005310 err_C3= 0.001578
s3AL=-0.007957 err_S3= 0.001584
c4AL= 0.000080 err_C4= 0.001581
s4AL= 0.005778 err_S4= 0.001581
c5AL= 0.000919 err_C5= 0.001584
s5AL= 0.004568 err_S5= 0.001578
time-reduction: 1.934000e-03 s
1/Np = 0.000005
c1AL= 0.030260 err_C1= 0.001591
s1AL=-0.024832 err_S1= 0.001569
c2AL= 0.014447 err_C2= 0.001582
s2AL= 0.013478 err_S2= 0.001579
c3AL=-0.008647 err_C3= 0.001581
s3AL=-0.007826 err_S3= 0.001581
c4AL= 0.001751 err_C4= 0.001579
s4AL= 0.010037 err_S4= 0.001583
c5AL= 0.001998 err_C5= 0.001581
s5AL=-0.002391 err_S5= 0.001581
time-reduction: 1.922000e-03 s
1/Np = 0.000005
c1AL= 0.032083 err_C1= 0.001597
s1AL=-0.024618 err_S1= 0.001562
c2AL= 0.022488 err_C2= 0.001582
s2AL= 0.012473 err_S2= 0.001579
c3AL=-0.010528 err_C3= 0.001581
s3AL=-0.005343 err_S3= 0.001581
c4AL= 0.002474 err_C4= 0.001581
s4AL= 0.009901 err_S4= 0.001581
c5AL= 0.001835 err_C5= 0.001581
s5AL=-0.009646 err_S5= 0.001581
time-reduction: 1.924000e-03 s
1/Np = 0.000005
c1AL= 0.033092 err_C1= 0.001602
s1AL=-0.023770 err_S1= 0.001557
c2AL= 0.029007 err_C2= 0.001581
s2AL= 0.009353 err_S2= 0.001580
c3AL=-0.010377 err_C3= 0.001582
s3AL=-0.002169 err_S3= 0.001580
c4AL= 0.001500 err_C4= 0.001583
s4AL= 0.007008 err_S4= 0.001580
c5AL= 0.000708 err_C5= 0.001584
s5AL=-0.011078 err_S5= 0.001578
time-reduction: 1.938000e-03 s
1/Np = 0.000005
c1AL= 0.032406 err_C1= 0.001605
s1AL=-0.021912 err_S1= 0.001554
c2AL= 0.032867 err_C2= 0.001580
s2AL= 0.004712 err_S2= 0.001580
c3AL=-0.006905 err_C3= 0.001581
s3AL=-0.000132 err_S3= 0.001581
c4AL= 0.001202 err_C4= 0.001582
s4AL= 0.001187 err_S4= 0.001581
c5AL= 0.000519 err_C5= 0.001583
s5AL=-0.008121 err_S5= 0.001579
time-reduction: 1.916000e-03 s
1/Np = 0.000005
c1AL= 0.031339 err_C1= 0.001606
s1AL=-0.019985 err_S1= 0.001554
c2AL= 0.033653 err_C2= 0.001581
s2AL=-0.001056 err_S2= 0.001579
c3AL=-0.002673 err_C3= 0.001582
s3AL=-0.000327 err_S3= 0.001580
c4AL= 0.002539 err_C4= 0.001581
s4AL=-0.004619 err_S4= 0.001581
c5AL= 0.005133 err_C5= 0.001580
s5AL=-0.000556 err_S5= 0.001582
time-reduction: 1.924000e-03 s
1/Np = 0.000005
c1AL= 0.028565 err_C1= 0.001604
s1AL=-0.018533 err_S1= 0.001556
c2AL= 0.030391 err_C2= 0.001581
s2AL=-0.007025 err_S2= 0.001580
c3AL= 0.001148 err_C3= 0.001581
s3AL=-0.001679 err_S3= 0.001581
c4AL= 0.001644 err_C4= 0.001583
s4AL=-0.003372 err_S4= 0.001580
c5AL= 0.004853 err_C5= 0.001580
s5AL=-0.000256 err_S5= 0.001582
time-reduction: 1.917000e-03 s
1/Np = 0.000005
c1AL= 0.025734 err_C1= 0.001599
s1AL=-0.017144 err_S1= 0.001561
c2AL= 0.024517 err_C2= 0.001580
s2AL=-0.012237 err_S2= 0.001581
c3AL= 0.002066 err_C3= 0.001580
s3AL=-0.000745 err_S3= 0.001582
c4AL=-0.000480 err_C4= 0.001582
s4AL= 0.000665 err_S4= 0.001580
c5AL=-0.001269 err_C5= 0.001582
s5AL=-0.002043 err_S5= 0.001580

STEP 09

STEP 10
free memory references from device
free memory references from host

STEP 11
operations done by kernel 1: 1.843240e+10
floating point operations per second: 150.874240 GFLOPS
duration: 1.221706e-01 s
operations done by kernel 2: 2.488800e+10
floating point operations per second: 213.983325 GFLOPS
duration: 5.813085 s (cumulated for all Fourier coefficients)
program ended successfully
