lpa-xrd version: 1.0.0
STEP 1: load input data file
number of random points for the Monte Carlo method: 200000
number of values taken by the Fourier variable: 50
input data file: /export/home/becht/lpa-xrd/input/rho49985e9m-2_circle_1600nm_RDD_d5e-5nm-2_screw_ISD_S0.dat
lpa-input version: 1.2.9
density: 5.00e+13 m^-2
direction of 'l' (line vector): 1 1 0 [uvw]
direction of 'L' (Fourier variable): -1 1 0 [uvw]
Burgers vector direction: 1 1 0 [uvw]
normalized line vector: 0.707107 0.707107 0.000000
diffraction vector direction: 2 0 0 (hkl)
normalized diffraction vector: 1.000000 0.000000 0.000000
contrast coefficient: 0.250000
cell parameter: 0.404600 nm
Burgers vector: 0.202300 0.202300 0.000000 nm
Burgers vector screw part norm: 0.286095 nm
Burgers vector screw part: 0.202300 0.202300 0.000000 nm
Burgers vector edge part: 0.000000 0.000000 0.000000 nm
Burgers vector edge part norm: 0.000000 nm
screw dislocations detected
normalized Fourier variable direction: -0.707107 0.707107 0.000000
cross product of l_uni and L_uni: 0.000000 -0.000000 1.000000
|-0.707107  0.707107  0.000000|
| 0.000000 -0.000000  1.000000|
| 0.707107  0.707107  0.000000|
diffraction vector in slip frame: -3.495338 0.000000 3.495338 nm^-1
characteristic size of the region of interest: 1600.000000 nm
circular region of interest detected
Fourier variable step size: 5.000000 nm
Fourier variable step vector: -3.535534 0.000000 3.535534 nm
Fourier variable step vector projection: -3.535534 0.000000 nm
Poisson's number: 0.345000
number of dislocations in the input file: 804
total number of dislocations: 804
memory space for positions and Burgers vectors: 25728 bytes
STEP 2: generate random points
memory space for random points positions: 1600000 bytes
STEP 3: define opencl accelerator
number of OpenCL platforms available: 1
memory space for OpenCL code: 9526 bytes
hardware choosen: 1
device: Tesla P100-PCIE-16GB
GPU from: NVIDIA Corporation
max compute units: 56
max local dim: 1024 1024 64
max work group size: 1024
DEVICE_MAX_CONSTANT_ARGS: 9
CL_DEVICE_LOCAL_MEM_SIZE: 49152
OpenCL code successfully compiled
STEP 4: create kernel 1
kernel 1 global size: 200000
kernel 1 local size: 64
memory space h_r1: 8 bytes
memory space h_u1: 8 bytes
create input and output device buffers for Kernel 1
shared_size_kernel1: 2048 bytes
kernel 1 arguments definition done
recommended workgroup size: 1024
STEP 5: create kernel 2
kernel 2 local size: 64
kernel 2 global size: 200000
STEP 6: get kernel 1 results
STEP 7: get kernel 2 results
loop over Fourier coefficients
STEP 8: export output data file
output file: /export/home/becht/lpa-xrd/rho49985e9m-2_circle_1600nm_RDD_d5e-5nm-2_screw_ISD_S0_output.dat
free memory references from device
free memory references from host
STEP 9: compute GPU performance
operations done by kernel 1: 3.216400e+09
floating point operations per second: 117.886632 GFLOPS
duration: 2.728384e-02 s
operations done by kernel 2: 4.346400e+09
floating point operations per second: 159.453824 GFLOPS
duration: 1.349111 s (cumulated for all Fourier coefficients)
program ended successfully
